Archive member included to satisfy reference by file (symbol)

/home/hillary/.local/share/stm32cube/bundles/gnu-tools-for-stm32/13.3.1+st.9/bin/../lib/gcc/arm-none-eabi/13.3.1/../../../../arm-none-eabi/lib/thumb/v7-m/nofp/libc_nano.a(libc_a-exit.o)
                              /home/hillary/.local/share/stm32cube/bundles/gnu-tools-for-stm32/13.3.1+st.9/bin/../lib/gcc/arm-none-eabi/13.3.1/../../../../arm-none-eabi/lib/thumb/v7-m/nofp/crt0.o (exit)
/home/hillary/.local/share/stm32cube/bundles/gnu-tools-for-stm32/13.3.1+st.9/bin/../lib/gcc/arm-none-eabi/13.3.1/../../../../arm-none-eabi/lib/thumb/v7-m/nofp/libc_nano.a(libc_a-findfp.o)
                              /home/hillary/.local/share/stm32cube/bundles/gnu-tools-for-stm32/13.3.1+st.9/bin/../lib/gcc/arm-none-eabi/13.3.1/../../../../arm-none-eabi/lib/thumb/v7-m/nofp/libc_nano.a(libc_a-exit.o) (__stdio_exit_handler)
/home/hillary/.local/share/stm32cube/bundles/gnu-tools-for-stm32/13.3.1+st.9/bin/../lib/gcc/arm-none-eabi/13.3.1/../../../../arm-none-eabi/lib/thumb/v7-m/nofp/libc_nano.a(libc_a-fwalk.o)
                              /home/hillary/.local/share/stm32cube/bundles/gnu-tools-for-stm32/13.3.1+st.9/bin/../lib/gcc/arm-none-eabi/13.3.1/../../../../arm-none-eabi/lib/thumb/v7-m/nofp/libc_nano.a(libc_a-findfp.o) (_fwalk_sglue)
/home/hillary/.local/share/stm32cube/bundles/gnu-tools-for-stm32/13.3.1+st.9/bin/../lib/gcc/arm-none-eabi/13.3.1/../../../../arm-none-eabi/lib/thumb/v7-m/nofp/libc_nano.a(libc_a-stdio.o)
                              /home/hillary/.local/share/stm32cube/bundles/gnu-tools-for-stm32/13.3.1+st.9/bin/../lib/gcc/arm-none-eabi/13.3.1/../../../../arm-none-eabi/lib/thumb/v7-m/nofp/libc_nano.a(libc_a-findfp.o) (__sread)
/home/hillary/.local/share/stm32cube/bundles/gnu-tools-for-stm32/13.3.1+st.9/bin/../lib/gcc/arm-none-eabi/13.3.1/../../../../arm-none-eabi/lib/thumb/v7-m/nofp/libc_nano.a(libc_a-memset.o)
                              /home/hillary/.local/share/stm32cube/bundles/gnu-tools-for-stm32/13.3.1+st.9/bin/../lib/gcc/arm-none-eabi/13.3.1/../../../../arm-none-eabi/lib/thumb/v7-m/nofp/crt0.o (memset)
/home/hillary/.local/share/stm32cube/bundles/gnu-tools-for-stm32/13.3.1+st.9/bin/../lib/gcc/arm-none-eabi/13.3.1/../../../../arm-none-eabi/lib/thumb/v7-m/nofp/libc_nano.a(libc_a-closer.o)
                              /home/hillary/.local/share/stm32cube/bundles/gnu-tools-for-stm32/13.3.1+st.9/bin/../lib/gcc/arm-none-eabi/13.3.1/../../../../arm-none-eabi/lib/thumb/v7-m/nofp/libc_nano.a(libc_a-stdio.o) (_close_r)
/home/hillary/.local/share/stm32cube/bundles/gnu-tools-for-stm32/13.3.1+st.9/bin/../lib/gcc/arm-none-eabi/13.3.1/../../../../arm-none-eabi/lib/thumb/v7-m/nofp/libc_nano.a(libc_a-reent.o)
                              /home/hillary/.local/share/stm32cube/bundles/gnu-tools-for-stm32/13.3.1+st.9/bin/../lib/gcc/arm-none-eabi/13.3.1/../../../../arm-none-eabi/lib/thumb/v7-m/nofp/libc_nano.a(libc_a-closer.o) (errno)
/home/hillary/.local/share/stm32cube/bundles/gnu-tools-for-stm32/13.3.1+st.9/bin/../lib/gcc/arm-none-eabi/13.3.1/../../../../arm-none-eabi/lib/thumb/v7-m/nofp/libc_nano.a(libc_a-impure.o)
                              /home/hillary/.local/share/stm32cube/bundles/gnu-tools-for-stm32/13.3.1+st.9/bin/../lib/gcc/arm-none-eabi/13.3.1/../../../../arm-none-eabi/lib/thumb/v7-m/nofp/libc_nano.a(libc_a-reent.o) (_impure_ptr)
/home/hillary/.local/share/stm32cube/bundles/gnu-tools-for-stm32/13.3.1+st.9/bin/../lib/gcc/arm-none-eabi/13.3.1/../../../../arm-none-eabi/lib/thumb/v7-m/nofp/libc_nano.a(libc_a-lseekr.o)
                              /home/hillary/.local/share/stm32cube/bundles/gnu-tools-for-stm32/13.3.1+st.9/bin/../lib/gcc/arm-none-eabi/13.3.1/../../../../arm-none-eabi/lib/thumb/v7-m/nofp/libc_nano.a(libc_a-stdio.o) (_lseek_r)
/home/hillary/.local/share/stm32cube/bundles/gnu-tools-for-stm32/13.3.1+st.9/bin/../lib/gcc/arm-none-eabi/13.3.1/../../../../arm-none-eabi/lib/thumb/v7-m/nofp/libc_nano.a(libc_a-readr.o)
                              /home/hillary/.local/share/stm32cube/bundles/gnu-tools-for-stm32/13.3.1+st.9/bin/../lib/gcc/arm-none-eabi/13.3.1/../../../../arm-none-eabi/lib/thumb/v7-m/nofp/libc_nano.a(libc_a-stdio.o) (_read_r)
/home/hillary/.local/share/stm32cube/bundles/gnu-tools-for-stm32/13.3.1+st.9/bin/../lib/gcc/arm-none-eabi/13.3.1/../../../../arm-none-eabi/lib/thumb/v7-m/nofp/libc_nano.a(libc_a-writer.o)
                              /home/hillary/.local/share/stm32cube/bundles/gnu-tools-for-stm32/13.3.1+st.9/bin/../lib/gcc/arm-none-eabi/13.3.1/../../../../arm-none-eabi/lib/thumb/v7-m/nofp/libc_nano.a(libc_a-stdio.o) (_write_r)
/home/hillary/.local/share/stm32cube/bundles/gnu-tools-for-stm32/13.3.1+st.9/bin/../lib/gcc/arm-none-eabi/13.3.1/../../../../arm-none-eabi/lib/thumb/v7-m/nofp/libc_nano.a(libc_a-init.o)
[...]
Memory Configuration

Name             Origin             Length             Attributes
RAM              0x20000000         0x00005000         xrw
FLASH            0x08000000         0x00010000         xr
*default*        0x00000000         0xffffffff

Linker script and memory map

LOAD /home/hillary/.local/share/stm32cube/bundles/gnu-tools-for-stm32/13.3.1+st.9/bin/../lib/gcc/arm-none-eabi/13.3.1/thumb/v7-m/nofp/crti.o
LOAD /home/hillary/.local/share/stm32cube/bundles/gnu-tools-for-stm32/13.3.1+st.9/bin/../lib/gcc/arm-none-eabi/13.3.1/thumb/v7-m/nofp/crtbegin.o
LOAD /home/hillary/.local/share/stm32cube/bundles/gnu-tools-for-stm32/13.3.1+st.9/bin/../lib/gcc/arm-none-eabi/13.3.1/../../../../arm-none-eabi/lib/thumb/v7-m/nofp/crt0.o
START GROUP
LOAD /home/hillary/.local/share/stm32cube/bundles/gnu-tools-for-stm32/13.3.1+st.9/bin/../lib/gcc/arm-none-eabi/13.3.1/../../../../arm-none-eabi/lib/thumb/v7-m/nofp/libc_nano.a
LOAD /home/hillary/.local/share/stm32cube/bundles/gnu-tools-for-stm32/13.3.1+st.9/bin/../lib/gcc/arm-none-eabi/13.3.1/../../../../arm-none-eabi/lib/thumb/v7-m/nofp/libm.a
END GROUP
LOAD CMakeFiles/azrael_freeRTOS.dir/Startup/startup_stm32f103c8tx.s.obj
LOAD CMakeFiles/azrael_freeRTOS.dir/Sources/main.c.obj
LOAD CMakeFiles/azrael_freeRTOS.dir/Sources/syscalls.c.obj
LOAD CMakeFiles/azrael_freeRTOS.dir/Sources/sysmem.c.obj
LOAD CMakeFiles/azrael_freeRTOS.dir/Drivers/FreeRTOS/tasks.c.obj
LOAD CMakeFiles/azrael_freeRTOS.dir/Drivers/FreeRTOS/queue.c.obj
LOAD CMakeFiles/azrael_freeRTOS.dir/Drivers/FreeRTOS/list.c.obj
LOAD CMakeFiles/azrael_freeRTOS.dir/Drivers/FreeRTOS/event_groups.c.obj
LOAD CMakeFiles/azrael_freeRTOS.dir/Drivers/FreeRTOS/stream_buffer.c.obj
LOAD CMakeFiles/azrael_freeRTOS.dir/Drivers/FreeRTOS/timers.c.obj
LOAD CMakeFiles/azrael_freeRTOS.dir/Drivers/FreeRTOS/portable/MemMang/heap_4.c.obj
LOAD CMakeFiles/azrael_freeRTOS.dir/Drivers/FreeRTOS/portable/GCC/ARM_CM3/port.c.obj
LOAD CMakeFiles/azrael_freeRTOS.dir/Drivers/ST7735/st7735/st7735.c.obj
LOAD CMakeFiles/azrael_freeRTOS.dir/Drivers/ST7735/st7735/fonts.c.obj
LOAD CMakeFiles/azrael_freeRTOS.dir/Sources/gpio.c.obj
LOAD CMakeFiles/azrael_freeRTOS.dir/Sources/spi.c.obj
LOAD CMakeFiles/azrael_freeRTOS.dir/Sources/display.c.obj
START GROUP
LOAD /home/hillary/.local/share/stm32cube/bundles/gnu-tools-for-stm32/13.3.1+st.9/bin/../lib/gcc/arm-none-eabi/13.3.1/thumb/v7-m/nofp/libgcc.a
LOAD /home/hillary/.local/share/stm32cube/bundles/gnu-tools-for-stm32/13.3.1+st.9/bin/../lib/gcc/arm-none-eabi/13.3.1/../../../../arm-none-eabi/lib/thumb/v7-m/nofp/libg_nano.a
LOAD /home/hillary/.local/share/stm32cube/bundles/gnu-tools-for-stm32/13.3.1+st.9/bin/../lib/gcc/arm-none-eabi/13.3.1/../../../../arm-none-eabi/lib/thumb/v7-m/nofp/libc_nano.a
END GROUP
START GROUP
LOAD /home/hillary/.local/share/stm32cube/bundles/gnu-tools-for-stm32/13.3.1+st.9/bin/../lib/gcc/arm-none-eabi/13.3.1/thumb/v7-m/nofp/libgcc.a
LOAD /home/hillary/.local/share/stm32cube/bundles/gnu-tools-for-stm32/13.3.1+st.9/bin/../lib/gcc/arm-none-eabi/13.3.1/../../../../arm-none-eabi/lib/thumb/v7-m/nofp/libc_nano.a
LOAD /home/hillary/.local/share/stm32cube/bundles/gnu-tools-for-stm32/13.3.1+st.9/bin/../lib/gcc/arm-none-eabi/13.3.1/../../../../arm-none-eabi/lib/thumb/v7-m/nofp/libnosys.a
END GROUP
START GROUP
LOAD /home/hillary/.local/share/stm32cube/bundles/gnu-tools-for-stm32/13.3.1+st.9/bin/../lib/gcc/arm-none-eabi/13.3.1/thumb/v7-m/nofp/libgcc.a
LOAD /home/hillary/.local/share/stm32cube/bundles/gnu-tools-for-stm32/13.3.1+st.9/bin/../lib/gcc/arm-none-eabi/13.3.1/../../../../arm-none-eabi/lib/thumb/v7-m/nofp/libc_nano.a
LOAD /home/hillary/.local/share/stm32cube/bundles/gnu-tools-for-stm32/13.3.1+st.9/bin/../lib/gcc/arm-none-eabi/13.3.1/../../../../arm-none-eabi/lib/thumb/v7-m/nofp/libnosys.a
END GROUP
LOAD /home/hillary/.local/share/stm32cube/bundles/gnu-tools-for-stm32/13.3.1+st.9/bin/../lib/gcc/arm-none-eabi/13.3.1/thumb/v7-m/nofp/crtend.o
LOAD /home/hillary/.local/share/stm32cube/bundles/gnu-tools-for-stm32/13.3.1+st.9/bin/../lib/gcc/arm-none-eabi/13.3.1/thumb/v7-m/nofp/crtn.o
                0x20005000                        _estack = (ORIGIN (RAM) + LENGTH (RAM))
                0x00000200                        _Min_Heap_Size = 0x200
                0x00000400                        _Min_Stack_Size = 0x400

.isr_vector     0x08000000      0x130
                0x08000000                        . = ALIGN (0x4)
 *(.isr_vector)
 .isr_vector    0x08000000      0x130 CMakeFiles/azrael_freeRTOS.dir/Startup/startup_stm32f103c8tx.s.obj
                0x08000000                g_pfnVectors
                0x08000130                        . = ALIGN (0x4)

.text           0x08000130     0x79a8
                0x08000130                        . = ALIGN (0x4)
 *(.text)
 .text          0x08000130       0x40 /home/hillary/.local/share/stm32cube/bundles/gnu-tools-for-stm32/13.3.1+st.9/bin/../lib/gcc/arm-none-eabi/13.3.1/thumb/v7-m/nofp/crtbegin.o
 .text          0x08000170      0x4e4 CMakeFiles/azrael_freeRTOS.dir/Sources/main.c.obj
                0x08000170                delay_ms
                0x080001a4                error_handler
                0x08000220                main
                0x08000330                vHomeTask
                0x08000510                vDisplayTask
                0x080005b0                vApplicationStackOverflowHook
                0x080005de                EXTI15_10_IRQHandler
 .text          0x08000654       0x6c CMakeFiles/azrael_freeRTOS.dir/Sources/sysmem.c.obj
                0x08000654                _sbrk
 .text          0x080006c0     0x2f94 CMakeFiles/azrael_freeRTOS.dir/Drivers/FreeRTOS/tasks.c.obj
                0x08000782                xTaskCreateStatic
                0x0800084a                xTaskCreate
                0x08000b34                vTaskDelete
                0x08000c5c                xTaskDelayUntil
                0x08000d60                vTaskDelay
                0x08000dcc                uxTaskPriorityGet
                0x08000e20                uxTaskPriorityGetFromISR
                0x08000e98                uxTaskBasePriorityGet
                0x08000eec                uxTaskBasePriorityGetFromISR
                0x08000f64                vTaskPrioritySet
                0x08001120                vTaskSuspend
                0x080012d4                vTaskResume
                0x080013e8                xTaskResumeFromISR
                0x08001618                vTaskStartScheduler
                0x080016a8                vTaskEndScheduler
                0x08001700                vTaskSuspendAll
                0x0800171c                xTaskResumeAll
                0x08001930                xTaskGetTickCount
                0x0800194c                xTaskGetTickCountFromISR
                0x08001970                uxTaskGetNumberOfTasks
                0x08001984                pcTaskGetName
                0x080019cc                xTaskGetStaticBuffers
                0x08001a94                xTaskCatchUpTicks
                0x08001aec                xTaskIncrementTick
                0x08001d04                vTaskSwitchContext
                0x08001e2c                vTaskPlaceOnEventList
                0x08001e78                vTaskPlaceOnUnorderedEventList
                0x08001f28                xTaskRemoveFromEventList
                0x080020dc                vTaskRemoveFromUnorderedEventList
                0x08002264                vTaskSetTimeOutState
                0x080022b4                vTaskInternalSetTimeOutState
                0x080022e0                xTaskCheckForTimeOut
                0x080023b0                vTaskMissedYield
                0x08002574                xTaskGetCurrentTaskHandle
                0x08002590                xTaskGetCurrentTaskHandleForCore
                0x080025c0                xTaskGetSchedulerState
                0x080025fc                xTaskPriorityInherit
                0x08002720                xTaskPriorityDisinherit
                0x08002854                vTaskPriorityDisinheritAfterTimeout
                0x080029b0                uxTaskResetEventItemValue
                0x080029e0                pvTaskIncrementMutexHeldCount
                0x08002a0c                ulTaskGenericNotifyTake
                0x08002b10                xTaskGenericNotifyWait
                0x08002c48                xTaskGenericNotify
                0x08002e9c                xTaskGenericNotifyFromISR
                0x08003160                vTaskGenericNotifyGiveFromISR
                0x08003378                xTaskGenericNotifyStateClear
                0x0800340c                ulTaskGenericNotifyValueClear
                0x08003584                vApplicationGetIdleTaskMemory
                0x080035b4                vTaskResetState
 .text          0x08003654     0x189c CMakeFiles/azrael_freeRTOS.dir/Drivers/FreeRTOS/queue.c.obj
                0x08003654                xQueueGenericReset
                0x08003778                xQueueGenericCreateStatic
                0x0800383a                xQueueGenericGetStaticBuffers
                0x080038ba                xQueueGenericCreate
                0x080039d8                xQueueCreateMutex
                0x08003a08                xQueueCreateMutexStatic
                0x08003a3e                xQueueGiveMutexRecursive
                0x08003aa8                xQueueTakeMutexRecursive
                0x08003b56                xQueueCreateCountingSemaphoreStatic
                0x08003bbc                xQueueCreateCountingSemaphore
                0x08003c1a                xQueueGenericSend
                0x08003e58                xQueueGenericSendFromISR
                0x08003fe0                xQueueGiveFromISR
                0x0800414a                xQueueReceive
                0x08004310                xQueueSemaphoreTake
                0x08004510                xQueuePeek
                0x080046c0                xQueueReceiveFromISR
                0x080047f4                xQueuePeekFromISR
                0x080048c4                uxQueueMessagesWaiting
                0x08004902                uxQueueSpacesAvailable
                0x0800494a                uxQueueMessagesWaitingFromISR
                0x08004986                vQueueDelete
                0x080049c8                uxQueueGetQueueItemSize
                0x080049de                uxQueueGetQueueLength
                0x08004c2c                xQueueIsQueueEmptyFromISR
                0x08004ca4                xQueueIsQueueFullFromISR
                0x08004cf0                xQueueCreateSet
                0x08004d0e                xQueueCreateSetStatic
                0x08004d36                xQueueAddToSet
                0x08004d78                xQueueRemoveFromSet
                0x08004dc0                xQueueSelectFromSet
                0x08004de6                xQueueSelectFromSetFromISR
 .text          0x08004ef0      0x15e CMakeFiles/azrael_freeRTOS.dir/Drivers/FreeRTOS/list.c.obj
                0x08004ef0                vListInitialise
                0x08004f2e                vListInitialiseItem
                0x08004f46                vListInsertEnd
                0x08004f8c                vListInsert
                0x08004ffc                uxListRemove
 *fill*         0x0800504e        0x2 
 .text          0x08005050      0x6f0 CMakeFiles/azrael_freeRTOS.dir/Drivers/FreeRTOS/event_groups.c.obj
                0x08005050                xEventGroupCreateStatic
                0x080050c2                xEventGroupCreate
                0x080050f6                xEventGroupSync
                0x08005258                xEventGroupWaitBits
                0x080053fc                xEventGroupClearBits
                0x0800546e                xEventGroupGetBitsFromISR
                0x080054b4                xEventGroupSetBits
                0x080055d0                vEventGroupDelete
                0x0800565a                xEventGroupGetStaticBuffer
                0x080056c8                vEventGroupSetBitsCallback
                0x080056e2                vEventGroupClearBitsCallback
 .text          0x08005740      0x6d0 CMakeFiles/azrael_freeRTOS.dir/Drivers/FreeRTOS/portable/MemMang/heap_4.c.obj
                0x08005740                pvPortMalloc
                0x080059b0                vPortFree
                0x08005abc                xPortGetFreeHeapSize
                0x08005ad0                xPortGetMinimumEverFreeHeapSize
                0x08005ae4                xPortResetHeapMinimumEverFreeHeapSize
                0x08005b00                vPortInitialiseBlocks
                0x08005b0c                pvPortCalloc
                0x08005d14                vPortGetHeapStats
                0x08005dd0                vPortHeapResetState
 .text          0x08005e10      0x49c CMakeFiles/azrael_freeRTOS.dir/Drivers/FreeRTOS/portable/GCC/ARM_CM3/port.c.obj
                0x08005e10                pxPortInitialiseStack
                0x08005ec0                SVC_Handler
                0x08005f06                xPortStartScheduler
                0x08006080                vPortEndScheduler
                0x080060b8                vPortEnterCritical
                0x08006118                vPortExitCritical
                0x0800616c                PendSV_Handler
                0x080061b2                SysTick_Handler
                0x080061f8                vPortSetupTimerInterrupt
                0x0800622c                vPortValidateInterruptPriority
 .text          0x080062ac      0x97c CMakeFiles/azrael_freeRTOS.dir/Drivers/ST7735/st7735/st7735.c.obj
                0x080062b8                ST7735_Unselect
                0x08006466                ST7735_Init
                0x08006498                ST7735_DrawPixel
                0x080065d4                ST7735_WriteCharTransparent
                0x08006672                ST7735_WriteString
                0x08006810                ST7735_WriteStringTransparent
                0x08006898                ST7735_FillRectangle
                0x0800695e                ST7735_FillRectangleFast
                0x08006a48                ST7735_FillScreen
                0x08006a6a                ST7735_FillScreenFast
                0x08006a8c                ST7735_DrawImage
                0x08006b28                ST7735_DrawImageTransparent
                0x08006bd2                ST7735_InvertColors
                0x08006bfe                ST7735_SetGamma
 .text          0x08006c28      0x1d8 CMakeFiles/azrael_freeRTOS.dir/Sources/gpio.c.obj
                0x08006cb4                gpio_init
                0x08006da0                gpio_disp_dc_high
                0x08006db8                gpio_disp_dc_low
                0x08006dd0                gpio_disp_rst_high
                0x08006de8                gpio_disp_rst_low
 .text          0x08006e00      0x118 CMakeFiles/azrael_freeRTOS.dir/Sources/spi.c.obj
                0x08006e00                spi1_init
                0x08006e7c                spi1_transmit
 .text          0x08006f18       0xf0 CMakeFiles/azrael_freeRTOS.dir/Sources/display.c.obj
                0x08006f18                display_init
                0x08006f24                display_print_str
                0x08006f5a                display_print_str_bg
                0x08006f94                display_DrawImageTransparent
                0x08006fd0                display_FillRectangle
 *(.text*)
 .text.memset   0x08007008       0x10 /home/hillary/.local/share/stm32cube/bundles/gnu-tools-for-stm32/13.3.1+st.9/bin/../lib/gcc/arm-none-eabi/13.3.1/../../../../arm-none-eabi/lib/thumb/v7-m/nofp/libc_nano.a(libc_a-memset.o)
                0x08007008                memset
 .text._reclaim_reent
                0x08007018       0xbc /home/hillary/.local/share/stm32cube/bundles/gnu-tools-for-stm32/13.3.1+st.9/bin/../lib/gcc/arm-none-eabi/13.3.1/../../../../arm-none-eabi/lib/thumb/v7-m/nofp/libc_nano.a(libc_a-reent.o)
                0x08007018                _reclaim_reent
 .text.__libc_init_array
                0x080070d4       0x48 /home/hillary/.local/share/stm32cube/bundles/gnu-tools-for-stm32/13.3.1+st.9/bin/../lib/gcc/arm-none-eabi/13.3.1/../../../../arm-none-eabi/lib/thumb/v7-m/nofp/libc_nano.a(libc_a-init.o)
                0x080070d4                __libc_init_array
 .text.__retarget_lock_acquire_recursive
                0x0800711c        0x2 /home/hillary/.local/share/stm32cube/bundles/gnu-tools-for-stm32/13.3.1+st.9/bin/../lib/gcc/arm-none-eabi/13.3.1/../../../../arm-none-eabi/lib/thumb/v7-m/nofp/libc_nano.a(libc_a-lock.o)
                0x0800711c                __retarget_lock_acquire_recursive
 .text.__retarget_lock_release_recursive
                0x0800711e        0x2 /home/hillary/.local/share/stm32cube/bundles/gnu-tools-for-stm32/13.3.1+st.9/bin/../lib/gcc/arm-none-eabi/13.3.1/../../../../arm-none-eabi/lib/thumb/v7-m/nofp/libc_nano.a(libc_a-lock.o)
                0x0800711e                __retarget_lock_release_recursive
 .text._free_r  0x08007120       0x90 /home/hillary/.local/share/stm32cube/bundles/gnu-tools-for-stm32/13.3.1+st.9/bin/../lib/gcc/arm-none-eabi/13.3.1/../../../../arm-none-eabi/lib/thumb/v7-m/nofp/libc_nano.a(libc_a-freer.o)
                0x08007120                _free_r
 .text.sbrk_aligned
                0x080071b0       0x44 /home/hillary/.local/share/stm32cube/bundles/gnu-tools-for-stm32/13.3.1+st.9/bin/../lib/gcc/arm-none-eabi/13.3.1/../../../../arm-none-eabi/lib/thumb/v7-m/nofp/libc_nano.a(libc_a-mallocr.o)
 .text._malloc_r
                0x080071f4      0x100 /home/hillary/.local/share/stm32cube/bundles/gnu-tools-for-stm32/13.3.1+st.9/bin/../lib/gcc/arm-none-eabi/13.3.1/../../../../arm-none-eabi/lib/thumb/v7-m/nofp/libc_nano.a(libc_a-mallocr.o)
                0x080071f4                _malloc_r
 .text.__malloc_lock
                0x080072f4        0xc /home/hillary/.local/share/stm32cube/bundles/gnu-tools-for-stm32/13.3.1+st.9/bin/../lib/gcc/arm-none-eabi/13.3.1/../../../../arm-none-eabi/lib/thumb/v7-m/nofp/libc_nano.a(libc_a-mlock.o)
                0x080072f4                __malloc_lock
 .text.__malloc_unlock
                0x08007300        0xc /home/hillary/.local/share/stm32cube/bundles/gnu-tools-for-stm32/13.3.1+st.9/bin/../lib/gcc/arm-none-eabi/13.3.1/../../../../arm-none-eabi/lib/thumb/v7-m/nofp/libc_nano.a(libc_a-mlock.o)
                0x08007300                __malloc_unlock
 .text._sbrk_r  0x0800730c       0x20 /home/hillary/.local/share/stm32cube/bundles/gnu-tools-for-stm32/13.3.1+st.9/bin/../lib/gcc/arm-none-eabi/13.3.1/../../../../arm-none-eabi/lib/thumb/v7-m/nofp/libc_nano.a(libc_a-sbrkr.o)
                0x0800730c                _sbrk_r
 .text.Reset_Handler
                0x0800732c       0x50 CMakeFiles/azrael_freeRTOS.dir/Startup/startup_stm32f103c8tx.s.obj
                0x0800732c                Reset_Handler
 .text.Default_Handler
                0x0800737c        0x2 CMakeFiles/azrael_freeRTOS.dir/Startup/startup_stm32f103c8tx.s.obj
                0x0800737c                EXTI2_IRQHandler
                0x0800737c                TIM8_TRG_COM_IRQHandler
                0x0800737c                TIM8_CC_IRQHandler
                0x0800737c                DebugMon_Handler
                0x0800737c                TIM1_CC_IRQHandler
                0x0800737c                HardFault_Handler
                0x0800737c                TIM6_IRQHandler
                0x0800737c                PVD_IRQHandler
                0x0800737c                SDIO_IRQHandler
                0x0800737c                NMI_Handler
                0x0800737c                EXTI3_IRQHandler
                0x0800737c                USB_HP_CAN_TX_IRQHandler
                0x0800737c                EXTI0_IRQHandler
                0x0800737c                I2C2_EV_IRQHandler
                0x0800737c                UsageFault_Handler
                0x0800737c                ADC1_2_IRQHandler
                0x0800737c                SPI1_IRQHandler
                0x0800737c                CAN_SCE_IRQHandler
                0x0800737c                TAMPER_IRQHandler
                0x0800737c                TIM8_UP_IRQHandler
                0x0800737c                DMA2_Channel2_IRQHandler
                0x0800737c                DMA1_Channel4_IRQHandler
                0x0800737c                USART3_IRQHandler
                0x0800737c                RTC_IRQHandler
                0x0800737c                DMA1_Channel7_IRQHandler
                0x0800737c                UART5_IRQHandler
                0x0800737c                ADC3_IRQHandler
                0x0800737c                TIM4_IRQHandler
                0x0800737c                CAN_RX1_IRQHandler
                0x0800737c                DMA2_Channel1_IRQHandler
                0x0800737c                I2C1_EV_IRQHandler
                0x0800737c                DMA1_Channel6_IRQHandler
                0x0800737c                UART4_IRQHandler
                0x0800737c                TIM3_IRQHandler
                0x0800737c                RCC_IRQHandler
                0x0800737c                TIM1_TRG_COM_IRQHandler
                0x0800737c                DMA1_Channel1_IRQHandler
                0x0800737c                Default_Handler
                0x0800737c                TIM7_IRQHandler
                0x0800737c                TIM5_IRQHandler
                0x0800737c                EXTI9_5_IRQHandler
                0x0800737c                SPI2_IRQHandler
                0x0800737c                USB_LP_CAN_RX0_IRQHandler
                0x0800737c                MemManage_Handler
                0x0800737c                DMA1_Channel5_IRQHandler
                0x0800737c                EXTI4_IRQHandler
                0x0800737c                DMA1_Channel3_IRQHandler
                0x0800737c                FSMC_IRQHandler
                0x0800737c                TIM1_UP_IRQHandler
                0x0800737c                WWDG_IRQHandler
                0x0800737c                TIM2_IRQHandler
                0x0800737c                TIM1_BRK_IRQHandler
                0x0800737c                EXTI1_IRQHandler
                0x0800737c                RTCAlarm_IRQHandler
                0x0800737c                DMA2_Channel4_5_IRQHandler
                0x0800737c                USART2_IRQHandler
                0x0800737c                I2C2_ER_IRQHandler
                0x0800737c                DMA1_Channel2_IRQHandler
                0x0800737c                TIM8_BRK_IRQHandler
                0x0800737c                FLASH_IRQHandler
                0x0800737c                BusFault_Handler
                0x0800737c                USART1_IRQHandler
                0x0800737c                SPI3_IRQHandler
                0x0800737c                I2C1_ER_IRQHandler
                0x0800737c                DMA2_Channel3_IRQHandler
 *fill*         0x0800737e        0x2 
 .text.malloc   0x08007380       0x10 /home/hillary/.local/share/stm32cube/bundles/gnu-tools-for-stm32/13.3.1+st.9/bin/../lib/gcc/arm-none-eabi/13.3.1/../../../../arm-none-eabi/lib/thumb/v7-m/nofp/libg_nano.a(libc_a-malloc.o)
                0x08007380                malloc
 .text.free     0x08007390       0x10 /home/hillary/.local/share/stm32cube/bundles/gnu-tools-for-stm32/13.3.1+st.9/bin/../lib/gcc/arm-none-eabi/13.3.1/../../../../arm-none-eabi/lib/thumb/v7-m/nofp/libg_nano.a(libc_a-malloc.o)
                0x08007390                free
 .text.snprintf
                0x080073a0       0x6c /home/hillary/.local/share/stm32cube/bundles/gnu-tools-for-stm32/13.3.1+st.9/bin/../lib/gcc/arm-none-eabi/13.3.1/../../../../arm-none-eabi/lib/thumb/v7-m/nofp/libg_nano.a(libc_a-snprintf.o)
                0x080073a0                snprintf
                0x080073a0                sniprintf
 .text.__errno  0x0800740c        0xc /home/hillary/.local/share/stm32cube/bundles/gnu-tools-for-stm32/13.3.1+st.9/bin/../lib/gcc/arm-none-eabi/13.3.1/../../../../arm-none-eabi/lib/thumb/v7-m/nofp/libg_nano.a(libc_a-errno.o)
                0x0800740c                __errno
 .text.memcpy   0x08007418       0x1c /home/hillary/.local/share/stm32cube/bundles/gnu-tools-for-stm32/13.3.1+st.9/bin/../lib/gcc/arm-none-eabi/13.3.1/../../../../arm-none-eabi/lib/thumb/v7-m/nofp/libg_nano.a(libc_a-memcpy-stub.o)
                0x08007418                memcpy
 .text.__ssputs_r
                0x08007434       0xb6 /home/hillary/.local/share/stm32cube/bundles/gnu-tools-for-stm32/13.3.1+st.9/bin/../lib/gcc/arm-none-eabi/13.3.1/../../../../arm-none-eabi/lib/thumb/v7-m/nofp/libg_nano.a(libc_a-nano-svfprintf.o)
                0x08007434                __ssputs_r
 *fill*         0x080074ea        0x2 
 .text._svfprintf_r
                0x080074ec      0x1f8 /home/hillary/.local/share/stm32cube/bundles/gnu-tools-for-stm32/13.3.1+st.9/bin/../lib/gcc/arm-none-eabi/13.3.1/../../../../arm-none-eabi/lib/thumb/v7-m/nofp/libg_nano.a(libc_a-nano-svfprintf.o)
                0x080074ec                _svfprintf_r
                0x080074ec                _svfiprintf_r
 .text._printf_common
                0x080076e4       0xe4 /home/hillary/.local/share/stm32cube/bundles/gnu-tools-for-stm32/13.3.1+st.9/bin/../lib/gcc/arm-none-eabi/13.3.1/../../../../arm-none-eabi/lib/thumb/v7-m/nofp/libg_nano.a(libc_a-nano-vfprintf_i.o)
                0x080076e4                _printf_common
 .text._printf_i
                0x080077c8      0x23c /home/hillary/.local/share/stm32cube/bundles/gnu-tools-for-stm32/13.3.1+st.9/bin/../lib/gcc/arm-none-eabi/13.3.1/../../../../arm-none-eabi/lib/thumb/v7-m/nofp/libg_nano.a(libc_a-nano-vfprintf_i.o)
                0x080077c8                _printf_i
 .text.memmove  0x08007a04       0x34 /home/hillary/.local/share/stm32cube/bundles/gnu-tools-for-stm32/13.3.1+st.9/bin/../lib/gcc/arm-none-eabi/13.3.1/../../../../arm-none-eabi/lib/thumb/v7-m/nofp/libg_nano.a(libc_a-memmove.o)
                0x08007a04                memmove
 .text.memchr   0x08007a38       0x1c /home/hillary/.local/share/stm32cube/bundles/gnu-tools-for-stm32/13.3.1+st.9/bin/../lib/gcc/arm-none-eabi/13.3.1/../../../../arm-none-eabi/lib/thumb/v7-m/nofp/libg_nano.a(libc_a-memchr-stub.o)
                0x08007a38                memchr
 .text._realloc_r
                0x08007a54       0x5c /home/hillary/.local/share/stm32cube/bundles/gnu-tools-for-stm32/13.3.1+st.9/bin/../lib/gcc/arm-none-eabi/13.3.1/../../../../arm-none-eabi/lib/thumb/v7-m/nofp/libg_nano.a(libc_a-reallocr.o)
                0x08007a54                _realloc_r
 .text._malloc_usable_size_r
                0x08007ab0       0x10 /home/hillary/.local/share/stm32cube/bundles/gnu-tools-for-stm32/13.3.1+st.9/bin/../lib/gcc/arm-none-eabi/13.3.1/../../../../arm-none-eabi/lib/thumb/v7-m/nofp/libg_nano.a(libc_a-msizer.o)
                0x08007ab0                _malloc_usable_size_r
 *(.glue_7)
 .glue_7        0x08007ac0        0x0 linker stubs
 *(.glue_7t)
 .glue_7t       0x08007ac0        0x0 linker stubs
 *(.eh_frame)
 .eh_frame      0x08007ac0        0x0 /home/hillary/.local/share/stm32cube/bundles/gnu-tools-for-stm32/13.3.1+st.9/bin/../lib/gcc/arm-none-eabi/13.3.1/thumb/v7-m/nofp/crtbegin.o
 *(.init)
 .init          0x08007ac0        0x4 /home/hillary/.local/share/stm32cube/bundles/gnu-tools-for-stm32/13.3.1+st.9/bin/../lib/gcc/arm-none-eabi/13.3.1/thumb/v7-m/nofp/crti.o
                0x08007ac0                _init
 .init          0x08007ac4        0x8 /home/hillary/.local/share/stm32cube/bundles/gnu-tools-for-stm32/13.3.1+st.9/bin/../lib/gcc/arm-none-eabi/13.3.1/thumb/v7-m/nofp/crtn.o
 *(.fini)
 .fini          0x08007acc        0x4 /home/hillary/.local/share/stm32cube/bundles/gnu-tools-for-stm32/13.3.1+st.9/bin/../lib/gcc/arm-none-eabi/13.3.1/thumb/v7-m/nofp/crti.o
                0x08007acc                _fini
 .fini          0x08007ad0        0x8 /home/hillary/.local/share/stm32cube/bundles/gnu-tools-for-stm32/13.3.1+st.9/bin/../lib/gcc/arm-none-eabi/13.3.1/thumb/v7-m/nofp/crtn.o
                0x08007ad8                        . = ALIGN (0x4)
                0x08007ad8                        _etext = .

.vfp11_veneer   0x08007ad8        0x0
 .vfp11_veneer  0x08007ad8        0x0 linker stubs

.v4_bx          0x08007ad8        0x0
 .v4_bx         0x08007ad8        0x0 linker stubs

.iplt           0x08007ad8        0x0
 .iplt          0x08007ad8        0x0 /home/hillary/.local/share/stm32cube/bundles/gnu-tools-for-stm32/13.3.1+st.9/bin/../lib/gcc/arm-none-eabi/13.3.1/thumb/v7-m/nofp/crtbegin.o

.rodata         0x08007ad8     0x291c
                0x08007ad8                        . = ALIGN (0x4)
 *(.rodata)
 .rodata        0x08007ad8       0x4e CMakeFiles/azrael_freeRTOS.dir/Sources/main.c.obj
 *fill*         0x08007b26        0x2 
 .rodata        0x08007b28        0x9 CMakeFiles/azrael_freeRTOS.dir/Drivers/FreeRTOS/tasks.c.obj
 *fill*         0x08007b31        0x3 
 .rodata        0x08007b34       0x77 CMakeFiles/azrael_freeRTOS.dir/Drivers/ST7735/st7735/st7735.c.obj
 *fill*         0x08007bab        0x1 
 .rodata        0x08007bac     0x2814 CMakeFiles/azrael_freeRTOS.dir/Drivers/ST7735/st7735/fonts.c.obj
 *(.rodata*)
 .rodata._svfprintf_r.str1.1
                0x0800a3c0       0x33 /home/hillary/.local/share/stm32cube/bundles/gnu-tools-for-stm32/13.3.1+st.9/bin/../lib/gcc/arm-none-eabi/13.3.1/../../../../arm-none-eabi/lib/thumb/v7-m/nofp/libg_nano.a(libc_a-nano-svfprintf.o)
                                 0x11 (size before relaxing)
 .rodata._printf_i.str1.1
                0x0800a3f3        0x0 /home/hillary/.local/share/stm32cube/bundles/gnu-tools-for-stm32/13.3.1+st.9/bin/../lib/gcc/arm-none-eabi/13.3.1/../../../../arm-none-eabi/lib/thumb/v7-m/nofp/libg_nano.a(libc_a-nano-vfprintf_i.o)
                                 0x22 (size before relaxing)
                0x0800a3f4                        . = ALIGN (0x4)
 *fill*         0x0800a3f3        0x1 

.ARM.extab      0x0800a3f4        0x0
                0x0800a3f4                        . = ALIGN (0x4)
 *(.ARM.extab* .gnu.linkonce.armextab.*)
                0x0800a3f4                        . = ALIGN (0x4)

.ARM            0x0800a3f4        0x0
                0x0800a3f4                        . = ALIGN (0x4)
                0x0800a3f4                        __exidx_start = .
 *(.ARM.exidx*)
                0x0800a3f4                        __exidx_end = .
                0x0800a3f4                        . = ALIGN (0x4)

.preinit_array  0x0800a3f4        0x0
                0x0800a3f4                        . = ALIGN (0x4)
                0x0800a3f4                        PROVIDE (__preinit_array_start = .)
 *(.preinit_array*)
                0x0800a3f4                        PROVIDE (__preinit_array_end = .)
                0x0800a3f4                        . = ALIGN (0x4)

.init_array     0x0800a3f4        0x4
                0x0800a3f4                        . = ALIGN (0x4)
                0x0800a3f4                        PROVIDE (__init_array_start = .)
 *(SORT_BY_NAME(.init_array.*))
 *(.init_array*)
 .init_array    0x0800a3f4        0x4 /home/hillary/.local/share/stm32cube/bundles/gnu-tools-for-stm32/13.3.1+st.9/bin/../lib/gcc/arm-none-eabi/13.3.1/thumb/v7-m/nofp/crtbegin.o
                0x0800a3f8                        PROVIDE (__init_array_end = .)
                0x0800a3f8                        . = ALIGN (0x4)

.fini_array     0x0800a3f8        0x4
                0x0800a3f8                        . = ALIGN (0x4)
                [!provide]                        PROVIDE (__fini_array_start = .)
 *(SORT_BY_NAME(.fini_array.*))
 *(.fini_array*)
 .fini_array    0x0800a3f8        0x4 /home/hillary/.local/share/stm32cube/bundles/gnu-tools-for-stm32/13.3.1+st.9/bin/../lib/gcc/arm-none-eabi/13.3.1/thumb/v7-m/nofp/crtbegin.o
                [!provide]                        PROVIDE (__fini_array_end = .)
                0x0800a3fc                        . = ALIGN (0x4)
                0x0800a3fc                        _sidata = LOADADDR (.data)

.rel.dyn        0x0800a3fc        0x0
 .rel.iplt      0x0800a3fc        0x0 /home/hillary/.local/share/stm32cube/bundles/gnu-tools-for-stm32/13.3.1+st.9/bin/../lib/gcc/arm-none-eabi/13.3.1/thumb/v7-m/nofp/crtbegin.o

.data           0x20000000       0x6c load address 0x0800a3fc
                0x20000000                        . = ALIGN (0x4)
                0x20000000                        _sdata = .
 *(.data)
 .data          0x20000000        0x4 CMakeFiles/azrael_freeRTOS.dir/Drivers/FreeRTOS/portable/GCC/ARM_CM3/port.c.obj
 .data          0x20000004       0x18 CMakeFiles/azrael_freeRTOS.dir/Drivers/ST7735/st7735/fonts.c.obj
                0x20000004                Font_7x10
                0x2000000c                Font_11x18
                0x20000014                Font_16x26
 *(.data*)
 .data._impure_ptr
                0x2000001c        0x4 /home/hillary/.local/share/stm32cube/bundles/gnu-tools-for-stm32/13.3.1+st.9/bin/../lib/gcc/arm-none-eabi/13.3.1/../../../../arm-none-eabi/lib/thumb/v7-m/nofp/libc_nano.a(libc_a-impure.o)
                0x2000001c                _impure_ptr
 .data._impure_data
                0x20000020       0x4c /home/hillary/.local/share/stm32cube/bundles/gnu-tools-for-stm32/13.3.1+st.9/bin/../lib/gcc/arm-none-eabi/13.3.1/../../../../arm-none-eabi/lib/thumb/v7-m/nofp/libc_nano.a(libc_a-impure.o)
                0x20000020                _impure_data
 *(.RamFunc)
 *(.RamFunc*)
                0x2000006c                        . = ALIGN (0x4)
                0x2000006c                        _edata = .

.igot.plt       0x2000006c        0x0 load address 0x0800a468
 .igot.plt      0x2000006c        0x0 /home/hillary/.local/share/stm32cube/bundles/gnu-tools-for-stm32/13.3.1+st.9/bin/../lib/gcc/arm-none-eabi/13.3.1/thumb/v7-m/nofp/crtbegin.o
                0x2000006c                        . = ALIGN (0x4)

.bss            0x2000006c     0x4000 load address 0x0800a468
                0x2000006c                        _sbss = .
                0x2000006c                        __bss_start__ = _sbss
 *(.bss)
 .bss           0x2000006c       0x1c /home/hillary/.local/share/stm32cube/bundles/gnu-tools-for-stm32/13.3.1+st.9/bin/../lib/gcc/arm-none-eabi/13.3.1/thumb/v7-m/nofp/crtbegin.o
 .bss           0x20000088        0x8 CMakeFiles/azrael_freeRTOS.dir/Sources/main.c.obj
                0x20000088                xDisplayQueue
                0x2000008c                xSystemFlags
 .bss           0x20000090        0x4 CMakeFiles/azrael_freeRTOS.dir/Sources/sysmem.c.obj
 .bss           0x20000094      0x46c CMakeFiles/azrael_freeRTOS.dir/Drivers/FreeRTOS/tasks.c.obj
                0x20000094                pxCurrentTCB
 .bss           0x20000500     0x281c CMakeFiles/azrael_freeRTOS.dir/Drivers/FreeRTOS/portable/MemMang/heap_4.c.obj
 .bss           0x20002d1c        0x8 CMakeFiles/azrael_freeRTOS.dir/Drivers/FreeRTOS/portable/GCC/ARM_CM3/port.c.obj
 .bss           0x20002d24     0x1200 CMakeFiles/azrael_freeRTOS.dir/Drivers/ST7735/st7735/st7735.c.obj
 *(.bss*)
 .bss.__sf      0x20003f24      0x138 /home/hillary/.local/share/stm32cube/bundles/gnu-tools-for-stm32/13.3.1+st.9/bin/../lib/gcc/arm-none-eabi/13.3.1/../../../../arm-none-eabi/lib/thumb/v7-m/nofp/libc_nano.a(libc_a-findfp.o)
                0x20003f24                __sf
 .bss.errno     0x2000405c        0x4 /home/hillary/.local/share/stm32cube/bundles/gnu-tools-for-stm32/13.3.1+st.9/bin/../lib/gcc/arm-none-eabi/13.3.1/../../../../arm-none-eabi/lib/thumb/v7-m/nofp/libc_nano.a(libc_a-reent.o)
                0x2000405c                errno
 .bss.__lock___malloc_recursive_mutex
                0x20004060        0x1 /home/hillary/.local/share/stm32cube/bundles/gnu-tools-for-stm32/13.3.1+st.9/bin/../lib/gcc/arm-none-eabi/13.3.1/../../../../arm-none-eabi/lib/thumb/v7-m/nofp/libc_nano.a(libc_a-lock.o)
                0x20004060                __lock___malloc_recursive_mutex
 *fill*         0x20004061        0x3 
 .bss.__malloc_sbrk_start
                0x20004064        0x4 /home/hillary/.local/share/stm32cube/bundles/gnu-tools-for-stm32/13.3.1+st.9/bin/../lib/gcc/arm-none-eabi/13.3.1/../../../../arm-none-eabi/lib/thumb/v7-m/nofp/libc_nano.a(libc_a-mallocr.o)
                0x20004064                __malloc_sbrk_start
 .bss.__malloc_free_list
                0x20004068        0x4 /home/hillary/.local/share/stm32cube/bundles/gnu-tools-for-stm32/13.3.1+st.9/bin/../lib/gcc/arm-none-eabi/13.3.1/../../../../arm-none-eabi/lib/thumb/v7-m/nofp/libc_nano.a(libc_a-mallocr.o)
                0x20004068                __malloc_free_list
 *(COMMON)
                0x2000406c                        . = ALIGN (0x4)
                0x2000406c                        _ebss = .
                0x2000406c                        __bss_end__ = _ebss

._user_heap_stack
                0x2000406c      0x604 load address 0x0800a468
                0x20004070                        . = ALIGN (0x8)
 *fill*         0x2000406c        0x4 
                [!provide]                        PROVIDE (end = .)
                0x20004070                        PROVIDE (_end = .)
                0x20004270                        . = (. + _Min_Heap_Size)
 *fill*         0x20004070      0x200 
                0x20004670                        . = (. + _Min_Stack_Size)
 *fill*         0x20004270      0x400 
                0x20004670                        . = ALIGN (0x8)

/DISCARD/
 libc.a(*)
 libm.a(*)
 libgcc.a(*)

.ARM.attributes
                0x00000000       0x29
 *(.ARM.attributes)
 .ARM.attributes
                0x00000000       0x1d /home/hillary/.local/share/stm32cube/bundles/gnu-tools-for-stm32/13.3.1+st.9/bin/../lib/gcc/arm-none-eabi/13.3.1/thumb/v7-m/nofp/crti.o
 .ARM.attributes
                0x0000001d       0x2d /home/hillary/.local/share/stm32cube/bundles/gnu-tools-for-stm32/13.3.1+st.9/bin/../lib/gcc/arm-none-eabi/13.3.1/thumb/v7-m/nofp/crtbegin.o
 .ARM.attributes
                0x0000004a       0x2d /home/hillary/.local/share/stm32cube/bundles/gnu-tools-for-stm32/13.3.1+st.9/bin/../lib/gcc/arm-none-eabi/13.3.1/../../../../arm-none-eabi/lib/thumb/v7-m/nofp/libc_nano.a(libc_a-findfp.o)
 .ARM.attributes
                0x00000077       0x2d /home/hillary/.local/share/stm32cube/bundles/gnu-tools-for-stm32/13.3.1+st.9/bin/../lib/gcc/arm-none-eabi/13.3.1/../../../../arm-none-eabi/lib/thumb/v7-m/nofp/libc_nano.a(libc_a-memset.o)
 .ARM.attributes
                0x000000a4       0x2d /home/hillary/.local/share/stm32cube/bundles/gnu-tools-for-stm32/13.3.1+st.9/bin/../lib/gcc/arm-none-eabi/13.3.1/../../../../arm-none-eabi/lib/thumb/v7-m/nofp/libc_nano.a(libc_a-reent.o)
 .ARM.attributes
                0x000000d1       0x2d /home/hillary/.local/share/stm32cube/bundles/gnu-tools-for-stm32/13.3.1+st.9/bin/../lib/gcc/arm-none-eabi/13.3.1/../../../../arm-none-eabi/lib/thumb/v7-m/nofp/libc_nano.a(libc_a-impure.o)
 .ARM.attributes
                0x000000fe       0x2d /home/hillary/.local/share/stm32cube/bundles/gnu-tools-for-stm32/13.3.1+st.9/bin/../lib/gcc/arm-none-eabi/13.3.1/../../../../arm-none-eabi/lib/thumb/v7-m/nofp/libc_nano.a(libc_a-init.o)
 .ARM.attributes
                0x0000012b       0x2d /home/hillary/.local/share/stm32cube/bundles/gnu-tools-for-stm32/13.3.1+st.9/bin/../lib/gcc/arm-none-eabi/13.3.1/../../../../arm-none-eabi/lib/thumb/v7-m/nofp/libc_nano.a(libc_a-lock.o)
 .ARM.attributes
                0x00000158       0x2d /home/hillary/.local/share/stm32cube/bundles/gnu-tools-for-stm32/13.3.1+st.9/bin/../lib/gcc/arm-none-eabi/13.3.1/../../../../arm-none-eabi/lib/thumb/v7-m/nofp/libc_nano.a(libc_a-freer.o)
 .ARM.attributes
                0x00000185       0x2d /home/hillary/.local/share/stm32cube/bundles/gnu-tools-for-stm32/13.3.1+st.9/bin/../lib/gcc/arm-none-eabi/13.3.1/../../../../arm-none-eabi/lib/thumb/v7-m/nofp/libc_nano.a(libc_a-mallocr.o)
 .ARM.attributes
                0x000001b2       0x2d /home/hillary/.local/share/stm32cube/bundles/gnu-tools-for-stm32/13.3.1+st.9/bin/../lib/gcc/arm-none-eabi/13.3.1/../../../../arm-none-eabi/lib/thumb/v7-m/nofp/libc_nano.a(libc_a-mlock.o)
 .ARM.attributes
                0x000001df       0x2d /home/hillary/.local/share/stm32cube/bundles/gnu-tools-for-stm32/13.3.1+st.9/bin/../lib/gcc/arm-none-eabi/13.3.1/../../../../arm-none-eabi/lib/thumb/v7-m/nofp/libc_nano.a(libc_a-sbrkr.o)
 .ARM.attributes
                0x0000020c       0x21 CMakeFiles/azrael_freeRTOS.dir/Startup/startup_stm32f103c8tx.s.obj
 .ARM.attributes
                0x0000022d       0x2d CMakeFiles/azrael_freeRTOS.dir/Sources/main.c.obj
 .ARM.attributes
                0x0000025a       0x2d CMakeFiles/azrael_freeRTOS.dir/Sources/sysmem.c.obj
 .ARM.attributes
                0x00000287       0x2d CMakeFiles/azrael_freeRTOS.dir/Drivers/FreeRTOS/tasks.c.obj
 .ARM.attributes
                0x000002b4       0x2d CMakeFiles/azrael_freeRTOS.dir/Drivers/FreeRTOS/queue.c.obj
 .ARM.attributes
                0x000002e1       0x2d CMakeFiles/azrael_freeRTOS.dir/Drivers/FreeRTOS/list.c.obj
 .ARM.attributes
                0x0000030e       0x2d CMakeFiles/azrael_freeRTOS.dir/Drivers/FreeRTOS/event_groups.c.obj
 .ARM.attributes
                0x0000033b       0x2d CMakeFiles/azrael_freeRTOS.dir/Drivers/FreeRTOS/portable/MemMang/heap_4.c.obj
 .ARM.attributes
                0x00000368       0x2d CMakeFiles/azrael_freeRTOS.dir/Drivers/FreeRTOS/portable/GCC/ARM_CM3/port.c.obj
 .ARM.attributes
                0x00000395       0x2d CMakeFiles/azrael_freeRTOS.dir/Drivers/ST7735/st7735/st7735.c.obj
 .ARM.attributes
                0x000003c2       0x2d CMakeFiles/azrael_freeRTOS.dir/Drivers/ST7735/st7735/fonts.c.obj
 .ARM.attributes
                0x000003ef       0x2d CMakeFiles/azrael_freeRTOS.dir/Sources/gpio.c.obj
 .ARM.attributes
                0x0000041c       0x2d CMakeFiles/azrael_freeRTOS.dir/Sources/spi.c.obj
 .ARM.attributes
                0x00000449       0x2d CMakeFiles/azrael_freeRTOS.dir/Sources/display.c.obj
 .ARM.attributes
                0x00000476       0x2d /home/hillary/.local/share/stm32cube/bundles/gnu-tools-for-stm32/13.3.1+st.9/bin/../lib/gcc/arm-none-eabi/13.3.1/../../../../arm-none-eabi/lib/thumb/v7-m/nofp/libg_nano.a(libc_a-malloc.o)
 .ARM.attributes
                0x000004a3       0x2d /home/hillary/.local/share/stm32cube/bundles/gnu-tools-for-stm32/13.3.1+st.9/bin/../lib/gcc/arm-none-eabi/13.3.1/../../../../arm-none-eabi/lib/thumb/v7-m/nofp/libg_nano.a(libc_a-snprintf.o)
 .ARM.attributes
                0x000004d0       0x2d /home/hillary/.local/share/stm32cube/bundles/gnu-tools-for-stm32/13.3.1+st.9/bin/../lib/gcc/arm-none-eabi/13.3.1/../../../../arm-none-eabi/lib/thumb/v7-m/nofp/libg_nano.a(libc_a-errno.o)
 .ARM.attributes
                0x000004fd       0x2d /home/hillary/.local/share/stm32cube/bundles/gnu-tools-for-stm32/13.3.1+st.9/bin/../lib/gcc/arm-none-eabi/13.3.1/../../../../arm-none-eabi/lib/thumb/v7-m/nofp/libg_nano.a(libc_a-memcpy-stub.o)
 .ARM.attributes
                0x0000052a       0x2d /home/hillary/.local/share/stm32cube/bundles/gnu-tools-for-stm32/13.3.1+st.9/bin/../lib/gcc/arm-none-eabi/13.3.1/../../../../arm-none-eabi/lib/thumb/v7-m/nofp/libg_nano.a(libc_a-nano-svfprintf.o)
 .ARM.attributes
                0x00000557       0x2d /home/hillary/.local/share/stm32cube/bundles/gnu-tools-for-stm32/13.3.1+st.9/bin/../lib/gcc/arm-none-eabi/13.3.1/../../../../arm-none-eabi/lib/thumb/v7-m/nofp/libg_nano.a(libc_a-nano-vfprintf_i.o)
 .ARM.attributes
                0x00000584       0x2d /home/hillary/.local/share/stm32cube/bundles/gnu-tools-for-stm32/13.3.1+st.9/bin/../lib/gcc/arm-none-eabi/13.3.1/../../../../arm-none-eabi/lib/thumb/v7-m/nofp/libg_nano.a(libc_a-memmove.o)
 .ARM.attributes
                0x000005b1       0x2d /home/hillary/.local/share/stm32cube/bundles/gnu-tools-for-stm32/13.3.1+st.9/bin/../lib/gcc/arm-none-eabi/13.3.1/../../../../arm-none-eabi/lib/thumb/v7-m/nofp/libg_nano.a(libc_a-memchr-stub.o)
 .ARM.attributes
                0x000005de       0x2d /home/hillary/.local/share/stm32cube/bundles/gnu-tools-for-stm32/13.3.1+st.9/bin/../lib/gcc/arm-none-eabi/13.3.1/../../../../arm-none-eabi/lib/thumb/v7-m/nofp/libg_nano.a(libc_a-reallocr.o)
 .ARM.attributes
                0x0000060b       0x2d /home/hillary/.local/share/stm32cube/bundles/gnu-tools-for-stm32/13.3.1+st.9/bin/../lib/gcc/arm-none-eabi/13.3.1/../../../../arm-none-eabi/lib/thumb/v7-m/nofp/libg_nano.a(libc_a-msizer.o)
 .ARM.attributes
                0x00000638       0x1d /home/hillary/.local/share/stm32cube/bundles/gnu-tools-for-stm32/13.3.1+st.9/bin/../lib/gcc/arm-none-eabi/13.3.1/thumb/v7-m/nofp/crtn.o
OUTPUT(azrael_freeRTOS.elf elf32-littlearm)
LOAD linker stubs
LOAD /home/hillary/.local/share/stm32cube/bundles/gnu-tools-for-stm32/13.3.1+st.9/bin/../lib/gcc/arm-none-eabi/13.3.1/../../../../arm-none-eabi/lib/thumb/v7-m/nofp/libc.a
LOAD /home/hillary/.local/share/stm32cube/bundles/gnu-tools-for-stm32/13.3.1+st.9/bin/../lib/gcc/arm-none-eabi/13.3.1/../../../../arm-none-eabi/lib/thumb/v7-m/nofp/libm.a
LOAD /home/hillary/.local/share/stm32cube/bundles/gnu-tools-for-stm32/13.3.1+st.9/bin/../lib/gcc/arm-none-eabi/13.3.1/thumb/v7-m/nofp/libgcc.a

.debug_frame    0x00000000     0x2170
 .debug_frame   0x00000000      0x144 /home/hillary/.local/share/stm32cube/bundles/gnu-tools-for-stm32/13.3.1+st.9/bin/../lib/gcc/arm-none-eabi/13.3.1/../../../../arm-none-eabi/lib/thumb/v7-m/nofp/libc_nano.a(libc_a-findfp.o)
 .debug_frame   0x00000144       0x20 /home/hillary/.local/share/stm32cube/bundles/gnu-tools-for-stm32/13.3.1+st.9/bin/../lib/gcc/arm-none-eabi/13.3.1/../../../../arm-none-eabi/lib/thumb/v7-m/nofp/libc_nano.a(libc_a-memset.o)
 .debug_frame   0x00000164       0x38 /home/hillary/.local/share/stm32cube/bundles/gnu-tools-for-stm32/13.3.1+st.9/bin/../lib/gcc/arm-none-eabi/13.3.1/../../../../arm-none-eabi/lib/thumb/v7-m/nofp/libc_nano.a(libc_a-reent.o)
 .debug_frame   0x0000019c       0x2c /home/hillary/.local/share/stm32cube/bundles/gnu-tools-for-stm32/13.3.1+st.9/bin/../lib/gcc/arm-none-eabi/13.3.1/../../../../arm-none-eabi/lib/thumb/v7-m/nofp/libc_nano.a(libc_a-init.o)
 .debug_frame   0x000001c8       0xb0 /home/hillary/.local/share/stm32cube/bundles/gnu-tools-for-stm32/13.3.1+st.9/bin/../lib/gcc/arm-none-eabi/13.3.1/../../../../arm-none-eabi/lib/thumb/v7-m/nofp/libc_nano.a(libc_a-lock.o)
 .debug_frame   0x00000278       0x38 /home/hillary/.local/share/stm32cube/bundles/gnu-tools-for-stm32/13.3.1+st.9/bin/../lib/gcc/arm-none-eabi/13.3.1/../../../../arm-none-eabi/lib/thumb/v7-m/nofp/libc_nano.a(libc_a-freer.o)
 .debug_frame   0x000002b0       0x50 /home/hillary/.local/share/stm32cube/bundles/gnu-tools-for-stm32/13.3.1+st.9/bin/../lib/gcc/arm-none-eabi/13.3.1/../../../../arm-none-eabi/lib/thumb/v7-m/nofp/libc_nano.a(libc_a-mallocr.o)
 .debug_frame   0x00000300       0x30 /home/hillary/.local/share/stm32cube/bundles/gnu-tools-for-stm32/13.3.1+st.9/bin/../lib/gcc/arm-none-eabi/13.3.1/../../../../arm-none-eabi/lib/thumb/v7-m/nofp/libc_nano.a(libc_a-mlock.o)
 .debug_frame   0x00000330       0x2c /home/hillary/.local/share/stm32cube/bundles/gnu-tools-for-stm32/13.3.1+st.9/bin/../lib/gcc/arm-none-eabi/13.3.1/../../../../arm-none-eabi/lib/thumb/v7-m/nofp/libc_nano.a(libc_a-sbrkr.o)
 .debug_frame   0x0000035c       0xf4 CMakeFiles/azrael_freeRTOS.dir/Sources/main.c.obj
 .debug_frame   0x00000450       0x34 CMakeFiles/azrael_freeRTOS.dir/Sources/sysmem.c.obj
 .debug_frame   0x00000484      0x8fc CMakeFiles/azrael_freeRTOS.dir/Drivers/FreeRTOS/tasks.c.obj
 .debug_frame   0x00000d80      0x604 CMakeFiles/azrael_freeRTOS.dir/Drivers/FreeRTOS/queue.c.obj
 .debug_frame   0x00001384       0xd8 CMakeFiles/azrael_freeRTOS.dir/Drivers/FreeRTOS/list.c.obj
 .debug_frame   0x0000145c      0x1cc CMakeFiles/azrael_freeRTOS.dir/Drivers/FreeRTOS/event_groups.c.obj
 .debug_frame   0x00001628      0x194 CMakeFiles/azrael_freeRTOS.dir/Drivers/FreeRTOS/portable/MemMang/heap_4.c.obj
 .debug_frame   0x000017bc      0x198 CMakeFiles/azrael_freeRTOS.dir/Drivers/FreeRTOS/portable/GCC/ARM_CM3/port.c.obj
 .debug_frame   0x00001954      0x35c CMakeFiles/azrael_freeRTOS.dir/Drivers/ST7735/st7735/st7735.c.obj
 .debug_frame   0x00001cb0       0xfc CMakeFiles/azrael_freeRTOS.dir/Sources/gpio.c.obj
 .debug_frame   0x00001dac       0x58 CMakeFiles/azrael_freeRTOS.dir/Sources/spi.c.obj
 .debug_frame   0x00001e04       0xdc CMakeFiles/azrael_freeRTOS.dir/Sources/display.c.obj
 .debug_frame   0x00001ee0       0x30 /home/hillary/.local/share/stm32cube/bundles/gnu-tools-for-stm32/13.3.1+st.9/bin/../lib/gcc/arm-none-eabi/13.3.1/../../../../arm-none-eabi/lib/thumb/v7-m/nofp/libg_nano.a(libc_a-malloc.o)
 .debug_frame   0x00001f10       0x7c /home/hillary/.local/share/stm32cube/bundles/gnu-tools-for-stm32/13.3.1+st.9/bin/../lib/gcc/arm-none-eabi/13.3.1/../../../../arm-none-eabi/lib/thumb/v7-m/nofp/libg_nano.a(libc_a-snprintf.o)
 .debug_frame   0x00001f8c       0x20 /home/hillary/.local/share/stm32cube/bundles/gnu-tools-for-stm32/13.3.1+st.9/bin/../lib/gcc/arm-none-eabi/13.3.1/../../../../arm-none-eabi/lib/thumb/v7-m/nofp/libg_nano.a(libc_a-errno.o)
 .debug_frame   0x00001fac       0x28 /home/hillary/.local/share/stm32cube/bundles/gnu-tools-for-stm32/13.3.1+st.9/bin/../lib/gcc/arm-none-eabi/13.3.1/../../../../arm-none-eabi/lib/thumb/v7-m/nofp/libg_nano.a(libc_a-memcpy-stub.o)
 .debug_frame   0x00001fd4       0x90 /home/hillary/.local/share/stm32cube/bundles/gnu-tools-for-stm32/13.3.1+st.9/bin/../lib/gcc/arm-none-eabi/13.3.1/../../../../arm-none-eabi/lib/thumb/v7-m/nofp/libg_nano.a(libc_a-nano-svfprintf.o)
 .debug_frame   0x00002064       0x60 /home/hillary/.local/share/stm32cube/bundles/gnu-tools-for-stm32/13.3.1+st.9/bin/../lib/gcc/arm-none-eabi/13.3.1/../../../../arm-none-eabi/lib/thumb/v7-m/nofp/libg_nano.a(libc_a-nano-vfprintf_i.o)
 .debug_frame   0x000020c4       0x28 /home/hillary/.local/share/stm32cube/bundles/gnu-tools-for-stm32/13.3.1+st.9/bin/../lib/gcc/arm-none-eabi/13.3.1/../../../../arm-none-eabi/lib/thumb/v7-m/nofp/libg_nano.a(libc_a-memmove.o)
 .debug_frame   0x000020ec       0x28 /home/hillary/.local/share/stm32cube/bundles/gnu-tools-for-stm32/13.3.1+st.9/bin/../lib/gcc/arm-none-eabi/13.3.1/../../../../arm-none-eabi/lib/thumb/v7-m/nofp/libg_nano.a(libc_a-memchr-stub.o)
 .debug_frame   0x00002114       0x3c /home/hillary/.local/share/stm32cube/bundles/gnu-tools-for-stm32/13.3.1+st.9/bin/../lib/gcc/arm-none-eabi/13.3.1/../../../../arm-none-eabi/lib/thumb/v7-m/nofp/libg_nano.a(libc_a-reallocr.o)
 .debug_frame   0x00002150       0x20 /home/hillary/.local/share/stm32cube/bundles/gnu-tools-for-stm32/13.3.1+st.9/bin/../lib/gcc/arm-none-eabi/13.3.1/../../../../arm-none-eabi/lib/thumb/v7-m/nofp/libg_nano.a(libc_a-msizer.o)

.debug_line     0x00000000     0x7b0a
 .debug_line    0x00000000       0x7b CMakeFiles/azrael_freeRTOS.dir/Startup/startup_stm32f103c8tx.s.obj
 .debug_line    0x0000007b      0x687 CMakeFiles/azrael_freeRTOS.dir/Sources/main.c.obj
 .debug_line    0x00000702      0x227 CMakeFiles/azrael_freeRTOS.dir/Sources/sysmem.c.obj
 .debug_line    0x00000929     0x1889 CMakeFiles/azrael_freeRTOS.dir/Drivers/FreeRTOS/tasks.c.obj
 .debug_line    0x000021b2     0x1260 CMakeFiles/azrael_freeRTOS.dir/Drivers/FreeRTOS/queue.c.obj
 .debug_line    0x00003412      0x30c CMakeFiles/azrael_freeRTOS.dir/Drivers/FreeRTOS/list.c.obj
 .debug_line    0x0000371e      0x70c CMakeFiles/azrael_freeRTOS.dir/Drivers/FreeRTOS/event_groups.c.obj
 .debug_line    0x00003e2a      0x71e CMakeFiles/azrael_freeRTOS.dir/Drivers/FreeRTOS/portable/MemMang/heap_4.c.obj
 .debug_line    0x00004548      0x44b CMakeFiles/azrael_freeRTOS.dir/Drivers/FreeRTOS/portable/GCC/ARM_CM3/port.c.obj
 .debug_line    0x00004993      0x778 CMakeFiles/azrael_freeRTOS.dir/Drivers/ST7735/st7735/st7735.c.obj
 .debug_line    0x0000510b      0x173 CMakeFiles/azrael_freeRTOS.dir/Drivers/ST7735/st7735/fonts.c.obj
 .debug_line    0x0000527e      0x31d CMakeFiles/azrael_freeRTOS.dir/Sources/gpio.c.obj
 .debug_line    0x0000559b      0x28d CMakeFiles/azrael_freeRTOS.dir/Sources/spi.c.obj
 .debug_line    0x00005828      0x1fc CMakeFiles/azrael_freeRTOS.dir/Sources/display.c.obj
 .debug_line    0x00005a24      0x201 /home/hillary/.local/share/stm32cube/bundles/gnu-tools-for-stm32/13.3.1+st.9/bin/../lib/gcc/arm-none-eabi/13.3.1/../../../../arm-none-eabi/lib/thumb/v7-m/nofp/libg_nano.a(libc_a-malloc.o)
 .debug_line    0x00005c25      0x366 /home/hillary/.local/share/stm32cube/bundles/gnu-tools-for-stm32/13.3.1+st.9/bin/../lib/gcc/arm-none-eabi/13.3.1/../../../../arm-none-eabi/lib/thumb/v7-m/nofp/libg_nano.a(libc_a-snprintf.o)
 .debug_line    0x00005f8b      0x185 /home/hillary/.local/share/stm32cube/bundles/gnu-tools-for-stm32/13.3.1+st.9/bin/../lib/gcc/arm-none-eabi/13.3.1/../../../../arm-none-eabi/lib/thumb/v7-m/nofp/libg_nano.a(libc_a-errno.o)
 .debug_line    0x00006110      0x207 /home/hillary/.local/share/stm32cube/bundles/gnu-tools-for-stm32/13.3.1+st.9/bin/../lib/gcc/arm-none-eabi/13.3.1/../../../../arm-none-eabi/lib/thumb/v7-m/nofp/libg_nano.a(libc_a-memcpy-stub.o)
 .debug_line    0x00006317      0x89f /home/hillary/.local/share/stm32cube/bundles/gnu-tools-for-stm32/13.3.1+st.9/bin/../lib/gcc/arm-none-eabi/13.3.1/../../../../arm-none-eabi/lib/thumb/v7-m/nofp/libg_nano.a(libc_a-nano-svfprintf.o)
 .debug_line    0x00006bb6      0x722 /home/hillary/.local/share/stm32cube/bundles/gnu-tools-for-stm32/13.3.1+st.9/bin/../lib/gcc/arm-none-eabi/13.3.1/../../../../arm-none-eabi/lib/thumb/v7-m/nofp/libg_nano.a(libc_a-nano-vfprintf_i.o)
 .debug_line    0x000072d8      0x1bb /home/hillary/.local/share/stm32cube/bundles/gnu-tools-for-stm32/13.3.1+st.9/bin/../lib/gcc/arm-none-eabi/13.3.1/../../../../arm-none-eabi/lib/thumb/v7-m/nofp/libg_nano.a(libc_a-memmove.o)
 .debug_line    0x00007493      0x1fe /home/hillary/.local/share/stm32cube/bundles/gnu-tools-for-stm32/13.3.1+st.9/bin/../lib/gcc/arm-none-eabi/13.3.1/../../../../arm-none-eabi/lib/thumb/v7-m/nofp/libg_nano.a(libc_a-memchr-stub.o)
 .debug_line    0x00007691      0x274 /home/hillary/.local/share/stm32cube/bundles/gnu-tools-for-stm32/13.3.1+st.9/bin/../lib/gcc/arm-none-eabi/13.3.1/../../../../arm-none-eabi/lib/thumb/v7-m/nofp/libg_nano.a(libc_a-reallocr.o)
 .debug_line    0x00007905      0x205 /home/hillary/.local/share/stm32cube/bundles/gnu-tools-for-stm32/13.3.1+st.9/bin/../lib/gcc/arm-none-eabi/13.3.1/../../../../arm-none-eabi/lib/thumb/v7-m/nofp/libg_nano.a(libc_a-msizer.o)

.debug_line_str
                0x00000000       0x94
 .debug_line_str
                0x00000000       0x94 CMakeFiles/azrael_freeRTOS.dir/Startup/startup_stm32f103c8tx.s.obj

.debug_info     0x00000000     0xcf8f
 .debug_info    0x00000000       0x30 CMakeFiles/azrael_freeRTOS.dir/Startup/startup_stm32f103c8tx.s.obj
 .debug_info    0x00000030      0x72e CMakeFiles/azrael_freeRTOS.dir/Sources/main.c.obj
 .debug_info    0x0000075e      0x164 CMakeFiles/azrael_freeRTOS.dir/Sources/sysmem.c.obj
 .debug_info    0x000008c2     0x2f8f CMakeFiles/azrael_freeRTOS.dir/Drivers/FreeRTOS/tasks.c.obj
 .debug_info    0x00003851     0x1c5f CMakeFiles/azrael_freeRTOS.dir/Drivers/FreeRTOS/queue.c.obj
 .debug_info    0x000054b0      0x2a6 CMakeFiles/azrael_freeRTOS.dir/Drivers/FreeRTOS/list.c.obj
 .debug_info    0x00005756      0xb00 CMakeFiles/azrael_freeRTOS.dir/Drivers/FreeRTOS/event_groups.c.obj
 .debug_info    0x00006256      0x5e6 CMakeFiles/azrael_freeRTOS.dir/Drivers/FreeRTOS/portable/MemMang/heap_4.c.obj
 .debug_info    0x0000683c      0x51b CMakeFiles/azrael_freeRTOS.dir/Drivers/FreeRTOS/portable/GCC/ARM_CM3/port.c.obj
 .debug_info    0x00006d57      0x9a8 CMakeFiles/azrael_freeRTOS.dir/Drivers/ST7735/st7735/st7735.c.obj
 .debug_info    0x000076ff      0x196 CMakeFiles/azrael_freeRTOS.dir/Drivers/ST7735/st7735/fonts.c.obj
 .debug_info    0x00007895      0x799 CMakeFiles/azrael_freeRTOS.dir/Sources/gpio.c.obj
 .debug_info    0x0000802e      0x29c CMakeFiles/azrael_freeRTOS.dir/Sources/spi.c.obj
 .debug_info    0x000082ca      0x327 CMakeFiles/azrael_freeRTOS.dir/Sources/display.c.obj
 .debug_info    0x000085f1      0x7a0 /home/hillary/.local/share/stm32cube/bundles/gnu-tools-for-stm32/13.3.1+st.9/bin/../lib/gcc/arm-none-eabi/13.3.1/../../../../arm-none-eabi/lib/thumb/v7-m/nofp/libg_nano.a(libc_a-malloc.o)
 .debug_info    0x00008d91      0x8b9 /home/hillary/.local/share/stm32cube/bundles/gnu-tools-for-stm32/13.3.1+st.9/bin/../lib/gcc/arm-none-eabi/13.3.1/../../../../arm-none-eabi/lib/thumb/v7-m/nofp/libg_nano.a(libc_a-snprintf.o)
 .debug_info    0x0000964a      0x6fb /home/hillary/.local/share/stm32cube/bundles/gnu-tools-for-stm32/13.3.1+st.9/bin/../lib/gcc/arm-none-eabi/13.3.1/../../../../arm-none-eabi/lib/thumb/v7-m/nofp/libg_nano.a(libc_a-errno.o)
 .debug_info    0x00009d45      0x121 /home/hillary/.local/share/stm32cube/bundles/gnu-tools-for-stm32/13.3.1+st.9/bin/../lib/gcc/arm-none-eabi/13.3.1/../../../../arm-none-eabi/lib/thumb/v7-m/nofp/libg_nano.a(libc_a-memcpy-stub.o)
 .debug_info    0x00009e66     0x10c7 /home/hillary/.local/share/stm32cube/bundles/gnu-tools-for-stm32/13.3.1+st.9/bin/../lib/gcc/arm-none-eabi/13.3.1/../../../../arm-none-eabi/lib/thumb/v7-m/nofp/libg_nano.a(libc_a-nano-svfprintf.o)
 .debug_info    0x0000af2d      0xde2 /home/hillary/.local/share/stm32cube/bundles/gnu-tools-for-stm32/13.3.1+st.9/bin/../lib/gcc/arm-none-eabi/13.3.1/../../../../arm-none-eabi/lib/thumb/v7-m/nofp/libg_nano.a(libc_a-nano-vfprintf_i.o)
 .debug_info    0x0000bd0f      0x10f /home/hillary/.local/share/stm32cube/bundles/gnu-tools-for-stm32/13.3.1+st.9/bin/../lib/gcc/arm-none-eabi/13.3.1/../../../../arm-none-eabi/lib/thumb/v7-m/nofp/libg_nano.a(libc_a-memmove.o)
 .debug_info    0x0000be1e      0x110 /home/hillary/.local/share/stm32cube/bundles/gnu-tools-for-stm32/13.3.1+st.9/bin/../lib/gcc/arm-none-eabi/13.3.1/../../../../arm-none-eabi/lib/thumb/v7-m/nofp/libg_nano.a(libc_a-memchr-stub.o)
 .debug_info    0x0000bf2e      0x8cd /home/hillary/.local/share/stm32cube/bundles/gnu-tools-for-stm32/13.3.1+st.9/bin/../lib/gcc/arm-none-eabi/13.3.1/../../../../arm-none-eabi/lib/thumb/v7-m/nofp/libg_nano.a(libc_a-reallocr.o)
 .debug_info    0x0000c7fb      0x794 /home/hillary/.local/share/stm32cube/bundles/gnu-tools-for-stm32/13.3.1+st.9/bin/../lib/gcc/arm-none-eabi/13.3.1/../../../../arm-none-eabi/lib/thumb/v7-m/nofp/libg_nano.a(libc_a-msizer.o)

.debug_abbrev   0x00000000     0x2a7a
 .debug_abbrev  0x00000000       0x24 CMakeFiles/azrael_freeRTOS.dir/Startup/startup_stm32f103c8tx.s.obj
 .debug_abbrev  0x00000024      0x2bd CMakeFiles/azrael_freeRTOS.dir/Sources/main.c.obj
 .debug_abbrev  0x000002e1       0xba CMakeFiles/azrael_freeRTOS.dir/Sources/sysmem.c.obj
 .debug_abbrev  0x0000039b      0x3ea CMakeFiles/azrael_freeRTOS.dir/Drivers/FreeRTOS/tasks.c.obj
 .debug_abbrev  0x00000785      0x340 CMakeFiles/azrael_freeRTOS.dir/Drivers/FreeRTOS/queue.c.obj
 .debug_abbrev  0x00000ac5       0xec CMakeFiles/azrael_freeRTOS.dir/Drivers/FreeRTOS/list.c.obj
 .debug_abbrev  0x00000bb1      0x2e5 CMakeFiles/azrael_freeRTOS.dir/Drivers/FreeRTOS/event_groups.c.obj
 .debug_abbrev  0x00000e96      0x258 CMakeFiles/azrael_freeRTOS.dir/Drivers/FreeRTOS/portable/MemMang/heap_4.c.obj
 .debug_abbrev  0x000010ee      0x253 CMakeFiles/azrael_freeRTOS.dir/Drivers/FreeRTOS/portable/GCC/ARM_CM3/port.c.obj
 .debug_abbrev  0x00001341      0x24b CMakeFiles/azrael_freeRTOS.dir/Drivers/ST7735/st7735/st7735.c.obj
 .debug_abbrev  0x0000158c       0xb1 CMakeFiles/azrael_freeRTOS.dir/Drivers/ST7735/st7735/fonts.c.obj
 .debug_abbrev  0x0000163d      0x171 CMakeFiles/azrael_freeRTOS.dir/Sources/gpio.c.obj
 .debug_abbrev  0x000017ae      0x103 CMakeFiles/azrael_freeRTOS.dir/Sources/spi.c.obj
 .debug_abbrev  0x000018b1       0xf4 CMakeFiles/azrael_freeRTOS.dir/Sources/display.c.obj
 .debug_abbrev  0x000019a5      0x1cf /home/hillary/.local/share/stm32cube/bundles/gnu-tools-for-stm32/13.3.1+st.9/bin/../lib/gcc/arm-none-eabi/13.3.1/../../../../arm-none-eabi/lib/thumb/v7-m/nofp/libg_nano.a(libc_a-malloc.o)
 .debug_abbrev  0x00001b74      0x231 /home/hillary/.local/share/stm32cube/bundles/gnu-tools-for-stm32/13.3.1+st.9/bin/../lib/gcc/arm-none-eabi/13.3.1/../../../../arm-none-eabi/lib/thumb/v7-m/nofp/libg_nano.a(libc_a-snprintf.o)
 .debug_abbrev  0x00001da5      0x15e /home/hillary/.local/share/stm32cube/bundles/gnu-tools-for-stm32/13.3.1+st.9/bin/../lib/gcc/arm-none-eabi/13.3.1/../../../../arm-none-eabi/lib/thumb/v7-m/nofp/libg_nano.a(libc_a-errno.o)
 .debug_abbrev  0x00001f03       0xc1 /home/hillary/.local/share/stm32cube/bundles/gnu-tools-for-stm32/13.3.1+st.9/bin/../lib/gcc/arm-none-eabi/13.3.1/../../../../arm-none-eabi/lib/thumb/v7-m/nofp/libg_nano.a(libc_a-memcpy-stub.o)
 .debug_abbrev  0x00001fc4      0x31e /home/hillary/.local/share/stm32cube/bundles/gnu-tools-for-stm32/13.3.1+st.9/bin/../lib/gcc/arm-none-eabi/13.3.1/../../../../arm-none-eabi/lib/thumb/v7-m/nofp/libg_nano.a(libc_a-nano-svfprintf.o)
 .debug_abbrev  0x000022e2      0x28e /home/hillary/.local/share/stm32cube/bundles/gnu-tools-for-stm32/13.3.1+st.9/bin/../lib/gcc/arm-none-eabi/13.3.1/../../../../arm-none-eabi/lib/thumb/v7-m/nofp/libg_nano.a(libc_a-nano-vfprintf_i.o)
 .debug_abbrev  0x00002570       0xac /home/hillary/.local/share/stm32cube/bundles/gnu-tools-for-stm32/13.3.1+st.9/bin/../lib/gcc/arm-none-eabi/13.3.1/../../../../arm-none-eabi/lib/thumb/v7-m/nofp/libg_nano.a(libc_a-memmove.o)
 .debug_abbrev  0x0000261c       0xb1 /home/hillary/.local/share/stm32cube/bundles/gnu-tools-for-stm32/13.3.1+st.9/bin/../lib/gcc/arm-none-eabi/13.3.1/../../../../arm-none-eabi/lib/thumb/v7-m/nofp/libg_nano.a(libc_a-memchr-stub.o)
 .debug_abbrev  0x000026cd      0x217 /home/hillary/.local/share/stm32cube/bundles/gnu-tools-for-stm32/13.3.1+st.9/bin/../lib/gcc/arm-none-eabi/13.3.1/../../../../arm-none-eabi/lib/thumb/v7-m/nofp/libg_nano.a(libc_a-reallocr.o)
 .debug_abbrev  0x000028e4      0x196 /home/hillary/.local/share/stm32cube/bundles/gnu-tools-for-stm32/13.3.1+st.9/bin/../lib/gcc/arm-none-eabi/13.3.1/../../../../arm-none-eabi/lib/thumb/v7-m/nofp/libg_nano.a(libc_a-msizer.o)

.debug_aranges  0x00000000      0x328
 .debug_aranges
                0x00000000       0x28 CMakeFiles/azrael_freeRTOS.dir/Startup/startup_stm32f103c8tx.s.obj
 .debug_aranges
                0x00000028       0x20 CMakeFiles/azrael_freeRTOS.dir/Sources/main.c.obj
 .debug_aranges
                0x00000048       0x20 CMakeFiles/azrael_freeRTOS.dir/Sources/sysmem.c.obj
 .debug_aranges
                0x00000068       0x20 CMakeFiles/azrael_freeRTOS.dir/Drivers/FreeRTOS/tasks.c.obj
 .debug_aranges
                0x00000088       0x20 CMakeFiles/azrael_freeRTOS.dir/Drivers/FreeRTOS/queue.c.obj
 .debug_aranges
                0x000000a8       0x20 CMakeFiles/azrael_freeRTOS.dir/Drivers/FreeRTOS/list.c.obj
 .debug_aranges
                0x000000c8       0x20 CMakeFiles/azrael_freeRTOS.dir/Drivers/FreeRTOS/event_groups.c.obj
 .debug_aranges
                0x000000e8       0x20 CMakeFiles/azrael_freeRTOS.dir/Drivers/FreeRTOS/portable/MemMang/heap_4.c.obj
 .debug_aranges
                0x00000108       0x20 CMakeFiles/azrael_freeRTOS.dir/Drivers/FreeRTOS/portable/GCC/ARM_CM3/port.c.obj
 .debug_aranges
                0x00000128       0x20 CMakeFiles/azrael_freeRTOS.dir/Drivers/ST7735/st7735/st7735.c.obj
 .debug_aranges
                0x00000148       0x18 CMakeFiles/azrael_freeRTOS.dir/Drivers/ST7735/st7735/fonts.c.obj
 .debug_aranges
                0x00000160       0x20 CMakeFiles/azrael_freeRTOS.dir/Sources/gpio.c.obj
 .debug_aranges
                0x00000180       0x20 CMakeFiles/azrael_freeRTOS.dir/Sources/spi.c.obj
 .debug_aranges
                0x000001a0       0x20 CMakeFiles/azrael_freeRTOS.dir/Sources/display.c.obj
 .debug_aranges
                0x000001c0       0x28 /home/hillary/.local/share/stm32cube/bundles/gnu-tools-for-stm32/13.3.1+st.9/bin/../lib/gcc/arm-none-eabi/13.3.1/../../../../arm-none-eabi/lib/thumb/v7-m/nofp/libg_nano.a(libc_a-malloc.o)
 .debug_aranges
                0x000001e8       0x28 /home/hillary/.local/share/stm32cube/bundles/gnu-tools-for-stm32/13.3.1+st.9/bin/../lib/gcc/arm-none-eabi/13.3.1/../../../../arm-none-eabi/lib/thumb/v7-m/nofp/libg_nano.a(libc_a-snprintf.o)
 .debug_aranges
                0x00000210       0x20 /home/hillary/.local/share/stm32cube/bundles/gnu-tools-for-stm32/13.3.1+st.9/bin/../lib/gcc/arm-none-eabi/13.3.1/../../../../arm-none-eabi/lib/thumb/v7-m/nofp/libg_nano.a(libc_a-errno.o)
 .debug_aranges
                0x00000230       0x20 /home/hillary/.local/share/stm32cube/bundles/gnu-tools-for-stm32/13.3.1+st.9/bin/../lib/gcc/arm-none-eabi/13.3.1/../../../../arm-none-eabi/lib/thumb/v7-m/nofp/libg_nano.a(libc_a-memcpy-stub.o)
 .debug_aranges
                0x00000250       0x30 /home/hillary/.local/share/stm32cube/bundles/gnu-tools-for-stm32/13.3.1+st.9/bin/../lib/gcc/arm-none-eabi/13.3.1/../../../../arm-none-eabi/lib/thumb/v7-m/nofp/libg_nano.a(libc_a-nano-svfprintf.o)
 .debug_aranges
                0x00000280       0x28 /home/hillary/.local/share/stm32cube/bundles/gnu-tools-for-stm32/13.3.1+st.9/bin/../lib/gcc/arm-none-eabi/13.3.1/../../../../arm-none-eabi/lib/thumb/v7-m/nofp/libg_nano.a(libc_a-nano-vfprintf_i.o)
 .debug_aranges
                0x000002a8       0x20 /home/hillary/.local/share/stm32cube/bundles/gnu-tools-for-stm32/13.3.1+st.9/bin/../lib/gcc/arm-none-eabi/13.3.1/../../../../arm-none-eabi/lib/thumb/v7-m/nofp/libg_nano.a(libc_a-memmove.o)
 .debug_aranges
                0x000002c8       0x20 /home/hillary/.local/share/stm32cube/bundles/gnu-tools-for-stm32/13.3.1+st.9/bin/../lib/gcc/arm-none-eabi/13.3.1/../../../../arm-none-eabi/lib/thumb/v7-m/nofp/libg_nano.a(libc_a-memchr-stub.o)
 .debug_aranges
                0x000002e8       0x20 /home/hillary/.local/share/stm32cube/bundles/gnu-tools-for-stm32/13.3.1+st.9/bin/../lib/gcc/arm-none-eabi/13.3.1/../../../../arm-none-eabi/lib/thumb/v7-m/nofp/libg_nano.a(libc_a-reallocr.o)
 .debug_aranges
                0x00000308       0x20 /home/hillary/.local/share/stm32cube/bundles/gnu-tools-for-stm32/13.3.1+st.9/bin/../lib/gcc/arm-none-eabi/13.3.1/../../../../arm-none-eabi/lib/thumb/v7-m/nofp/libg_nano.a(libc_a-msizer.o)

.debug_str      0x00000000     0x394a
 .debug_str     0x00000000     0x394a CMakeFiles/azrael_freeRTOS.dir/Startup/startup_stm32f103c8tx.s.obj
                                 0xb0 (size before relaxing)
 .debug_str     0x0000394a        0x0 CMakeFiles/azrael_freeRTOS.dir/Sources/main.c.obj
                                0x589 (size before relaxing)
 .debug_str     0x0000394a        0x0 CMakeFiles/azrael_freeRTOS.dir/Sources/sysmem.c.obj
                                0x20b (size before relaxing)
 .debug_str     0x0000394a        0x0 CMakeFiles/azrael_freeRTOS.dir/Drivers/FreeRTOS/tasks.c.obj
                               0x15ad (size before relaxing)
 .debug_str     0x0000394a        0x0 CMakeFiles/azrael_freeRTOS.dir/Drivers/FreeRTOS/queue.c.obj
                                0xcfa (size before relaxing)
 .debug_str     0x0000394a        0x0 CMakeFiles/azrael_freeRTOS.dir/Drivers/FreeRTOS/list.c.obj
                                0x2d2 (size before relaxing)
 .debug_str     0x0000394a        0x0 CMakeFiles/azrael_freeRTOS.dir/Drivers/FreeRTOS/event_groups.c.obj
                                0x771 (size before relaxing)
 .debug_str     0x0000394a        0x0 CMakeFiles/azrael_freeRTOS.dir/Drivers/FreeRTOS/portable/MemMang/heap_4.c.obj
                                0x555 (size before relaxing)
 .debug_str     0x0000394a        0x0 CMakeFiles/azrael_freeRTOS.dir/Drivers/FreeRTOS/portable/GCC/ARM_CM3/port.c.obj
                                0x451 (size before relaxing)
 .debug_str     0x0000394a        0x0 CMakeFiles/azrael_freeRTOS.dir/Drivers/ST7735/st7735/st7735.c.obj
                                0x4e1 (size before relaxing)
 .debug_str     0x0000394a        0x0 CMakeFiles/azrael_freeRTOS.dir/Drivers/ST7735/st7735/fonts.c.obj
                                0x1f1 (size before relaxing)
 .debug_str     0x0000394a        0x0 CMakeFiles/azrael_freeRTOS.dir/Sources/gpio.c.obj
                                0x65f (size before relaxing)
 .debug_str     0x0000394a        0x0 CMakeFiles/azrael_freeRTOS.dir/Sources/spi.c.obj
                                0x250 (size before relaxing)
 .debug_str     0x0000394a        0x0 CMakeFiles/azrael_freeRTOS.dir/Sources/display.c.obj
                                0x2b3 (size before relaxing)
 .debug_str     0x0000394a        0x0 /home/hillary/.local/share/stm32cube/bundles/gnu-tools-for-stm32/13.3.1+st.9/bin/../lib/gcc/arm-none-eabi/13.3.1/../../../../arm-none-eabi/lib/thumb/v7-m/nofp/libg_nano.a(libc_a-malloc.o)
                                0x54e (size before relaxing)
 .debug_str     0x0000394a        0x0 /home/hillary/.local/share/stm32cube/bundles/gnu-tools-for-stm32/13.3.1+st.9/bin/../lib/gcc/arm-none-eabi/13.3.1/../../../../arm-none-eabi/lib/thumb/v7-m/nofp/libg_nano.a(libc_a-snprintf.o)
                                0x577 (size before relaxing)
 .debug_str     0x0000394a        0x0 /home/hillary/.local/share/stm32cube/bundles/gnu-tools-for-stm32/13.3.1+st.9/bin/../lib/gcc/arm-none-eabi/13.3.1/../../../../arm-none-eabi/lib/thumb/v7-m/nofp/libg_nano.a(libc_a-errno.o)
                                0x523 (size before relaxing)
 .debug_str     0x0000394a        0x0 /home/hillary/.local/share/stm32cube/bundles/gnu-tools-for-stm32/13.3.1+st.9/bin/../lib/gcc/arm-none-eabi/13.3.1/../../../../arm-none-eabi/lib/thumb/v7-m/nofp/libg_nano.a(libc_a-memcpy-stub.o)
                                0x227 (size before relaxing)
 .debug_str     0x0000394a        0x0 /home/hillary/.local/share/stm32cube/bundles/gnu-tools-for-stm32/13.3.1+st.9/bin/../lib/gcc/arm-none-eabi/13.3.1/../../../../arm-none-eabi/lib/thumb/v7-m/nofp/libg_nano.a(libc_a-nano-svfprintf.o)
                                0x872 (size before relaxing)
 .debug_str     0x0000394a        0x0 /home/hillary/.local/share/stm32cube/bundles/gnu-tools-for-stm32/13.3.1+st.9/bin/../lib/gcc/arm-none-eabi/13.3.1/../../../../arm-none-eabi/lib/thumb/v7-m/nofp/libg_nano.a(libc_a-nano-vfprintf_i.o)
                                0x808 (size before relaxing)
 .debug_str     0x0000394a        0x0 /home/hillary/.local/share/stm32cube/bundles/gnu-tools-for-stm32/13.3.1+st.9/bin/../lib/gcc/arm-none-eabi/13.3.1/../../../../arm-none-eabi/lib/thumb/v7-m/nofp/libg_nano.a(libc_a-memmove.o)
                                0x224 (size before relaxing)
 .debug_str     0x0000394a        0x0 /home/hillary/.local/share/stm32cube/bundles/gnu-tools-for-stm32/13.3.1+st.9/bin/../lib/gcc/arm-none-eabi/13.3.1/../../../../arm-none-eabi/lib/thumb/v7-m/nofp/libg_nano.a(libc_a-memchr-stub.o)
                                0x223 (size before relaxing)
 .debug_str     0x0000394a        0x0 /home/hillary/.local/share/stm32cube/bundles/gnu-tools-for-stm32/13.3.1+st.9/bin/../lib/gcc/arm-none-eabi/13.3.1/../../../../arm-none-eabi/lib/thumb/v7-m/nofp/libg_nano.a(libc_a-reallocr.o)
                                0x59f (size before relaxing)
 .debug_str     0x0000394a        0x0 /home/hillary/.local/share/stm32cube/bundles/gnu-tools-for-stm32/13.3.1+st.9/bin/../lib/gcc/arm-none-eabi/13.3.1/../../../../arm-none-eabi/lib/thumb/v7-m/nofp/libg_nano.a(libc_a-msizer.o)
                                0x572 (size before relaxing)

.debug_rnglists
                0x00000000      0x1a5
 .debug_rnglists
                0x00000000       0x19 CMakeFiles/azrael_freeRTOS.dir/Startup/startup_stm32f103c8tx.s.obj
 .debug_rnglists
                0x00000019       0x1c CMakeFiles/azrael_freeRTOS.dir/Drivers/FreeRTOS/tasks.c.obj
 .debug_rnglists
                0x00000035       0x17 CMakeFiles/azrael_freeRTOS.dir/Drivers/ST7735/st7735/st7735.c.obj
 .debug_rnglists
                0x0000004c       0x19 /home/hillary/.local/share/stm32cube/bundles/gnu-tools-for-stm32/13.3.1+st.9/bin/../lib/gcc/arm-none-eabi/13.3.1/../../../../arm-none-eabi/lib/thumb/v7-m/nofp/libg_nano.a(libc_a-malloc.o)
 .debug_rnglists
                0x00000065       0x19 /home/hillary/.local/share/stm32cube/bundles/gnu-tools-for-stm32/13.3.1+st.9/bin/../lib/gcc/arm-none-eabi/13.3.1/../../../../arm-none-eabi/lib/thumb/v7-m/nofp/libg_nano.a(libc_a-snprintf.o)
 .debug_rnglists
                0x0000007e       0x13 /home/hillary/.local/share/stm32cube/bundles/gnu-tools-for-stm32/13.3.1+st.9/bin/../lib/gcc/arm-none-eabi/13.3.1/../../../../arm-none-eabi/lib/thumb/v7-m/nofp/libg_nano.a(libc_a-errno.o)
 .debug_rnglists
                0x00000091       0x13 /home/hillary/.local/share/stm32cube/bundles/gnu-tools-for-stm32/13.3.1+st.9/bin/../lib/gcc/arm-none-eabi/13.3.1/../../../../arm-none-eabi/lib/thumb/v7-m/nofp/libg_nano.a(libc_a-memcpy-stub.o)
 .debug_rnglists
                0x000000a4       0x48 /home/hillary/.local/share/stm32cube/bundles/gnu-tools-for-stm32/13.3.1+st.9/bin/../lib/gcc/arm-none-eabi/13.3.1/../../../../arm-none-eabi/lib/thumb/v7-m/nofp/libg_nano.a(libc_a-nano-svfprintf.o)
 .debug_rnglists
                0x000000ec       0x6d /home/hillary/.local/share/stm32cube/bundles/gnu-tools-for-stm32/13.3.1+st.9/bin/../lib/gcc/arm-none-eabi/13.3.1/../../../../arm-none-eabi/lib/thumb/v7-m/nofp/libg_nano.a(libc_a-nano-vfprintf_i.o)
 .debug_rnglists
                0x00000159       0x13 /home/hillary/.local/share/stm32cube/bundles/gnu-tools-for-stm32/13.3.1+st.9/bin/../lib/gcc/arm-none-eabi/13.3.1/../../../../arm-none-eabi/lib/thumb/v7-m/nofp/libg_nano.a(libc_a-memmove.o)
 .debug_rnglists
                0x0000016c       0x13 /home/hillary/.local/share/stm32cube/bundles/gnu-tools-for-stm32/13.3.1+st.9/bin/../lib/gcc/arm-none-eabi/13.3.1/../../../../arm-none-eabi/lib/thumb/v7-m/nofp/libg_nano.a(libc_a-memchr-stub.o)
 .debug_rnglists
                0x0000017f       0x13 /home/hillary/.local/share/stm32cube/bundles/gnu-tools-for-stm32/13.3.1+st.9/bin/../lib/gcc/arm-none-eabi/13.3.1/../../../../arm-none-eabi/lib/thumb/v7-m/nofp/libg_nano.a(libc_a-reallocr.o)
 .debug_rnglists
                0x00000192       0x13 /home/hillary/.local/share/stm32cube/bundles/gnu-tools-for-stm32/13.3.1+st.9/bin/../lib/gcc/arm-none-eabi/13.3.1/../../../../arm-none-eabi/lib/thumb/v7-m/nofp/libg_nano.a(libc_a-msizer.o)

.comment        0x00000000       0x43
 .comment       0x00000000       0x43 CMakeFiles/azrael_freeRTOS.dir/Sources/main.c.obj
                                 0x44 (size before relaxing)
 .comment       0x00000043        0x0 CMakeFiles/azrael_freeRTOS.dir/Sources/sysmem.c.obj
                                 0x44 (size before relaxing)
 .comment       0x00000043        0x0 CMakeFiles/azrael_freeRTOS.dir/Drivers/FreeRTOS/tasks.c.obj
                                 0x44 (size before relaxing)
 .comment       0x00000043        0x0 CMakeFiles/azrael_freeRTOS.dir/Drivers/FreeRTOS/queue.c.obj
                                 0x44 (size before relaxing)
 .comment       0x00000043        0x0 CMakeFiles/azrael_freeRTOS.dir/Drivers/FreeRTOS/list.c.obj
                                 0x44 (size before relaxing)
 .comment       0x00000043        0x0 CMakeFiles/azrael_freeRTOS.dir/Drivers/FreeRTOS/event_groups.c.obj
                                 0x44 (size before relaxing)
 .comment       0x00000043        0x0 CMakeFiles/azrael_freeRTOS.dir/Drivers/FreeRTOS/portable/MemMang/heap_4.c.obj
                                 0x44 (size before relaxing)
 .comment       0x00000043        0x0 CMakeFiles/azrael_freeRTOS.dir/Drivers/FreeRTOS/portable/GCC/ARM_CM3/port.c.obj
                                 0x44 (size before relaxing)
 .comment       0x00000043        0x0 CMakeFiles/azrael_freeRTOS.dir/Drivers/ST7735/st7735/st7735.c.obj
                                 0x44 (size before relaxing)
 .comment       0x00000043        0x0 CMakeFiles/azrael_freeRTOS.dir/Drivers/ST7735/st7735/fonts.c.obj
                                 0x44 (size before relaxing)
 .comment       0x00000043        0x0 CMakeFiles/azrael_freeRTOS.dir/Sources/gpio.c.obj
                                 0x44 (size before relaxing)
 .comment       0x00000043        0x0 CMakeFiles/azrael_freeRTOS.dir/Sources/spi.c.obj
                                 0x44 (size before relaxing)
 .comment       0x00000043        0x0 CMakeFiles/azrael_freeRTOS.dir/Sources/display.c.obj
                                 0x44 (size before relaxing)
 .comment       0x00000043        0x0 /home/hillary/.local/share/stm32cube/bundles/gnu-tools-for-stm32/13.3.1+st.9/bin/../lib/gcc/arm-none-eabi/13.3.1/../../../../arm-none-eabi/lib/thumb/v7-m/nofp/libg_nano.a(libc_a-malloc.o)
                                 0x44 (size before relaxing)
 .comment       0x00000043        0x0 /home/hillary/.local/share/stm32cube/bundles/gnu-tools-for-stm32/13.3.1+st.9/bin/../lib/gcc/arm-none-eabi/13.3.1/../../../../arm-none-eabi/lib/thumb/v7-m/nofp/libg_nano.a(libc_a-snprintf.o)
                                 0x44 (size before relaxing)
 .comment       0x00000043        0x0 /home/hillary/.local/share/stm32cube/bundles/gnu-tools-for-stm32/13.3.1+st.9/bin/../lib/gcc/arm-none-eabi/13.3.1/../../../../arm-none-eabi/lib/thumb/v7-m/nofp/libg_nano.a(libc_a-errno.o)
                                 0x44 (size before relaxing)
 .comment       0x00000043        0x0 /home/hillary/.local/share/stm32cube/bundles/gnu-tools-for-stm32/13.3.1+st.9/bin/../lib/gcc/arm-none-eabi/13.3.1/../../../../arm-none-eabi/lib/thumb/v7-m/nofp/libg_nano.a(libc_a-memcpy-stub.o)
                                 0x44 (size before relaxing)
 .comment       0x00000043        0x0 /home/hillary/.local/share/stm32cube/bundles/gnu-tools-for-stm32/13.3.1+st.9/bin/../lib/gcc/arm-none-eabi/13.3.1/../../../../arm-none-eabi/lib/thumb/v7-m/nofp/libg_nano.a(libc_a-nano-svfprintf.o)
                                 0x44 (size before relaxing)
 .comment       0x00000043        0x0 /home/hillary/.local/share/stm32cube/bundles/gnu-tools-for-stm32/13.3.1+st.9/bin/../lib/gcc/arm-none-eabi/13.3.1/../../../../arm-none-eabi/lib/thumb/v7-m/nofp/libg_nano.a(libc_a-nano-vfprintf_i.o)
                                 0x44 (size before relaxing)
 .comment       0x00000043        0x0 /home/hillary/.local/share/stm32cube/bundles/gnu-tools-for-stm32/13.3.1+st.9/bin/../lib/gcc/arm-none-eabi/13.3.1/../../../../arm-none-eabi/lib/thumb/v7-m/nofp/libg_nano.a(libc_a-memmove.o)
                                 0x44 (size before relaxing)
 .comment       0x00000043        0x0 /home/hillary/.local/share/stm32cube/bundles/gnu-tools-for-stm32/13.3.1+st.9/bin/../lib/gcc/arm-none-eabi/13.3.1/../../../../arm-none-eabi/lib/thumb/v7-m/nofp/libg_nano.a(libc_a-memchr-stub.o)
                                 0x44 (size before relaxing)
 .comment       0x00000043        0x0 /home/hillary/.local/share/stm32cube/bundles/gnu-tools-for-stm32/13.3.1+st.9/bin/../lib/gcc/arm-none-eabi/13.3.1/../../../../arm-none-eabi/lib/thumb/v7-m/nofp/libg_nano.a(libc_a-reallocr.o)
                                 0x44 (size before relaxing)
 .comment       0x00000043        0x0 /home/hillary/.local/share/stm32cube/bundles/gnu-tools-for-stm32/13.3.1+st.9/bin/../lib/gcc/arm-none-eabi/13.3.1/../../../../arm-none-eabi/lib/thumb/v7-m/nofp/libg_nano.a(libc_a-msizer.o)
                                 0x44 (size before relaxing)

.debug_loclists
                0x00000000      0xeee
 .debug_loclists
                0x00000000       0x54 /home/hillary/.local/share/stm32cube/bundles/gnu-tools-for-stm32/13.3.1+st.9/bin/../lib/gcc/arm-none-eabi/13.3.1/../../../../arm-none-eabi/lib/thumb/v7-m/nofp/libg_nano.a(libc_a-malloc.o)
 .debug_loclists
                0x00000054      0x14d /home/hillary/.local/share/stm32cube/bundles/gnu-tools-for-stm32/13.3.1+st.9/bin/../lib/gcc/arm-none-eabi/13.3.1/../../../../arm-none-eabi/lib/thumb/v7-m/nofp/libg_nano.a(libc_a-snprintf.o)
 .debug_loclists
                0x000001a1       0xad /home/hillary/.local/share/stm32cube/bundles/gnu-tools-for-stm32/13.3.1+st.9/bin/../lib/gcc/arm-none-eabi/13.3.1/../../../../arm-none-eabi/lib/thumb/v7-m/nofp/libg_nano.a(libc_a-memcpy-stub.o)
 .debug_loclists
                0x0000024e      0x470 /home/hillary/.local/share/stm32cube/bundles/gnu-tools-for-stm32/13.3.1+st.9/bin/../lib/gcc/arm-none-eabi/13.3.1/../../../../arm-none-eabi/lib/thumb/v7-m/nofp/libg_nano.a(libc_a-nano-svfprintf.o)
 .debug_loclists
                0x000006be      0x44a /home/hillary/.local/share/stm32cube/bundles/gnu-tools-for-stm32/13.3.1+st.9/bin/../lib/gcc/arm-none-eabi/13.3.1/../../../../arm-none-eabi/lib/thumb/v7-m/nofp/libg_nano.a(libc_a-nano-vfprintf_i.o)
 .debug_loclists
                0x00000b08      0x149 /home/hillary/.local/share/stm32cube/bundles/gnu-tools-for-stm32/13.3.1+st.9/bin/../lib/gcc/arm-none-eabi/13.3.1/../../../../arm-none-eabi/lib/thumb/v7-m/nofp/libg_nano.a(libc_a-memmove.o)
 .debug_loclists
                0x00000c51       0xf7 /home/hillary/.local/share/stm32cube/bundles/gnu-tools-for-stm32/13.3.1+st.9/bin/../lib/gcc/arm-none-eabi/13.3.1/../../../../arm-none-eabi/lib/thumb/v7-m/nofp/libg_nano.a(libc_a-memchr-stub.o)
 .debug_loclists
                0x00000d48      0x13e /home/hillary/.local/share/stm32cube/bundles/gnu-tools-for-stm32/13.3.1+st.9/bin/../lib/gcc/arm-none-eabi/13.3.1/../../../../arm-none-eabi/lib/thumb/v7-m/nofp/libg_nano.a(libc_a-reallocr.o)
 .debug_loclists
                0x00000e86       0x68 /home/hillary/.local/share/stm32cube/bundles/gnu-tools-for-stm32/13.3.1+st.9/bin/../lib/gcc/arm-none-eabi/13.3.1/../../../../arm-none-eabi/lib/thumb/v7-m/nofp/libg_nano.a(libc_a-msizer.o)
