Archive member included to satisfy reference by file (symbol)

/home/hillary/.local/share/stm32cube/bundles/gnu-tools-for-stm32/13.3.1+st.9/bin/../lib/gcc/arm-none-eabi/13.3.1/../../../../arm-none-eabi/lib/thumb/v7-m/nofp/libc_nano.a(libc_a-exit.o)
                              /home/hillary/.local/share/stm32cube/bundles/gnu-tools-for-stm32/13.3.1+st.9/bin/../lib/gcc/arm-none-eabi/13.3.1/../../../../arm-none-eabi/lib/thumb/v7-m/nofp/crt0.o (exit)
/home/hillary/.local/share/stm32cube/bundles/gnu-tools-for-stm32/13.3.1+st.9/bin/../lib/gcc/arm-none-eabi/13.3.1/../../../../arm-none-eabi/lib/thumb/v7-m/nofp/libc_nano.a(libc_a-findfp.o)
                              /home/hillary/.local/share/stm32cube/bundles/gnu-tools-for-stm32/13.3.1+st.9/bin/../lib/gcc/arm-none-eabi/13.3.1/../../../../arm-none-eabi/lib/thumb/v7-m/nofp/libc_nano.a(libc_a-exit.o) (__stdio_exit_handler)
/home/hillary/.local/share/stm32cube/bundles/gnu-tools-for-stm32/13.3.1+st.9/bin/../lib/gcc/arm-none-eabi/13.3.1/../../../../arm-none-eabi/lib/thumb/v7-m/nofp/libc_nano.a(libc_a-fwalk.o)
                              /home/hillary/.local/share/stm32cube/bundles/gnu-tools-for-stm32/13.3.1+st.9/bin/../lib/gcc/arm-none-eabi/13.3.1/../../../../arm-none-eabi/lib/thumb/v7-m/nofp/libc_nano.a(libc_a-findfp.o) (_fwalk_sglue)
/home/hillary/.local/share/stm32cube/bundles/gnu-tools-for-stm32/13.3.1+st.9/bin/../lib/gcc/arm-none-eabi/13.3.1/../../../../arm-none-eabi/lib/thumb/v7-m/nofp/libc_nano.a(libc_a-stdio.o)
                              /home/hillary/.local/share/stm32cube/bundles/gnu-tools-for-stm32/13.3.1+st.9/bin/../lib/gcc/arm-none-eabi/13.3.1/../../../../arm-none-eabi/lib/thumb/v7-m/nofp/libc_nano.a(libc_a-findfp.o) (__sread)
/home/hillary/.local/share/stm32cube/bundles/gnu-tools-for-stm32/13.3.1+st.9/bin/../lib/gcc/arm-none-eabi/13.3.1/../../../../arm-none-eabi/lib/thumb/v7-m/nofp/libc_nano.a(libc_a-memset.o)
                              /home/hillary/.local/share/stm32cube/bundles/gnu-tools-for-stm32/13.3.1+st.9/bin/../lib/gcc/arm-none-eabi/13.3.1/../../../../arm-none-eabi/lib/thumb/v7-m/nofp/crt0.o (memset)
/home/hillary/.local/share/stm32cube/bundles/gnu-tools-for-stm32/13.3.1+st.9/bin/../lib/gcc/arm-none-eabi/13.3.1/../../../../arm-none-eabi/lib/thumb/v7-m/nofp/libc_nano.a(libc_a-closer.o)
                              /home/hillary/.local/share/stm32cube/bundles/gnu-tools-for-stm32/13.3.1+st.9/bin/../lib/gcc/arm-none-eabi/13.3.1/../../../../arm-none-eabi/lib/thumb/v7-m/nofp/libc_nano.a(libc_a-stdio.o) (_close_r)
/home/hillary/.local/share/stm32cube/bundles/gnu-tools-for-stm32/13.3.1+st.9/bin/../lib/gcc/arm-none-eabi/13.3.1/../../../../arm-none-eabi/lib/thumb/v7-m/nofp/libc_nano.a(libc_a-reent.o)
                              /home/hillary/.local/share/stm32cube/bundles/gnu-tools-for-stm32/13.3.1+st.9/bin/../lib/gcc/arm-none-eabi/13.3.1/../../../../arm-none-eabi/lib/thumb/v7-m/nofp/libc_nano.a(libc_a-closer.o) (errno)
/home/hillary/.local/share/stm32cube/bundles/gnu-tools-for-stm32/13.3.1+st.9/bin/../lib/gcc/arm-none-eabi/13.3.1/../../../../arm-none-eabi/lib/thumb/v7-m/nofp/libc_nano.a(libc_a-impure.o)
                              /home/hillary/.local/share/stm32cube/bundles/gnu-tools-for-stm32/13.3.1+st.9/bin/../lib/gcc/arm-none-eabi/13.3.1/../../../../arm-none-eabi/lib/thumb/v7-m/nofp/libc_nano.a(libc_a-reent.o) (_impure_ptr)
/home/hillary/.local/share/stm32cube/bundles/gnu-tools-for-stm32/13.3.1+st.9/bin/../lib/gcc/arm-none-eabi/13.3.1/../../../../arm-none-eabi/lib/thumb/v7-m/nofp/libc_nano.a(libc_a-lseekr.o)
                              /home/hillary/.local/share/stm32cube/bundles/gnu-tools-for-stm32/13.3.1+st.9/bin/../lib/gcc/arm-none-eabi/13.3.1/../../../../arm-none-eabi/lib/thumb/v7-m/nofp/libc_nano.a(libc_a-stdio.o) (_lseek_r)
/home/hillary/.local/share/stm32cube/bundles/gnu-tools-for-stm32/13.3.1+st.9/bin/../lib/gcc/arm-none-eabi/13.3.1/../../../../arm-none-eabi/lib/thumb/v7-m/nofp/libc_nano.a(libc_a-readr.o)
                              /home/hillary/.local/share/stm32cube/bundles/gnu-tools-for-stm32/13.3.1+st.9/bin/../lib/gcc/arm-none-eabi/13.3.1/../../../../arm-none-eabi/lib/thumb/v7-m/nofp/libc_nano.a(libc_a-stdio.o) (_read_r)
/home/hillary/.local/share/stm32cube/bundles/gnu-tools-for-stm32/13.3.1+st.9/bin/../lib/gcc/arm-none-eabi/13.3.1/../../../../arm-none-eabi/lib/thumb/v7-m/nofp/libc_nano.a(libc_a-writer.o)
                              /home/hillary/.local/share/stm32cube/bundles/gnu-tools-for-stm32/13.3.1+st.9/bin/../lib/gcc/arm-none-eabi/13.3.1/../../../../arm-none-eabi/lib/thumb/v7-m/nofp/libc_nano.a(libc_a-stdio.o) (_write_r)
/home/hillary/.local/share/stm32cube/bundles/gnu-tools-for-stm32/13.3.1+st.9/bin/../lib/gcc/arm-none-eabi/13.3.1/../../../../arm-none-eabi/lib/thumb/v7-m/nofp/libc_nano.a(libc_a-init.o)
[...]
Memory Configuration

Name             Origin             Length             Attributes
RAM              0x20000000         0x00005000         xrw
FLASH            0x08000000         0x00010000         xr
*default*        0x00000000         0xffffffff

Linker script and memory map

LOAD /home/hillary/.local/share/stm32cube/bundles/gnu-tools-for-stm32/13.3.1+st.9/bin/../lib/gcc/arm-none-eabi/13.3.1/thumb/v7-m/nofp/crti.o
LOAD /home/hillary/.local/share/stm32cube/bundles/gnu-tools-for-stm32/13.3.1+st.9/bin/../lib/gcc/arm-none-eabi/13.3.1/thumb/v7-m/nofp/crtbegin.o
LOAD /home/hillary/.local/share/stm32cube/bundles/gnu-tools-for-stm32/13.3.1+st.9/bin/../lib/gcc/arm-none-eabi/13.3.1/../../../../arm-none-eabi/lib/thumb/v7-m/nofp/crt0.o
START GROUP
LOAD /home/hillary/.local/share/stm32cube/bundles/gnu-tools-for-stm32/13.3.1+st.9/bin/../lib/gcc/arm-none-eabi/13.3.1/../../../../arm-none-eabi/lib/thumb/v7-m/nofp/libc_nano.a
LOAD /home/hillary/.local/share/stm32cube/bundles/gnu-tools-for-stm32/13.3.1+st.9/bin/../lib/gcc/arm-none-eabi/13.3.1/../../../../arm-none-eabi/lib/thumb/v7-m/nofp/libm.a
END GROUP
LOAD CMakeFiles/azrael_freeRTOS.dir/Startup/startup_stm32f103c8tx.s.obj
LOAD CMakeFiles/azrael_freeRTOS.dir/Sources/main.c.obj
LOAD CMakeFiles/azrael_freeRTOS.dir/Sources/syscalls.c.obj
LOAD CMakeFiles/azrael_freeRTOS.dir/Sources/sysmem.c.obj
LOAD CMakeFiles/azrael_freeRTOS.dir/Drivers/FreeRTOS/tasks.c.obj
LOAD CMakeFiles/azrael_freeRTOS.dir/Drivers/FreeRTOS/queue.c.obj
LOAD CMakeFiles/azrael_freeRTOS.dir/Drivers/FreeRTOS/list.c.obj
LOAD CMakeFiles/azrael_freeRTOS.dir/Drivers/FreeRTOS/event_groups.c.obj
LOAD CMakeFiles/azrael_freeRTOS.dir/Drivers/FreeRTOS/stream_buffer.c.obj
LOAD CMakeFiles/azrael_freeRTOS.dir/Drivers/FreeRTOS/timers.c.obj
LOAD CMakeFiles/azrael_freeRTOS.dir/Drivers/FreeRTOS/portable/MemMang/heap_4.c.obj
LOAD CMakeFiles/azrael_freeRTOS.dir/Drivers/FreeRTOS/portable/GCC/ARM_CM3/port.c.obj
LOAD CMakeFiles/azrael_freeRTOS.dir/Drivers/ST7735/st7735/st7735.c.obj
LOAD CMakeFiles/azrael_freeRTOS.dir/Drivers/ST7735/st7735/fonts.c.obj
LOAD CMakeFiles/azrael_freeRTOS.dir/Sources/gpio.c.obj
LOAD CMakeFiles/azrael_freeRTOS.dir/Sources/spi.c.obj
LOAD CMakeFiles/azrael_freeRTOS.dir/Sources/display.c.obj
START GROUP
LOAD /home/hillary/.local/share/stm32cube/bundles/gnu-tools-for-stm32/13.3.1+st.9/bin/../lib/gcc/arm-none-eabi/13.3.1/thumb/v7-m/nofp/libgcc.a
LOAD /home/hillary/.local/share/stm32cube/bundles/gnu-tools-for-stm32/13.3.1+st.9/bin/../lib/gcc/arm-none-eabi/13.3.1/../../../../arm-none-eabi/lib/thumb/v7-m/nofp/libg_nano.a
LOAD /home/hillary/.local/share/stm32cube/bundles/gnu-tools-for-stm32/13.3.1+st.9/bin/../lib/gcc/arm-none-eabi/13.3.1/../../../../arm-none-eabi/lib/thumb/v7-m/nofp/libc_nano.a
END GROUP
START GROUP
LOAD /home/hillary/.local/share/stm32cube/bundles/gnu-tools-for-stm32/13.3.1+st.9/bin/../lib/gcc/arm-none-eabi/13.3.1/thumb/v7-m/nofp/libgcc.a
LOAD /home/hillary/.local/share/stm32cube/bundles/gnu-tools-for-stm32/13.3.1+st.9/bin/../lib/gcc/arm-none-eabi/13.3.1/../../../../arm-none-eabi/lib/thumb/v7-m/nofp/libc_nano.a
LOAD /home/hillary/.local/share/stm32cube/bundles/gnu-tools-for-stm32/13.3.1+st.9/bin/../lib/gcc/arm-none-eabi/13.3.1/../../../../arm-none-eabi/lib/thumb/v7-m/nofp/libnosys.a
END GROUP
START GROUP
LOAD /home/hillary/.local/share/stm32cube/bundles/gnu-tools-for-stm32/13.3.1+st.9/bin/../lib/gcc/arm-none-eabi/13.3.1/thumb/v7-m/nofp/libgcc.a
LOAD /home/hillary/.local/share/stm32cube/bundles/gnu-tools-for-stm32/13.3.1+st.9/bin/../lib/gcc/arm-none-eabi/13.3.1/../../../../arm-none-eabi/lib/thumb/v7-m/nofp/libc_nano.a
LOAD /home/hillary/.local/share/stm32cube/bundles/gnu-tools-for-stm32/13.3.1+st.9/bin/../lib/gcc/arm-none-eabi/13.3.1/../../../../arm-none-eabi/lib/thumb/v7-m/nofp/libnosys.a
END GROUP
LOAD /home/hillary/.local/share/stm32cube/bundles/gnu-tools-for-stm32/13.3.1+st.9/bin/../lib/gcc/arm-none-eabi/13.3.1/thumb/v7-m/nofp/crtend.o
LOAD /home/hillary/.local/share/stm32cube/bundles/gnu-tools-for-stm32/13.3.1+st.9/bin/../lib/gcc/arm-none-eabi/13.3.1/thumb/v7-m/nofp/crtn.o
                0x20005000                        _estack = (ORIGIN (RAM) + LENGTH (RAM))
                0x00000200                        _Min_Heap_Size = 0x200
                0x00000400                        _Min_Stack_Size = 0x400

.isr_vector     0x08000000      0x130
                0x08000000                        . = ALIGN (0x4)
 *(.isr_vector)
 .isr_vector    0x08000000      0x130 CMakeFiles/azrael_freeRTOS.dir/Startup/startup_stm32f103c8tx.s.obj
                0x08000000                g_pfnVectors
                0x08000130                        . = ALIGN (0x4)

.text           0x08000130     0x7004
                0x08000130                        . = ALIGN (0x4)
 *(.text)
 .text          0x08000130       0x40 /home/hillary/.local/share/stm32cube/bundles/gnu-tools-for-stm32/13.3.1+st.9/bin/../lib/gcc/arm-none-eabi/13.3.1/thumb/v7-m/nofp/crtbegin.o
 .text          0x08000170      0x32c CMakeFiles/azrael_freeRTOS.dir/Sources/main.c.obj
                0x08000170                delay_ms
                0x080001a4                error_handler
                0x08000220                main
                0x08000318                vHomeTask
                0x080003cc                vDisplayTask
                0x0800046c                vApplicationStackOverflowHook
 .text          0x0800049c       0x6c CMakeFiles/azrael_freeRTOS.dir/Sources/sysmem.c.obj
                0x0800049c                _sbrk
 .text          0x08000508     0x2f94 CMakeFiles/azrael_freeRTOS.dir/Drivers/FreeRTOS/tasks.c.obj
                0x080005ca                xTaskCreateStatic
                0x08000692                xTaskCreate
                0x0800097c                vTaskDelete
                0x08000aa4                xTaskDelayUntil
                0x08000ba8                vTaskDelay
                0x08000c14                uxTaskPriorityGet
                0x08000c68                uxTaskPriorityGetFromISR
                0x08000ce0                uxTaskBasePriorityGet
                0x08000d34                uxTaskBasePriorityGetFromISR
                0x08000dac                vTaskPrioritySet
                0x08000f68                vTaskSuspend
                0x0800111c                vTaskResume
                0x08001230                xTaskResumeFromISR
                0x08001460                vTaskStartScheduler
                0x080014f0                vTaskEndScheduler
                0x08001548                vTaskSuspendAll
                0x08001564                xTaskResumeAll
                0x08001778                xTaskGetTickCount
                0x08001794                xTaskGetTickCountFromISR
                0x080017b8                uxTaskGetNumberOfTasks
                0x080017cc                pcTaskGetName
                0x08001814                xTaskGetStaticBuffers
                0x080018dc                xTaskCatchUpTicks
                0x08001934                xTaskIncrementTick
                0x08001b4c                vTaskSwitchContext
                0x08001c74                vTaskPlaceOnEventList
                0x08001cc0                vTaskPlaceOnUnorderedEventList
                0x08001d70                xTaskRemoveFromEventList
                0x08001f24                vTaskRemoveFromUnorderedEventList
                0x080020ac                vTaskSetTimeOutState
                0x080020fc                vTaskInternalSetTimeOutState
                0x08002128                xTaskCheckForTimeOut
                0x080021f8                vTaskMissedYield
                0x080023bc                xTaskGetCurrentTaskHandle
                0x080023d8                xTaskGetCurrentTaskHandleForCore
                0x08002408                xTaskGetSchedulerState
                0x08002444                xTaskPriorityInherit
                0x08002568                xTaskPriorityDisinherit
                0x0800269c                vTaskPriorityDisinheritAfterTimeout
                0x080027f8                uxTaskResetEventItemValue
                0x08002828                pvTaskIncrementMutexHeldCount
                0x08002854                ulTaskGenericNotifyTake
                0x08002958                xTaskGenericNotifyWait
                0x08002a90                xTaskGenericNotify
                0x08002ce4                xTaskGenericNotifyFromISR
                0x08002fa8                vTaskGenericNotifyGiveFromISR
                0x080031c0                xTaskGenericNotifyStateClear
                0x08003254                ulTaskGenericNotifyValueClear
                0x080033cc                vApplicationGetIdleTaskMemory
                0x080033fc                vTaskResetState
 .text          0x0800349c     0x189c CMakeFiles/azrael_freeRTOS.dir/Drivers/FreeRTOS/queue.c.obj
                0x0800349c                xQueueGenericReset
                0x080035c0                xQueueGenericCreateStatic
                0x08003682                xQueueGenericGetStaticBuffers
                0x08003702                xQueueGenericCreate
                0x08003820                xQueueCreateMutex
                0x08003850                xQueueCreateMutexStatic
                0x08003886                xQueueGiveMutexRecursive
                0x080038f0                xQueueTakeMutexRecursive
                0x0800399e                xQueueCreateCountingSemaphoreStatic
                0x08003a04                xQueueCreateCountingSemaphore
                0x08003a62                xQueueGenericSend
                0x08003ca0                xQueueGenericSendFromISR
                0x08003e28                xQueueGiveFromISR
                0x08003f92                xQueueReceive
                0x08004158                xQueueSemaphoreTake
                0x08004358                xQueuePeek
                0x08004508                xQueueReceiveFromISR
                0x0800463c                xQueuePeekFromISR
                0x0800470c                uxQueueMessagesWaiting
                0x0800474a                uxQueueSpacesAvailable
                0x08004792                uxQueueMessagesWaitingFromISR
                0x080047ce                vQueueDelete
                0x08004810                uxQueueGetQueueItemSize
                0x08004826                uxQueueGetQueueLength
                0x08004a74                xQueueIsQueueEmptyFromISR
                0x08004aec                xQueueIsQueueFullFromISR
                0x08004b38                xQueueCreateSet
                0x08004b56                xQueueCreateSetStatic
                0x08004b7e                xQueueAddToSet
                0x08004bc0                xQueueRemoveFromSet
                0x08004c08                xQueueSelectFromSet
                0x08004c2e                xQueueSelectFromSetFromISR
 .text          0x08004d38      0x15e CMakeFiles/azrael_freeRTOS.dir/Drivers/FreeRTOS/list.c.obj
                0x08004d38                vListInitialise
                0x08004d76                vListInitialiseItem
                0x08004d8e                vListInsertEnd
                0x08004dd4                vListInsert
                0x08004e44                uxListRemove
 *fill*         0x08004e96        0x2 
 .text          0x08004e98      0x6d0 CMakeFiles/azrael_freeRTOS.dir/Drivers/FreeRTOS/portable/MemMang/heap_4.c.obj
                0x08004e98                pvPortMalloc
                0x08005108                vPortFree
                0x08005214                xPortGetFreeHeapSize
                0x08005228                xPortGetMinimumEverFreeHeapSize
                0x0800523c                xPortResetHeapMinimumEverFreeHeapSize
                0x08005258                vPortInitialiseBlocks
                0x08005264                pvPortCalloc
                0x0800546c                vPortGetHeapStats
                0x08005528                vPortHeapResetState
 .text          0x08005568      0x49c CMakeFiles/azrael_freeRTOS.dir/Drivers/FreeRTOS/portable/GCC/ARM_CM3/port.c.obj
                0x08005568                pxPortInitialiseStack
                0x08005618                SVC_Handler
                0x0800565e                xPortStartScheduler
                0x080057d8                vPortEndScheduler
                0x08005810                vPortEnterCritical
                0x08005870                vPortExitCritical
                0x080058c4                PendSV_Handler
                0x0800590a                SysTick_Handler
                0x08005950                vPortSetupTimerInterrupt
                0x08005984                vPortValidateInterruptPriority
 .text          0x08005a04      0x97c CMakeFiles/azrael_freeRTOS.dir/Drivers/ST7735/st7735/st7735.c.obj
                0x08005a10                ST7735_Unselect
                0x08005bbe                ST7735_Init
                0x08005bf0                ST7735_DrawPixel
                0x08005d2c                ST7735_WriteCharTransparent
                0x08005dca                ST7735_WriteString
                0x08005f68                ST7735_WriteStringTransparent
                0x08005ff0                ST7735_FillRectangle
                0x080060b6                ST7735_FillRectangleFast
                0x080061a0                ST7735_FillScreen
                0x080061c2                ST7735_FillScreenFast
                0x080061e4                ST7735_DrawImage
                0x08006280                ST7735_DrawImageTransparent
                0x0800632a                ST7735_InvertColors
                0x08006356                ST7735_SetGamma
 .text          0x08006380       0xdc CMakeFiles/azrael_freeRTOS.dir/Sources/gpio.c.obj
                0x08006380                gpio_init
                0x080063fc                gpio_disp_dc_high
                0x08006414                gpio_disp_dc_low
                0x0800642c                gpio_disp_rst_high
                0x08006444                gpio_disp_rst_low
 .text          0x0800645c      0x118 CMakeFiles/azrael_freeRTOS.dir/Sources/spi.c.obj
                0x0800645c                spi1_init
                0x080064d8                spi1_transmit
 .text          0x08006574       0xf0 CMakeFiles/azrael_freeRTOS.dir/Sources/display.c.obj
                0x08006574                display_init
                0x08006580                display_print_str
                0x080065b6                display_print_str_bg
                0x080065f0                display_DrawImageTransparent
                0x0800662c                display_FillRectangle
 *(.text*)
 .text.memset   0x08006664       0x10 /home/hillary/.local/share/stm32cube/bundles/gnu-tools-for-stm32/13.3.1+st.9/bin/../lib/gcc/arm-none-eabi/13.3.1/../../../../arm-none-eabi/lib/thumb/v7-m/nofp/libc_nano.a(libc_a-memset.o)
                0x08006664                memset
 .text._reclaim_reent
                0x08006674       0xbc /home/hillary/.local/share/stm32cube/bundles/gnu-tools-for-stm32/13.3.1+st.9/bin/../lib/gcc/arm-none-eabi/13.3.1/../../../../arm-none-eabi/lib/thumb/v7-m/nofp/libc_nano.a(libc_a-reent.o)
                0x08006674                _reclaim_reent
 .text.__libc_init_array
                0x08006730       0x48 /home/hillary/.local/share/stm32cube/bundles/gnu-tools-for-stm32/13.3.1+st.9/bin/../lib/gcc/arm-none-eabi/13.3.1/../../../../arm-none-eabi/lib/thumb/v7-m/nofp/libc_nano.a(libc_a-init.o)
                0x08006730                __libc_init_array
 .text.__retarget_lock_acquire_recursive
                0x08006778        0x2 /home/hillary/.local/share/stm32cube/bundles/gnu-tools-for-stm32/13.3.1+st.9/bin/../lib/gcc/arm-none-eabi/13.3.1/../../../../arm-none-eabi/lib/thumb/v7-m/nofp/libc_nano.a(libc_a-lock.o)
                0x08006778                __retarget_lock_acquire_recursive
 .text.__retarget_lock_release_recursive
                0x0800677a        0x2 /home/hillary/.local/share/stm32cube/bundles/gnu-tools-for-stm32/13.3.1+st.9/bin/../lib/gcc/arm-none-eabi/13.3.1/../../../../arm-none-eabi/lib/thumb/v7-m/nofp/libc_nano.a(libc_a-lock.o)
                0x0800677a                __retarget_lock_release_recursive
 .text._free_r  0x0800677c       0x90 /home/hillary/.local/share/stm32cube/bundles/gnu-tools-for-stm32/13.3.1+st.9/bin/../lib/gcc/arm-none-eabi/13.3.1/../../../../arm-none-eabi/lib/thumb/v7-m/nofp/libc_nano.a(libc_a-freer.o)
                0x0800677c                _free_r
 .text.sbrk_aligned
                0x0800680c       0x44 /home/hillary/.local/share/stm32cube/bundles/gnu-tools-for-stm32/13.3.1+st.9/bin/../lib/gcc/arm-none-eabi/13.3.1/../../../../arm-none-eabi/lib/thumb/v7-m/nofp/libc_nano.a(libc_a-mallocr.o)
 .text._malloc_r
                0x08006850      0x100 /home/hillary/.local/share/stm32cube/bundles/gnu-tools-for-stm32/13.3.1+st.9/bin/../lib/gcc/arm-none-eabi/13.3.1/../../../../arm-none-eabi/lib/thumb/v7-m/nofp/libc_nano.a(libc_a-mallocr.o)
                0x08006850                _malloc_r
 .text.__malloc_lock
                0x08006950        0xc /home/hillary/.local/share/stm32cube/bundles/gnu-tools-for-stm32/13.3.1+st.9/bin/../lib/gcc/arm-none-eabi/13.3.1/../../../../arm-none-eabi/lib/thumb/v7-m/nofp/libc_nano.a(libc_a-mlock.o)
                0x08006950                __malloc_lock
 .text.__malloc_unlock
                0x0800695c        0xc /home/hillary/.local/share/stm32cube/bundles/gnu-tools-for-stm32/13.3.1+st.9/bin/../lib/gcc/arm-none-eabi/13.3.1/../../../../arm-none-eabi/lib/thumb/v7-m/nofp/libc_nano.a(libc_a-mlock.o)
                0x0800695c                __malloc_unlock
 .text._sbrk_r  0x08006968       0x20 /home/hillary/.local/share/stm32cube/bundles/gnu-tools-for-stm32/13.3.1+st.9/bin/../lib/gcc/arm-none-eabi/13.3.1/../../../../arm-none-eabi/lib/thumb/v7-m/nofp/libc_nano.a(libc_a-sbrkr.o)
                0x08006968                _sbrk_r
 .text.Reset_Handler
                0x08006988       0x50 CMakeFiles/azrael_freeRTOS.dir/Startup/startup_stm32f103c8tx.s.obj
                0x08006988                Reset_Handler
 .text.Default_Handler
                0x080069d8        0x2 CMakeFiles/azrael_freeRTOS.dir/Startup/startup_stm32f103c8tx.s.obj
                0x080069d8                EXTI2_IRQHandler
                0x080069d8                TIM8_TRG_COM_IRQHandler
                0x080069d8                TIM8_CC_IRQHandler
                0x080069d8                DebugMon_Handler
                0x080069d8                TIM1_CC_IRQHandler
                0x080069d8                HardFault_Handler
                0x080069d8                TIM6_IRQHandler
                0x080069d8                PVD_IRQHandler
                0x080069d8                SDIO_IRQHandler
                0x080069d8                NMI_Handler
                0x080069d8                EXTI3_IRQHandler
                0x080069d8                USB_HP_CAN_TX_IRQHandler
                0x080069d8                EXTI0_IRQHandler
                0x080069d8                I2C2_EV_IRQHandler
                0x080069d8                UsageFault_Handler
                0x080069d8                ADC1_2_IRQHandler
                0x080069d8                SPI1_IRQHandler
                0x080069d8                CAN_SCE_IRQHandler
                0x080069d8                TAMPER_IRQHandler
                0x080069d8                TIM8_UP_IRQHandler
                0x080069d8                DMA2_Channel2_IRQHandler
                0x080069d8                DMA1_Channel4_IRQHandler
                0x080069d8                USART3_IRQHandler
                0x080069d8                RTC_IRQHandler
                0x080069d8                DMA1_Channel7_IRQHandler
                0x080069d8                UART5_IRQHandler
                0x080069d8                ADC3_IRQHandler
                0x080069d8                TIM4_IRQHandler
                0x080069d8                CAN_RX1_IRQHandler
                0x080069d8                DMA2_Channel1_IRQHandler
                0x080069d8                I2C1_EV_IRQHandler
                0x080069d8                DMA1_Channel6_IRQHandler
                0x080069d8                UART4_IRQHandler
                0x080069d8                TIM3_IRQHandler
                0x080069d8                RCC_IRQHandler
                0x080069d8                TIM1_TRG_COM_IRQHandler
                0x080069d8                DMA1_Channel1_IRQHandler
                0x080069d8                Default_Handler
                0x080069d8                EXTI15_10_IRQHandler
                0x080069d8                TIM7_IRQHandler
                0x080069d8                TIM5_IRQHandler
                0x080069d8                EXTI9_5_IRQHandler
                0x080069d8                SPI2_IRQHandler
                0x080069d8                USB_LP_CAN_RX0_IRQHandler
                0x080069d8                MemManage_Handler
                0x080069d8                DMA1_Channel5_IRQHandler
                0x080069d8                EXTI4_IRQHandler
                0x080069d8                DMA1_Channel3_IRQHandler
                0x080069d8                FSMC_IRQHandler
                0x080069d8                TIM1_UP_IRQHandler
                0x080069d8                WWDG_IRQHandler
                0x080069d8                TIM2_IRQHandler
                0x080069d8                TIM1_BRK_IRQHandler
                0x080069d8                EXTI1_IRQHandler
                0x080069d8                RTCAlarm_IRQHandler
                0x080069d8                DMA2_Channel4_5_IRQHandler
                0x080069d8                USART2_IRQHandler
                0x080069d8                I2C2_ER_IRQHandler
                0x080069d8                DMA1_Channel2_IRQHandler
                0x080069d8                TIM8_BRK_IRQHandler
                0x080069d8                FLASH_IRQHandler
                0x080069d8                BusFault_Handler
                0x080069d8                USART1_IRQHandler
                0x080069d8                SPI3_IRQHandler
                0x080069d8                I2C1_ER_IRQHandler
                0x080069d8                DMA2_Channel3_IRQHandler
 *fill*         0x080069da        0x2 
 .text.malloc   0x080069dc       0x10 /home/hillary/.local/share/stm32cube/bundles/gnu-tools-for-stm32/13.3.1+st.9/bin/../lib/gcc/arm-none-eabi/13.3.1/../../../../arm-none-eabi/lib/thumb/v7-m/nofp/libg_nano.a(libc_a-malloc.o)
                0x080069dc                malloc
 .text.free     0x080069ec       0x10 /home/hillary/.local/share/stm32cube/bundles/gnu-tools-for-stm32/13.3.1+st.9/bin/../lib/gcc/arm-none-eabi/13.3.1/../../../../arm-none-eabi/lib/thumb/v7-m/nofp/libg_nano.a(libc_a-malloc.o)
                0x080069ec                free
 .text.snprintf
                0x080069fc       0x6c /home/hillary/.local/share/stm32cube/bundles/gnu-tools-for-stm32/13.3.1+st.9/bin/../lib/gcc/arm-none-eabi/13.3.1/../../../../arm-none-eabi/lib/thumb/v7-m/nofp/libg_nano.a(libc_a-snprintf.o)
                0x080069fc                snprintf
                0x080069fc                sniprintf
 .text.__errno  0x08006a68        0xc /home/hillary/.local/share/stm32cube/bundles/gnu-tools-for-stm32/13.3.1+st.9/bin/../lib/gcc/arm-none-eabi/13.3.1/../../../../arm-none-eabi/lib/thumb/v7-m/nofp/libg_nano.a(libc_a-errno.o)
                0x08006a68                __errno
 .text.memcpy   0x08006a74       0x1c /home/hillary/.local/share/stm32cube/bundles/gnu-tools-for-stm32/13.3.1+st.9/bin/../lib/gcc/arm-none-eabi/13.3.1/../../../../arm-none-eabi/lib/thumb/v7-m/nofp/libg_nano.a(libc_a-memcpy-stub.o)
                0x08006a74                memcpy
 .text.__ssputs_r
                0x08006a90       0xb6 /home/hillary/.local/share/stm32cube/bundles/gnu-tools-for-stm32/13.3.1+st.9/bin/../lib/gcc/arm-none-eabi/13.3.1/../../../../arm-none-eabi/lib/thumb/v7-m/nofp/libg_nano.a(libc_a-nano-svfprintf.o)
                0x08006a90                __ssputs_r
 *fill*         0x08006b46        0x2 
 .text._svfprintf_r
                0x08006b48      0x1f8 /home/hillary/.local/share/stm32cube/bundles/gnu-tools-for-stm32/13.3.1+st.9/bin/../lib/gcc/arm-none-eabi/13.3.1/../../../../arm-none-eabi/lib/thumb/v7-m/nofp/libg_nano.a(libc_a-nano-svfprintf.o)
                0x08006b48                _svfprintf_r
                0x08006b48                _svfiprintf_r
 .text._printf_common
                0x08006d40       0xe4 /home/hillary/.local/share/stm32cube/bundles/gnu-tools-for-stm32/13.3.1+st.9/bin/../lib/gcc/arm-none-eabi/13.3.1/../../../../arm-none-eabi/lib/thumb/v7-m/nofp/libg_nano.a(libc_a-nano-vfprintf_i.o)
                0x08006d40                _printf_common
 .text._printf_i
                0x08006e24      0x23c /home/hillary/.local/share/stm32cube/bundles/gnu-tools-for-stm32/13.3.1+st.9/bin/../lib/gcc/arm-none-eabi/13.3.1/../../../../arm-none-eabi/lib/thumb/v7-m/nofp/libg_nano.a(libc_a-nano-vfprintf_i.o)
                0x08006e24                _printf_i
 .text.memmove  0x08007060       0x34 /home/hillary/.local/share/stm32cube/bundles/gnu-tools-for-stm32/13.3.1+st.9/bin/../lib/gcc/arm-none-eabi/13.3.1/../../../../arm-none-eabi/lib/thumb/v7-m/nofp/libg_nano.a(libc_a-memmove.o)
                0x08007060                memmove
 .text.memchr   0x08007094       0x1c /home/hillary/.local/share/stm32cube/bundles/gnu-tools-for-stm32/13.3.1+st.9/bin/../lib/gcc/arm-none-eabi/13.3.1/../../../../arm-none-eabi/lib/thumb/v7-m/nofp/libg_nano.a(libc_a-memchr-stub.o)
                0x08007094                memchr
 .text._realloc_r
                0x080070b0       0x5c /home/hillary/.local/share/stm32cube/bundles/gnu-tools-for-stm32/13.3.1+st.9/bin/../lib/gcc/arm-none-eabi/13.3.1/../../../../arm-none-eabi/lib/thumb/v7-m/nofp/libg_nano.a(libc_a-reallocr.o)
                0x080070b0                _realloc_r
 .text._malloc_usable_size_r
                0x0800710c       0x10 /home/hillary/.local/share/stm32cube/bundles/gnu-tools-for-stm32/13.3.1+st.9/bin/../lib/gcc/arm-none-eabi/13.3.1/../../../../arm-none-eabi/lib/thumb/v7-m/nofp/libg_nano.a(libc_a-msizer.o)
                0x0800710c                _malloc_usable_size_r
 *(.glue_7)
 .glue_7        0x0800711c        0x0 linker stubs
 *(.glue_7t)
 .glue_7t       0x0800711c        0x0 linker stubs
 *(.eh_frame)
 .eh_frame      0x0800711c        0x0 /home/hillary/.local/share/stm32cube/bundles/gnu-tools-for-stm32/13.3.1+st.9/bin/../lib/gcc/arm-none-eabi/13.3.1/thumb/v7-m/nofp/crtbegin.o
 *(.init)
 .init          0x0800711c        0x4 /home/hillary/.local/share/stm32cube/bundles/gnu-tools-for-stm32/13.3.1+st.9/bin/../lib/gcc/arm-none-eabi/13.3.1/thumb/v7-m/nofp/crti.o
                0x0800711c                _init
 .init          0x08007120        0x8 /home/hillary/.local/share/stm32cube/bundles/gnu-tools-for-stm32/13.3.1+st.9/bin/../lib/gcc/arm-none-eabi/13.3.1/thumb/v7-m/nofp/crtn.o
 *(.fini)
 .fini          0x08007128        0x4 /home/hillary/.local/share/stm32cube/bundles/gnu-tools-for-stm32/13.3.1+st.9/bin/../lib/gcc/arm-none-eabi/13.3.1/thumb/v7-m/nofp/crti.o
                0x08007128                _fini
 .fini          0x0800712c        0x8 /home/hillary/.local/share/stm32cube/bundles/gnu-tools-for-stm32/13.3.1+st.9/bin/../lib/gcc/arm-none-eabi/13.3.1/thumb/v7-m/nofp/crtn.o
                0x08007134                        . = ALIGN (0x4)
                0x08007134                        _etext = .

.vfp11_veneer   0x08007134        0x0
 .vfp11_veneer  0x08007134        0x0 linker stubs

.v4_bx          0x08007134        0x0
 .v4_bx         0x08007134        0x0 linker stubs

.iplt           0x08007134        0x0
 .iplt          0x08007134        0x0 /home/hillary/.local/share/stm32cube/bundles/gnu-tools-for-stm32/13.3.1+st.9/bin/../lib/gcc/arm-none-eabi/13.3.1/thumb/v7-m/nofp/crtbegin.o

.rodata         0x08007134     0x28fc
                0x08007134                        . = ALIGN (0x4)
 *(.rodata)
 .rodata        0x08007134       0x30 CMakeFiles/azrael_freeRTOS.dir/Sources/main.c.obj
 .rodata        0x08007164        0x9 CMakeFiles/azrael_freeRTOS.dir/Drivers/FreeRTOS/tasks.c.obj
 *fill*         0x0800716d        0x3 
 .rodata        0x08007170       0x77 CMakeFiles/azrael_freeRTOS.dir/Drivers/ST7735/st7735/st7735.c.obj
 *fill*         0x080071e7        0x1 
 .rodata        0x080071e8     0x2814 CMakeFiles/azrael_freeRTOS.dir/Drivers/ST7735/st7735/fonts.c.obj
 *(.rodata*)
 .rodata._svfprintf_r.str1.1
                0x080099fc       0x33 /home/hillary/.local/share/stm32cube/bundles/gnu-tools-for-stm32/13.3.1+st.9/bin/../lib/gcc/arm-none-eabi/13.3.1/../../../../arm-none-eabi/lib/thumb/v7-m/nofp/libg_nano.a(libc_a-nano-svfprintf.o)
                                 0x11 (size before relaxing)
 .rodata._printf_i.str1.1
                0x08009a2f        0x0 /home/hillary/.local/share/stm32cube/bundles/gnu-tools-for-stm32/13.3.1+st.9/bin/../lib/gcc/arm-none-eabi/13.3.1/../../../../arm-none-eabi/lib/thumb/v7-m/nofp/libg_nano.a(libc_a-nano-vfprintf_i.o)
                                 0x22 (size before relaxing)
                0x08009a30                        . = ALIGN (0x4)
 *fill*         0x08009a2f        0x1 

.ARM.extab      0x08009a30        0x0
                0x08009a30                        . = ALIGN (0x4)
 *(.ARM.extab* .gnu.linkonce.armextab.*)
                0x08009a30                        . = ALIGN (0x4)

.ARM            0x08009a30        0x0
                0x08009a30                        . = ALIGN (0x4)
                0x08009a30                        __exidx_start = .
 *(.ARM.exidx*)
                0x08009a30                        __exidx_end = .
                0x08009a30                        . = ALIGN (0x4)

.preinit_array  0x08009a30        0x0
                0x08009a30                        . = ALIGN (0x4)
                0x08009a30                        PROVIDE (__preinit_array_start = .)
 *(.preinit_array*)
                0x08009a30                        PROVIDE (__preinit_array_end = .)
                0x08009a30                        . = ALIGN (0x4)

.init_array     0x08009a30        0x4
                0x08009a30                        . = ALIGN (0x4)
                0x08009a30                        PROVIDE (__init_array_start = .)
 *(SORT_BY_NAME(.init_array.*))
 *(.init_array*)
 .init_array    0x08009a30        0x4 /home/hillary/.local/share/stm32cube/bundles/gnu-tools-for-stm32/13.3.1+st.9/bin/../lib/gcc/arm-none-eabi/13.3.1/thumb/v7-m/nofp/crtbegin.o
                0x08009a34                        PROVIDE (__init_array_end = .)
                0x08009a34                        . = ALIGN (0x4)

.fini_array     0x08009a34        0x4
                0x08009a34                        . = ALIGN (0x4)
                [!provide]                        PROVIDE (__fini_array_start = .)
 *(SORT_BY_NAME(.fini_array.*))
 *(.fini_array*)
 .fini_array    0x08009a34        0x4 /home/hillary/.local/share/stm32cube/bundles/gnu-tools-for-stm32/13.3.1+st.9/bin/../lib/gcc/arm-none-eabi/13.3.1/thumb/v7-m/nofp/crtbegin.o
                [!provide]                        PROVIDE (__fini_array_end = .)
                0x08009a38                        . = ALIGN (0x4)
                0x08009a38                        _sidata = LOADADDR (.data)

.rel.dyn        0x08009a38        0x0
 .rel.iplt      0x08009a38        0x0 /home/hillary/.local/share/stm32cube/bundles/gnu-tools-for-stm32/13.3.1+st.9/bin/../lib/gcc/arm-none-eabi/13.3.1/thumb/v7-m/nofp/crtbegin.o

.data           0x20000000       0x6c load address 0x08009a38
                0x20000000                        . = ALIGN (0x4)
                0x20000000                        _sdata = .
 *(.data)
 .data          0x20000000        0x4 CMakeFiles/azrael_freeRTOS.dir/Drivers/FreeRTOS/portable/GCC/ARM_CM3/port.c.obj
 .data          0x20000004       0x18 CMakeFiles/azrael_freeRTOS.dir/Drivers/ST7735/st7735/fonts.c.obj
                0x20000004                Font_7x10
                0x2000000c                Font_11x18
                0x20000014                Font_16x26
 *(.data*)
 .data._impure_ptr
                0x2000001c        0x4 /home/hillary/.local/share/stm32cube/bundles/gnu-tools-for-stm32/13.3.1+st.9/bin/../lib/gcc/arm-none-eabi/13.3.1/../../../../arm-none-eabi/lib/thumb/v7-m/nofp/libc_nano.a(libc_a-impure.o)
                0x2000001c                _impure_ptr
 .data._impure_data
                0x20000020       0x4c /home/hillary/.local/share/stm32cube/bundles/gnu-tools-for-stm32/13.3.1+st.9/bin/../lib/gcc/arm-none-eabi/13.3.1/../../../../arm-none-eabi/lib/thumb/v7-m/nofp/libc_nano.a(libc_a-impure.o)
                0x20000020                _impure_data
 *(.RamFunc)
 *(.RamFunc*)
                0x2000006c                        . = ALIGN (0x4)
                0x2000006c                        _edata = .

.igot.plt       0x2000006c        0x0 load address 0x08009aa4
 .igot.plt      0x2000006c        0x0 /home/hillary/.local/share/stm32cube/bundles/gnu-tools-for-stm32/13.3.1+st.9/bin/../lib/gcc/arm-none-eabi/13.3.1/thumb/v7-m/nofp/crtbegin.o
                0x2000006c                        . = ALIGN (0x4)

.bss            0x2000006c     0x3ffc load address 0x08009aa4
                0x2000006c                        _sbss = .
                0x2000006c                        __bss_start__ = _sbss
 *(.bss)
 .bss           0x2000006c       0x1c /home/hillary/.local/share/stm32cube/bundles/gnu-tools-for-stm32/13.3.1+st.9/bin/../lib/gcc/arm-none-eabi/13.3.1/thumb/v7-m/nofp/crtbegin.o
 .bss           0x20000088        0x4 CMakeFiles/azrael_freeRTOS.dir/Sources/main.c.obj
                0x20000088                xDisplayQueue
 .bss           0x2000008c        0x4 CMakeFiles/azrael_freeRTOS.dir/Sources/sysmem.c.obj
 .bss           0x20000090      0x46c CMakeFiles/azrael_freeRTOS.dir/Drivers/FreeRTOS/tasks.c.obj
                0x20000090                pxCurrentTCB
 .bss           0x200004fc     0x281c CMakeFiles/azrael_freeRTOS.dir/Drivers/FreeRTOS/portable/MemMang/heap_4.c.obj
 .bss           0x20002d18        0x8 CMakeFiles/azrael_freeRTOS.dir/Drivers/FreeRTOS/portable/GCC/ARM_CM3/port.c.obj
 .bss           0x20002d20     0x1200 CMakeFiles/azrael_freeRTOS.dir/Drivers/ST7735/st7735/st7735.c.obj
 *(.bss*)
 .bss.__sf      0x20003f20      0x138 /home/hillary/.local/share/stm32cube/bundles/gnu-tools-for-stm32/13.3.1+st.9/bin/../lib/gcc/arm-none-eabi/13.3.1/../../../../arm-none-eabi/lib/thumb/v7-m/nofp/libc_nano.a(libc_a-findfp.o)
                0x20003f20                __sf
 .bss.errno     0x20004058        0x4 /home/hillary/.local/share/stm32cube/bundles/gnu-tools-for-stm32/13.3.1+st.9/bin/../lib/gcc/arm-none-eabi/13.3.1/../../../../arm-none-eabi/lib/thumb/v7-m/nofp/libc_nano.a(libc_a-reent.o)
                0x20004058                errno
 .bss.__lock___malloc_recursive_mutex
                0x2000405c        0x1 /home/hillary/.local/share/stm32cube/bundles/gnu-tools-for-stm32/13.3.1+st.9/bin/../lib/gcc/arm-none-eabi/13.3.1/../../../../arm-none-eabi/lib/thumb/v7-m/nofp/libc_nano.a(libc_a-lock.o)
                0x2000405c                __lock___malloc_recursive_mutex
 *fill*         0x2000405d        0x3 
 .bss.__malloc_sbrk_start
                0x20004060        0x4 /home/hillary/.local/share/stm32cube/bundles/gnu-tools-for-stm32/13.3.1+st.9/bin/../lib/gcc/arm-none-eabi/13.3.1/../../../../arm-none-eabi/lib/thumb/v7-m/nofp/libc_nano.a(libc_a-mallocr.o)
                0x20004060                __malloc_sbrk_start
 .bss.__malloc_free_list
                0x20004064        0x4 /home/hillary/.local/share/stm32cube/bundles/gnu-tools-for-stm32/13.3.1+st.9/bin/../lib/gcc/arm-none-eabi/13.3.1/../../../../arm-none-eabi/lib/thumb/v7-m/nofp/libc_nano.a(libc_a-mallocr.o)
                0x20004064                __malloc_free_list
 *(COMMON)
                0x20004068                        . = ALIGN (0x4)
                0x20004068                        _ebss = .
                0x20004068                        __bss_end__ = _ebss

._user_heap_stack
                0x20004068      0x600 load address 0x08009aa4
                0x20004068                        . = ALIGN (0x8)
                [!provide]                        PROVIDE (end = .)
                0x20004068                        PROVIDE (_end = .)
                0x20004268                        . = (. + _Min_Heap_Size)
 *fill*         0x20004068      0x200 
                0x20004668                        . = (. + _Min_Stack_Size)
 *fill*         0x20004268      0x400 
                0x20004668                        . = ALIGN (0x8)

/DISCARD/
 libc.a(*)
 libm.a(*)
 libgcc.a(*)

.ARM.attributes
                0x00000000       0x29
 *(.ARM.attributes)
 .ARM.attributes
                0x00000000       0x1d /home/hillary/.local/share/stm32cube/bundles/gnu-tools-for-stm32/13.3.1+st.9/bin/../lib/gcc/arm-none-eabi/13.3.1/thumb/v7-m/nofp/crti.o
 .ARM.attributes
                0x0000001d       0x2d /home/hillary/.local/share/stm32cube/bundles/gnu-tools-for-stm32/13.3.1+st.9/bin/../lib/gcc/arm-none-eabi/13.3.1/thumb/v7-m/nofp/crtbegin.o
 .ARM.attributes
                0x0000004a       0x2d /home/hillary/.local/share/stm32cube/bundles/gnu-tools-for-stm32/13.3.1+st.9/bin/../lib/gcc/arm-none-eabi/13.3.1/../../../../arm-none-eabi/lib/thumb/v7-m/nofp/libc_nano.a(libc_a-findfp.o)
 .ARM.attributes
                0x00000077       0x2d /home/hillary/.local/share/stm32cube/bundles/gnu-tools-for-stm32/13.3.1+st.9/bin/../lib/gcc/arm-none-eabi/13.3.1/../../../../arm-none-eabi/lib/thumb/v7-m/nofp/libc_nano.a(libc_a-memset.o)
 .ARM.attributes
                0x000000a4       0x2d /home/hillary/.local/share/stm32cube/bundles/gnu-tools-for-stm32/13.3.1+st.9/bin/../lib/gcc/arm-none-eabi/13.3.1/../../../../arm-none-eabi/lib/thumb/v7-m/nofp/libc_nano.a(libc_a-reent.o)
 .ARM.attributes
                0x000000d1       0x2d /home/hillary/.local/share/stm32cube/bundles/gnu-tools-for-stm32/13.3.1+st.9/bin/../lib/gcc/arm-none-eabi/13.3.1/../../../../arm-none-eabi/lib/thumb/v7-m/nofp/libc_nano.a(libc_a-impure.o)
 .ARM.attributes
                0x000000fe       0x2d /home/hillary/.local/share/stm32cube/bundles/gnu-tools-for-stm32/13.3.1+st.9/bin/../lib/gcc/arm-none-eabi/13.3.1/../../../../arm-none-eabi/lib/thumb/v7-m/nofp/libc_nano.a(libc_a-init.o)
 .ARM.attributes
                0x0000012b       0x2d /home/hillary/.local/share/stm32cube/bundles/gnu-tools-for-stm32/13.3.1+st.9/bin/../lib/gcc/arm-none-eabi/13.3.1/../../../../arm-none-eabi/lib/thumb/v7-m/nofp/libc_nano.a(libc_a-lock.o)
 .ARM.attributes
                0x00000158       0x2d /home/hillary/.local/share/stm32cube/bundles/gnu-tools-for-stm32/13.3.1+st.9/bin/../lib/gcc/arm-none-eabi/13.3.1/../../../../arm-none-eabi/lib/thumb/v7-m/nofp/libc_nano.a(libc_a-freer.o)
 .ARM.attributes
                0x00000185       0x2d /home/hillary/.local/share/stm32cube/bundles/gnu-tools-for-stm32/13.3.1+st.9/bin/../lib/gcc/arm-none-eabi/13.3.1/../../../../arm-none-eabi/lib/thumb/v7-m/nofp/libc_nano.a(libc_a-mallocr.o)
 .ARM.attributes
                0x000001b2       0x2d /home/hillary/.local/share/stm32cube/bundles/gnu-tools-for-stm32/13.3.1+st.9/bin/../lib/gcc/arm-none-eabi/13.3.1/../../../../arm-none-eabi/lib/thumb/v7-m/nofp/libc_nano.a(libc_a-mlock.o)
 .ARM.attributes
                0x000001df       0x2d /home/hillary/.local/share/stm32cube/bundles/gnu-tools-for-stm32/13.3.1+st.9/bin/../lib/gcc/arm-none-eabi/13.3.1/../../../../arm-none-eabi/lib/thumb/v7-m/nofp/libc_nano.a(libc_a-sbrkr.o)
 .ARM.attributes
                0x0000020c       0x21 CMakeFiles/azrael_freeRTOS.dir/Startup/startup_stm32f103c8tx.s.obj
 .ARM.attributes
                0x0000022d       0x2d CMakeFiles/azrael_freeRTOS.dir/Sources/main.c.obj
 .ARM.attributes
                0x0000025a       0x2d CMakeFiles/azrael_freeRTOS.dir/Sources/sysmem.c.obj
 .ARM.attributes
                0x00000287       0x2d CMakeFiles/azrael_freeRTOS.dir/Drivers/FreeRTOS/tasks.c.obj
 .ARM.attributes
                0x000002b4       0x2d CMakeFiles/azrael_freeRTOS.dir/Drivers/FreeRTOS/queue.c.obj
 .ARM.attributes
                0x000002e1       0x2d CMakeFiles/azrael_freeRTOS.dir/Drivers/FreeRTOS/list.c.obj
 .ARM.attributes
                0x0000030e       0x2d CMakeFiles/azrael_freeRTOS.dir/Drivers/FreeRTOS/portable/MemMang/heap_4.c.obj
 .ARM.attributes
                0x0000033b       0x2d CMakeFiles/azrael_freeRTOS.dir/Drivers/FreeRTOS/portable/GCC/ARM_CM3/port.c.obj
 .ARM.attributes
                0x00000368       0x2d CMakeFiles/azrael_freeRTOS.dir/Drivers/ST7735/st7735/st7735.c.obj
 .ARM.attributes
                0x00000395       0x2d CMakeFiles/azrael_freeRTOS.dir/Drivers/ST7735/st7735/fonts.c.obj
 .ARM.attributes
                0x000003c2       0x2d CMakeFiles/azrael_freeRTOS.dir/Sources/gpio.c.obj
 .ARM.attributes
                0x000003ef       0x2d CMakeFiles/azrael_freeRTOS.dir/Sources/spi.c.obj
 .ARM.attributes
                0x0000041c       0x2d CMakeFiles/azrael_freeRTOS.dir/Sources/display.c.obj
 .ARM.attributes
                0x00000449       0x2d /home/hillary/.local/share/stm32cube/bundles/gnu-tools-for-stm32/13.3.1+st.9/bin/../lib/gcc/arm-none-eabi/13.3.1/../../../../arm-none-eabi/lib/thumb/v7-m/nofp/libg_nano.a(libc_a-malloc.o)
 .ARM.attributes
                0x00000476       0x2d /home/hillary/.local/share/stm32cube/bundles/gnu-tools-for-stm32/13.3.1+st.9/bin/../lib/gcc/arm-none-eabi/13.3.1/../../../../arm-none-eabi/lib/thumb/v7-m/nofp/libg_nano.a(libc_a-snprintf.o)
 .ARM.attributes
                0x000004a3       0x2d /home/hillary/.local/share/stm32cube/bundles/gnu-tools-for-stm32/13.3.1+st.9/bin/../lib/gcc/arm-none-eabi/13.3.1/../../../../arm-none-eabi/lib/thumb/v7-m/nofp/libg_nano.a(libc_a-errno.o)
 .ARM.attributes
                0x000004d0       0x2d /home/hillary/.local/share/stm32cube/bundles/gnu-tools-for-stm32/13.3.1+st.9/bin/../lib/gcc/arm-none-eabi/13.3.1/../../../../arm-none-eabi/lib/thumb/v7-m/nofp/libg_nano.a(libc_a-memcpy-stub.o)
 .ARM.attributes
                0x000004fd       0x2d /home/hillary/.local/share/stm32cube/bundles/gnu-tools-for-stm32/13.3.1+st.9/bin/../lib/gcc/arm-none-eabi/13.3.1/../../../../arm-none-eabi/lib/thumb/v7-m/nofp/libg_nano.a(libc_a-nano-svfprintf.o)
 .ARM.attributes
                0x0000052a       0x2d /home/hillary/.local/share/stm32cube/bundles/gnu-tools-for-stm32/13.3.1+st.9/bin/../lib/gcc/arm-none-eabi/13.3.1/../../../../arm-none-eabi/lib/thumb/v7-m/nofp/libg_nano.a(libc_a-nano-vfprintf_i.o)
 .ARM.attributes
                0x00000557       0x2d /home/hillary/.local/share/stm32cube/bundles/gnu-tools-for-stm32/13.3.1+st.9/bin/../lib/gcc/arm-none-eabi/13.3.1/../../../../arm-none-eabi/lib/thumb/v7-m/nofp/libg_nano.a(libc_a-memmove.o)
 .ARM.attributes
                0x00000584       0x2d /home/hillary/.local/share/stm32cube/bundles/gnu-tools-for-stm32/13.3.1+st.9/bin/../lib/gcc/arm-none-eabi/13.3.1/../../../../arm-none-eabi/lib/thumb/v7-m/nofp/libg_nano.a(libc_a-memchr-stub.o)
 .ARM.attributes
                0x000005b1       0x2d /home/hillary/.local/share/stm32cube/bundles/gnu-tools-for-stm32/13.3.1+st.9/bin/../lib/gcc/arm-none-eabi/13.3.1/../../../../arm-none-eabi/lib/thumb/v7-m/nofp/libg_nano.a(libc_a-reallocr.o)
 .ARM.attributes
                0x000005de       0x2d /home/hillary/.local/share/stm32cube/bundles/gnu-tools-for-stm32/13.3.1+st.9/bin/../lib/gcc/arm-none-eabi/13.3.1/../../../../arm-none-eabi/lib/thumb/v7-m/nofp/libg_nano.a(libc_a-msizer.o)
 .ARM.attributes
                0x0000060b       0x1d /home/hillary/.local/share/stm32cube/bundles/gnu-tools-for-stm32/13.3.1+st.9/bin/../lib/gcc/arm-none-eabi/13.3.1/thumb/v7-m/nofp/crtn.o
OUTPUT(azrael_freeRTOS.elf elf32-littlearm)
LOAD linker stubs
LOAD /home/hillary/.local/share/stm32cube/bundles/gnu-tools-for-stm32/13.3.1+st.9/bin/../lib/gcc/arm-none-eabi/13.3.1/../../../../arm-none-eabi/lib/thumb/v7-m/nofp/libc.a
LOAD /home/hillary/.local/share/stm32cube/bundles/gnu-tools-for-stm32/13.3.1+st.9/bin/../lib/gcc/arm-none-eabi/13.3.1/../../../../arm-none-eabi/lib/thumb/v7-m/nofp/libm.a
LOAD /home/hillary/.local/share/stm32cube/bundles/gnu-tools-for-stm32/13.3.1+st.9/bin/../lib/gcc/arm-none-eabi/13.3.1/thumb/v7-m/nofp/libgcc.a

.debug_frame    0x00000000     0x1f3c
 .debug_frame   0x00000000      0x144 /home/hillary/.local/share/stm32cube/bundles/gnu-tools-for-stm32/13.3.1+st.9/bin/../lib/gcc/arm-none-eabi/13.3.1/../../../../arm-none-eabi/lib/thumb/v7-m/nofp/libc_nano.a(libc_a-findfp.o)
 .debug_frame   0x00000144       0x20 /home/hillary/.local/share/stm32cube/bundles/gnu-tools-for-stm32/13.3.1+st.9/bin/../lib/gcc/arm-none-eabi/13.3.1/../../../../arm-none-eabi/lib/thumb/v7-m/nofp/libc_nano.a(libc_a-memset.o)
 .debug_frame   0x00000164       0x38 /home/hillary/.local/share/stm32cube/bundles/gnu-tools-for-stm32/13.3.1+st.9/bin/../lib/gcc/arm-none-eabi/13.3.1/../../../../arm-none-eabi/lib/thumb/v7-m/nofp/libc_nano.a(libc_a-reent.o)
 .debug_frame   0x0000019c       0x2c /home/hillary/.local/share/stm32cube/bundles/gnu-tools-for-stm32/13.3.1+st.9/bin/../lib/gcc/arm-none-eabi/13.3.1/../../../../arm-none-eabi/lib/thumb/v7-m/nofp/libc_nano.a(libc_a-init.o)
 .debug_frame   0x000001c8       0xb0 /home/hillary/.local/share/stm32cube/bundles/gnu-tools-for-stm32/13.3.1+st.9/bin/../lib/gcc/arm-none-eabi/13.3.1/../../../../arm-none-eabi/lib/thumb/v7-m/nofp/libc_nano.a(libc_a-lock.o)
 .debug_frame   0x00000278       0x38 /home/hillary/.local/share/stm32cube/bundles/gnu-tools-for-stm32/13.3.1+st.9/bin/../lib/gcc/arm-none-eabi/13.3.1/../../../../arm-none-eabi/lib/thumb/v7-m/nofp/libc_nano.a(libc_a-freer.o)
 .debug_frame   0x000002b0       0x50 /home/hillary/.local/share/stm32cube/bundles/gnu-tools-for-stm32/13.3.1+st.9/bin/../lib/gcc/arm-none-eabi/13.3.1/../../../../arm-none-eabi/lib/thumb/v7-m/nofp/libc_nano.a(libc_a-mallocr.o)
 .debug_frame   0x00000300       0x30 /home/hillary/.local/share/stm32cube/bundles/gnu-tools-for-stm32/13.3.1+st.9/bin/../lib/gcc/arm-none-eabi/13.3.1/../../../../arm-none-eabi/lib/thumb/v7-m/nofp/libc_nano.a(libc_a-mlock.o)
 .debug_frame   0x00000330       0x2c /home/hillary/.local/share/stm32cube/bundles/gnu-tools-for-stm32/13.3.1+st.9/bin/../lib/gcc/arm-none-eabi/13.3.1/../../../../arm-none-eabi/lib/thumb/v7-m/nofp/libc_nano.a(libc_a-sbrkr.o)
 .debug_frame   0x0000035c       0xd8 CMakeFiles/azrael_freeRTOS.dir/Sources/main.c.obj
 .debug_frame   0x00000434       0x34 CMakeFiles/azrael_freeRTOS.dir/Sources/sysmem.c.obj
 .debug_frame   0x00000468      0x8fc CMakeFiles/azrael_freeRTOS.dir/Drivers/FreeRTOS/tasks.c.obj
 .debug_frame   0x00000d64      0x604 CMakeFiles/azrael_freeRTOS.dir/Drivers/FreeRTOS/queue.c.obj
 .debug_frame   0x00001368       0xd8 CMakeFiles/azrael_freeRTOS.dir/Drivers/FreeRTOS/list.c.obj
 .debug_frame   0x00001440      0x194 CMakeFiles/azrael_freeRTOS.dir/Drivers/FreeRTOS/portable/MemMang/heap_4.c.obj
 .debug_frame   0x000015d4      0x198 CMakeFiles/azrael_freeRTOS.dir/Drivers/FreeRTOS/portable/GCC/ARM_CM3/port.c.obj
 .debug_frame   0x0000176c      0x35c CMakeFiles/azrael_freeRTOS.dir/Drivers/ST7735/st7735/st7735.c.obj
 .debug_frame   0x00001ac8       0xb0 CMakeFiles/azrael_freeRTOS.dir/Sources/gpio.c.obj
 .debug_frame   0x00001b78       0x58 CMakeFiles/azrael_freeRTOS.dir/Sources/spi.c.obj
 .debug_frame   0x00001bd0       0xdc CMakeFiles/azrael_freeRTOS.dir/Sources/display.c.obj
 .debug_frame   0x00001cac       0x30 /home/hillary/.local/share/stm32cube/bundles/gnu-tools-for-stm32/13.3.1+st.9/bin/../lib/gcc/arm-none-eabi/13.3.1/../../../../arm-none-eabi/lib/thumb/v7-m/nofp/libg_nano.a(libc_a-malloc.o)
 .debug_frame   0x00001cdc       0x7c /home/hillary/.local/share/stm32cube/bundles/gnu-tools-for-stm32/13.3.1+st.9/bin/../lib/gcc/arm-none-eabi/13.3.1/../../../../arm-none-eabi/lib/thumb/v7-m/nofp/libg_nano.a(libc_a-snprintf.o)
 .debug_frame   0x00001d58       0x20 /home/hillary/.local/share/stm32cube/bundles/gnu-tools-for-stm32/13.3.1+st.9/bin/../lib/gcc/arm-none-eabi/13.3.1/../../../../arm-none-eabi/lib/thumb/v7-m/nofp/libg_nano.a(libc_a-errno.o)
 .debug_frame   0x00001d78       0x28 /home/hillary/.local/share/stm32cube/bundles/gnu-tools-for-stm32/13.3.1+st.9/bin/../lib/gcc/arm-none-eabi/13.3.1/../../../../arm-none-eabi/lib/thumb/v7-m/nofp/libg_nano.a(libc_a-memcpy-stub.o)
 .debug_frame   0x00001da0       0x90 /home/hillary/.local/share/stm32cube/bundles/gnu-tools-for-stm32/13.3.1+st.9/bin/../lib/gcc/arm-none-eabi/13.3.1/../../../../arm-none-eabi/lib/thumb/v7-m/nofp/libg_nano.a(libc_a-nano-svfprintf.o)
 .debug_frame   0x00001e30       0x60 /home/hillary/.local/share/stm32cube/bundles/gnu-tools-for-stm32/13.3.1+st.9/bin/../lib/gcc/arm-none-eabi/13.3.1/../../../../arm-none-eabi/lib/thumb/v7-m/nofp/libg_nano.a(libc_a-nano-vfprintf_i.o)
 .debug_frame   0x00001e90       0x28 /home/hillary/.local/share/stm32cube/bundles/gnu-tools-for-stm32/13.3.1+st.9/bin/../lib/gcc/arm-none-eabi/13.3.1/../../../../arm-none-eabi/lib/thumb/v7-m/nofp/libg_nano.a(libc_a-memmove.o)
 .debug_frame   0x00001eb8       0x28 /home/hillary/.local/share/stm32cube/bundles/gnu-tools-for-stm32/13.3.1+st.9/bin/../lib/gcc/arm-none-eabi/13.3.1/../../../../arm-none-eabi/lib/thumb/v7-m/nofp/libg_nano.a(libc_a-memchr-stub.o)
 .debug_frame   0x00001ee0       0x3c /home/hillary/.local/share/stm32cube/bundles/gnu-tools-for-stm32/13.3.1+st.9/bin/../lib/gcc/arm-none-eabi/13.3.1/../../../../arm-none-eabi/lib/thumb/v7-m/nofp/libg_nano.a(libc_a-reallocr.o)
 .debug_frame   0x00001f1c       0x20 /home/hillary/.local/share/stm32cube/bundles/gnu-tools-for-stm32/13.3.1+st.9/bin/../lib/gcc/arm-none-eabi/13.3.1/../../../../arm-none-eabi/lib/thumb/v7-m/nofp/libg_nano.a(libc_a-msizer.o)

.debug_line     0x00000000     0x725e
 .debug_line    0x00000000       0x7b CMakeFiles/azrael_freeRTOS.dir/Startup/startup_stm32f103c8tx.s.obj
 .debug_line    0x0000007b      0x5d3 CMakeFiles/azrael_freeRTOS.dir/Sources/main.c.obj
 .debug_line    0x0000064e      0x227 CMakeFiles/azrael_freeRTOS.dir/Sources/sysmem.c.obj
 .debug_line    0x00000875     0x1889 CMakeFiles/azrael_freeRTOS.dir/Drivers/FreeRTOS/tasks.c.obj
 .debug_line    0x000020fe     0x1260 CMakeFiles/azrael_freeRTOS.dir/Drivers/FreeRTOS/queue.c.obj
 .debug_line    0x0000335e      0x30c CMakeFiles/azrael_freeRTOS.dir/Drivers/FreeRTOS/list.c.obj
 .debug_line    0x0000366a      0x71e CMakeFiles/azrael_freeRTOS.dir/Drivers/FreeRTOS/portable/MemMang/heap_4.c.obj
 .debug_line    0x00003d88      0x44b CMakeFiles/azrael_freeRTOS.dir/Drivers/FreeRTOS/portable/GCC/ARM_CM3/port.c.obj
 .debug_line    0x000041d3      0x778 CMakeFiles/azrael_freeRTOS.dir/Drivers/ST7735/st7735/st7735.c.obj
 .debug_line    0x0000494b      0x173 CMakeFiles/azrael_freeRTOS.dir/Drivers/ST7735/st7735/fonts.c.obj
 .debug_line    0x00004abe      0x231 CMakeFiles/azrael_freeRTOS.dir/Sources/gpio.c.obj
 .debug_line    0x00004cef      0x28d CMakeFiles/azrael_freeRTOS.dir/Sources/spi.c.obj
 .debug_line    0x00004f7c      0x1fc CMakeFiles/azrael_freeRTOS.dir/Sources/display.c.obj
 .debug_line    0x00005178      0x201 /home/hillary/.local/share/stm32cube/bundles/gnu-tools-for-stm32/13.3.1+st.9/bin/../lib/gcc/arm-none-eabi/13.3.1/../../../../arm-none-eabi/lib/thumb/v7-m/nofp/libg_nano.a(libc_a-malloc.o)
 .debug_line    0x00005379      0x366 /home/hillary/.local/share/stm32cube/bundles/gnu-tools-for-stm32/13.3.1+st.9/bin/../lib/gcc/arm-none-eabi/13.3.1/../../../../arm-none-eabi/lib/thumb/v7-m/nofp/libg_nano.a(libc_a-snprintf.o)
 .debug_line    0x000056df      0x185 /home/hillary/.local/share/stm32cube/bundles/gnu-tools-for-stm32/13.3.1+st.9/bin/../lib/gcc/arm-none-eabi/13.3.1/../../../../arm-none-eabi/lib/thumb/v7-m/nofp/libg_nano.a(libc_a-errno.o)
 .debug_line    0x00005864      0x207 /home/hillary/.local/share/stm32cube/bundles/gnu-tools-for-stm32/13.3.1+st.9/bin/../lib/gcc/arm-none-eabi/13.3.1/../../../../arm-none-eabi/lib/thumb/v7-m/nofp/libg_nano.a(libc_a-memcpy-stub.o)
 .debug_line    0x00005a6b      0x89f /home/hillary/.local/share/stm32cube/bundles/gnu-tools-for-stm32/13.3.1+st.9/bin/../lib/gcc/arm-none-eabi/13.3.1/../../../../arm-none-eabi/lib/thumb/v7-m/nofp/libg_nano.a(libc_a-nano-svfprintf.o)
 .debug_line    0x0000630a      0x722 /home/hillary/.local/share/stm32cube/bundles/gnu-tools-for-stm32/13.3.1+st.9/bin/../lib/gcc/arm-none-eabi/13.3.1/../../../../arm-none-eabi/lib/thumb/v7-m/nofp/libg_nano.a(libc_a-nano-vfprintf_i.o)
 .debug_line    0x00006a2c      0x1bb /home/hillary/.local/share/stm32cube/bundles/gnu-tools-for-stm32/13.3.1+st.9/bin/../lib/gcc/arm-none-eabi/13.3.1/../../../../arm-none-eabi/lib/thumb/v7-m/nofp/libg_nano.a(libc_a-memmove.o)
 .debug_line    0x00006be7      0x1fe /home/hillary/.local/share/stm32cube/bundles/gnu-tools-for-stm32/13.3.1+st.9/bin/../lib/gcc/arm-none-eabi/13.3.1/../../../../arm-none-eabi/lib/thumb/v7-m/nofp/libg_nano.a(libc_a-memchr-stub.o)
 .debug_line    0x00006de5      0x274 /home/hillary/.local/share/stm32cube/bundles/gnu-tools-for-stm32/13.3.1+st.9/bin/../lib/gcc/arm-none-eabi/13.3.1/../../../../arm-none-eabi/lib/thumb/v7-m/nofp/libg_nano.a(libc_a-reallocr.o)
 .debug_line    0x00007059      0x205 /home/hillary/.local/share/stm32cube/bundles/gnu-tools-for-stm32/13.3.1+st.9/bin/../lib/gcc/arm-none-eabi/13.3.1/../../../../arm-none-eabi/lib/thumb/v7-m/nofp/libg_nano.a(libc_a-msizer.o)

.debug_line_str
                0x00000000       0x94
 .debug_line_str
                0x00000000       0x94 CMakeFiles/azrael_freeRTOS.dir/Startup/startup_stm32f103c8tx.s.obj

.debug_info     0x00000000     0xbda6
 .debug_info    0x00000000       0x30 CMakeFiles/azrael_freeRTOS.dir/Startup/startup_stm32f103c8tx.s.obj
 .debug_info    0x00000030      0x61f CMakeFiles/azrael_freeRTOS.dir/Sources/main.c.obj
 .debug_info    0x0000064f      0x164 CMakeFiles/azrael_freeRTOS.dir/Sources/sysmem.c.obj
 .debug_info    0x000007b3     0x2f8f CMakeFiles/azrael_freeRTOS.dir/Drivers/FreeRTOS/tasks.c.obj
 .debug_info    0x00003742     0x1c5f CMakeFiles/azrael_freeRTOS.dir/Drivers/FreeRTOS/queue.c.obj
 .debug_info    0x000053a1      0x2a6 CMakeFiles/azrael_freeRTOS.dir/Drivers/FreeRTOS/list.c.obj
 .debug_info    0x00005647      0x5e6 CMakeFiles/azrael_freeRTOS.dir/Drivers/FreeRTOS/portable/MemMang/heap_4.c.obj
 .debug_info    0x00005c2d      0x51b CMakeFiles/azrael_freeRTOS.dir/Drivers/FreeRTOS/portable/GCC/ARM_CM3/port.c.obj
 .debug_info    0x00006148      0x9a8 CMakeFiles/azrael_freeRTOS.dir/Drivers/ST7735/st7735/st7735.c.obj
 .debug_info    0x00006af0      0x196 CMakeFiles/azrael_freeRTOS.dir/Drivers/ST7735/st7735/fonts.c.obj
 .debug_info    0x00006c86      0x1cd CMakeFiles/azrael_freeRTOS.dir/Sources/gpio.c.obj
 .debug_info    0x00006e53      0x28e CMakeFiles/azrael_freeRTOS.dir/Sources/spi.c.obj
 .debug_info    0x000070e1      0x327 CMakeFiles/azrael_freeRTOS.dir/Sources/display.c.obj
 .debug_info    0x00007408      0x7a0 /home/hillary/.local/share/stm32cube/bundles/gnu-tools-for-stm32/13.3.1+st.9/bin/../lib/gcc/arm-none-eabi/13.3.1/../../../../arm-none-eabi/lib/thumb/v7-m/nofp/libg_nano.a(libc_a-malloc.o)
 .debug_info    0x00007ba8      0x8b9 /home/hillary/.local/share/stm32cube/bundles/gnu-tools-for-stm32/13.3.1+st.9/bin/../lib/gcc/arm-none-eabi/13.3.1/../../../../arm-none-eabi/lib/thumb/v7-m/nofp/libg_nano.a(libc_a-snprintf.o)
 .debug_info    0x00008461      0x6fb /home/hillary/.local/share/stm32cube/bundles/gnu-tools-for-stm32/13.3.1+st.9/bin/../lib/gcc/arm-none-eabi/13.3.1/../../../../arm-none-eabi/lib/thumb/v7-m/nofp/libg_nano.a(libc_a-errno.o)
 .debug_info    0x00008b5c      0x121 /home/hillary/.local/share/stm32cube/bundles/gnu-tools-for-stm32/13.3.1+st.9/bin/../lib/gcc/arm-none-eabi/13.3.1/../../../../arm-none-eabi/lib/thumb/v7-m/nofp/libg_nano.a(libc_a-memcpy-stub.o)
 .debug_info    0x00008c7d     0x10c7 /home/hillary/.local/share/stm32cube/bundles/gnu-tools-for-stm32/13.3.1+st.9/bin/../lib/gcc/arm-none-eabi/13.3.1/../../../../arm-none-eabi/lib/thumb/v7-m/nofp/libg_nano.a(libc_a-nano-svfprintf.o)
 .debug_info    0x00009d44      0xde2 /home/hillary/.local/share/stm32cube/bundles/gnu-tools-for-stm32/13.3.1+st.9/bin/../lib/gcc/arm-none-eabi/13.3.1/../../../../arm-none-eabi/lib/thumb/v7-m/nofp/libg_nano.a(libc_a-nano-vfprintf_i.o)
 .debug_info    0x0000ab26      0x10f /home/hillary/.local/share/stm32cube/bundles/gnu-tools-for-stm32/13.3.1+st.9/bin/../lib/gcc/arm-none-eabi/13.3.1/../../../../arm-none-eabi/lib/thumb/v7-m/nofp/libg_nano.a(libc_a-memmove.o)
 .debug_info    0x0000ac35      0x110 /home/hillary/.local/share/stm32cube/bundles/gnu-tools-for-stm32/13.3.1+st.9/bin/../lib/gcc/arm-none-eabi/13.3.1/../../../../arm-none-eabi/lib/thumb/v7-m/nofp/libg_nano.a(libc_a-memchr-stub.o)
 .debug_info    0x0000ad45      0x8cd /home/hillary/.local/share/stm32cube/bundles/gnu-tools-for-stm32/13.3.1+st.9/bin/../lib/gcc/arm-none-eabi/13.3.1/../../../../arm-none-eabi/lib/thumb/v7-m/nofp/libg_nano.a(libc_a-reallocr.o)
 .debug_info    0x0000b612      0x794 /home/hillary/.local/share/stm32cube/bundles/gnu-tools-for-stm32/13.3.1+st.9/bin/../lib/gcc/arm-none-eabi/13.3.1/../../../../arm-none-eabi/lib/thumb/v7-m/nofp/libg_nano.a(libc_a-msizer.o)

.debug_abbrev   0x00000000     0x26a0
 .debug_abbrev  0x00000000       0x24 CMakeFiles/azrael_freeRTOS.dir/Startup/startup_stm32f103c8tx.s.obj
 .debug_abbrev  0x00000024      0x296 CMakeFiles/azrael_freeRTOS.dir/Sources/main.c.obj
 .debug_abbrev  0x000002ba       0xba CMakeFiles/azrael_freeRTOS.dir/Sources/sysmem.c.obj
 .debug_abbrev  0x00000374      0x3ea CMakeFiles/azrael_freeRTOS.dir/Drivers/FreeRTOS/tasks.c.obj
 .debug_abbrev  0x0000075e      0x340 CMakeFiles/azrael_freeRTOS.dir/Drivers/FreeRTOS/queue.c.obj
 .debug_abbrev  0x00000a9e       0xec CMakeFiles/azrael_freeRTOS.dir/Drivers/FreeRTOS/list.c.obj
 .debug_abbrev  0x00000b8a      0x258 CMakeFiles/azrael_freeRTOS.dir/Drivers/FreeRTOS/portable/MemMang/heap_4.c.obj
 .debug_abbrev  0x00000de2      0x253 CMakeFiles/azrael_freeRTOS.dir/Drivers/FreeRTOS/portable/GCC/ARM_CM3/port.c.obj
 .debug_abbrev  0x00001035      0x24b CMakeFiles/azrael_freeRTOS.dir/Drivers/ST7735/st7735/st7735.c.obj
 .debug_abbrev  0x00001280       0xb1 CMakeFiles/azrael_freeRTOS.dir/Drivers/ST7735/st7735/fonts.c.obj
 .debug_abbrev  0x00001331       0xa3 CMakeFiles/azrael_freeRTOS.dir/Sources/gpio.c.obj
 .debug_abbrev  0x000013d4      0x103 CMakeFiles/azrael_freeRTOS.dir/Sources/spi.c.obj
 .debug_abbrev  0x000014d7       0xf4 CMakeFiles/azrael_freeRTOS.dir/Sources/display.c.obj
 .debug_abbrev  0x000015cb      0x1cf /home/hillary/.local/share/stm32cube/bundles/gnu-tools-for-stm32/13.3.1+st.9/bin/../lib/gcc/arm-none-eabi/13.3.1/../../../../arm-none-eabi/lib/thumb/v7-m/nofp/libg_nano.a(libc_a-malloc.o)
 .debug_abbrev  0x0000179a      0x231 /home/hillary/.local/share/stm32cube/bundles/gnu-tools-for-stm32/13.3.1+st.9/bin/../lib/gcc/arm-none-eabi/13.3.1/../../../../arm-none-eabi/lib/thumb/v7-m/nofp/libg_nano.a(libc_a-snprintf.o)
 .debug_abbrev  0x000019cb      0x15e /home/hillary/.local/share/stm32cube/bundles/gnu-tools-for-stm32/13.3.1+st.9/bin/../lib/gcc/arm-none-eabi/13.3.1/../../../../arm-none-eabi/lib/thumb/v7-m/nofp/libg_nano.a(libc_a-errno.o)
 .debug_abbrev  0x00001b29       0xc1 /home/hillary/.local/share/stm32cube/bundles/gnu-tools-for-stm32/13.3.1+st.9/bin/../lib/gcc/arm-none-eabi/13.3.1/../../../../arm-none-eabi/lib/thumb/v7-m/nofp/libg_nano.a(libc_a-memcpy-stub.o)
 .debug_abbrev  0x00001bea      0x31e /home/hillary/.local/share/stm32cube/bundles/gnu-tools-for-stm32/13.3.1+st.9/bin/../lib/gcc/arm-none-eabi/13.3.1/../../../../arm-none-eabi/lib/thumb/v7-m/nofp/libg_nano.a(libc_a-nano-svfprintf.o)
 .debug_abbrev  0x00001f08      0x28e /home/hillary/.local/share/stm32cube/bundles/gnu-tools-for-stm32/13.3.1+st.9/bin/../lib/gcc/arm-none-eabi/13.3.1/../../../../arm-none-eabi/lib/thumb/v7-m/nofp/libg_nano.a(libc_a-nano-vfprintf_i.o)
 .debug_abbrev  0x00002196       0xac /home/hillary/.local/share/stm32cube/bundles/gnu-tools-for-stm32/13.3.1+st.9/bin/../lib/gcc/arm-none-eabi/13.3.1/../../../../arm-none-eabi/lib/thumb/v7-m/nofp/libg_nano.a(libc_a-memmove.o)
 .debug_abbrev  0x00002242       0xb1 /home/hillary/.local/share/stm32cube/bundles/gnu-tools-for-stm32/13.3.1+st.9/bin/../lib/gcc/arm-none-eabi/13.3.1/../../../../arm-none-eabi/lib/thumb/v7-m/nofp/libg_nano.a(libc_a-memchr-stub.o)
 .debug_abbrev  0x000022f3      0x217 /home/hillary/.local/share/stm32cube/bundles/gnu-tools-for-stm32/13.3.1+st.9/bin/../lib/gcc/arm-none-eabi/13.3.1/../../../../arm-none-eabi/lib/thumb/v7-m/nofp/libg_nano.a(libc_a-reallocr.o)
 .debug_abbrev  0x0000250a      0x196 /home/hillary/.local/share/stm32cube/bundles/gnu-tools-for-stm32/13.3.1+st.9/bin/../lib/gcc/arm-none-eabi/13.3.1/../../../../arm-none-eabi/lib/thumb/v7-m/nofp/libg_nano.a(libc_a-msizer.o)

.debug_aranges  0x00000000      0x308
 .debug_aranges
                0x00000000       0x28 CMakeFiles/azrael_freeRTOS.dir/Startup/startup_stm32f103c8tx.s.obj
 .debug_aranges
                0x00000028       0x20 CMakeFiles/azrael_freeRTOS.dir/Sources/main.c.obj
 .debug_aranges
                0x00000048       0x20 CMakeFiles/azrael_freeRTOS.dir/Sources/sysmem.c.obj
 .debug_aranges
                0x00000068       0x20 CMakeFiles/azrael_freeRTOS.dir/Drivers/FreeRTOS/tasks.c.obj
 .debug_aranges
                0x00000088       0x20 CMakeFiles/azrael_freeRTOS.dir/Drivers/FreeRTOS/queue.c.obj
 .debug_aranges
                0x000000a8       0x20 CMakeFiles/azrael_freeRTOS.dir/Drivers/FreeRTOS/list.c.obj
 .debug_aranges
                0x000000c8       0x20 CMakeFiles/azrael_freeRTOS.dir/Drivers/FreeRTOS/portable/MemMang/heap_4.c.obj
 .debug_aranges
                0x000000e8       0x20 CMakeFiles/azrael_freeRTOS.dir/Drivers/FreeRTOS/portable/GCC/ARM_CM3/port.c.obj
 .debug_aranges
                0x00000108       0x20 CMakeFiles/azrael_freeRTOS.dir/Drivers/ST7735/st7735/st7735.c.obj
 .debug_aranges
                0x00000128       0x18 CMakeFiles/azrael_freeRTOS.dir/Drivers/ST7735/st7735/fonts.c.obj
 .debug_aranges
                0x00000140       0x20 CMakeFiles/azrael_freeRTOS.dir/Sources/gpio.c.obj
 .debug_aranges
                0x00000160       0x20 CMakeFiles/azrael_freeRTOS.dir/Sources/spi.c.obj
 .debug_aranges
                0x00000180       0x20 CMakeFiles/azrael_freeRTOS.dir/Sources/display.c.obj
 .debug_aranges
                0x000001a0       0x28 /home/hillary/.local/share/stm32cube/bundles/gnu-tools-for-stm32/13.3.1+st.9/bin/../lib/gcc/arm-none-eabi/13.3.1/../../../../arm-none-eabi/lib/thumb/v7-m/nofp/libg_nano.a(libc_a-malloc.o)
 .debug_aranges
                0x000001c8       0x28 /home/hillary/.local/share/stm32cube/bundles/gnu-tools-for-stm32/13.3.1+st.9/bin/../lib/gcc/arm-none-eabi/13.3.1/../../../../arm-none-eabi/lib/thumb/v7-m/nofp/libg_nano.a(libc_a-snprintf.o)
 .debug_aranges
                0x000001f0       0x20 /home/hillary/.local/share/stm32cube/bundles/gnu-tools-for-stm32/13.3.1+st.9/bin/../lib/gcc/arm-none-eabi/13.3.1/../../../../arm-none-eabi/lib/thumb/v7-m/nofp/libg_nano.a(libc_a-errno.o)
 .debug_aranges
                0x00000210       0x20 /home/hillary/.local/share/stm32cube/bundles/gnu-tools-for-stm32/13.3.1+st.9/bin/../lib/gcc/arm-none-eabi/13.3.1/../../../../arm-none-eabi/lib/thumb/v7-m/nofp/libg_nano.a(libc_a-memcpy-stub.o)
 .debug_aranges
                0x00000230       0x30 /home/hillary/.local/share/stm32cube/bundles/gnu-tools-for-stm32/13.3.1+st.9/bin/../lib/gcc/arm-none-eabi/13.3.1/../../../../arm-none-eabi/lib/thumb/v7-m/nofp/libg_nano.a(libc_a-nano-svfprintf.o)
 .debug_aranges
                0x00000260       0x28 /home/hillary/.local/share/stm32cube/bundles/gnu-tools-for-stm32/13.3.1+st.9/bin/../lib/gcc/arm-none-eabi/13.3.1/../../../../arm-none-eabi/lib/thumb/v7-m/nofp/libg_nano.a(libc_a-nano-vfprintf_i.o)
 .debug_aranges
                0x00000288       0x20 /home/hillary/.local/share/stm32cube/bundles/gnu-tools-for-stm32/13.3.1+st.9/bin/../lib/gcc/arm-none-eabi/13.3.1/../../../../arm-none-eabi/lib/thumb/v7-m/nofp/libg_nano.a(libc_a-memmove.o)
 .debug_aranges
                0x000002a8       0x20 /home/hillary/.local/share/stm32cube/bundles/gnu-tools-for-stm32/13.3.1+st.9/bin/../lib/gcc/arm-none-eabi/13.3.1/../../../../arm-none-eabi/lib/thumb/v7-m/nofp/libg_nano.a(libc_a-memchr-stub.o)
 .debug_aranges
                0x000002c8       0x20 /home/hillary/.local/share/stm32cube/bundles/gnu-tools-for-stm32/13.3.1+st.9/bin/../lib/gcc/arm-none-eabi/13.3.1/../../../../arm-none-eabi/lib/thumb/v7-m/nofp/libg_nano.a(libc_a-reallocr.o)
 .debug_aranges
                0x000002e8       0x20 /home/hillary/.local/share/stm32cube/bundles/gnu-tools-for-stm32/13.3.1+st.9/bin/../lib/gcc/arm-none-eabi/13.3.1/../../../../arm-none-eabi/lib/thumb/v7-m/nofp/libg_nano.a(libc_a-msizer.o)

.debug_str      0x00000000     0x3220
 .debug_str     0x00000000     0x3220 CMakeFiles/azrael_freeRTOS.dir/Startup/startup_stm32f103c8tx.s.obj
                                 0xb0 (size before relaxing)
 .debug_str     0x00003220        0x0 CMakeFiles/azrael_freeRTOS.dir/Sources/main.c.obj
                                0x4d2 (size before relaxing)
 .debug_str     0x00003220        0x0 CMakeFiles/azrael_freeRTOS.dir/Sources/sysmem.c.obj
                                0x20b (size before relaxing)
 .debug_str     0x00003220        0x0 CMakeFiles/azrael_freeRTOS.dir/Drivers/FreeRTOS/tasks.c.obj
                               0x15ad (size before relaxing)
 .debug_str     0x00003220        0x0 CMakeFiles/azrael_freeRTOS.dir/Drivers/FreeRTOS/queue.c.obj
                                0xcfa (size before relaxing)
 .debug_str     0x00003220        0x0 CMakeFiles/azrael_freeRTOS.dir/Drivers/FreeRTOS/list.c.obj
                                0x2d2 (size before relaxing)
 .debug_str     0x00003220        0x0 CMakeFiles/azrael_freeRTOS.dir/Drivers/FreeRTOS/portable/MemMang/heap_4.c.obj
                                0x555 (size before relaxing)
 .debug_str     0x00003220        0x0 CMakeFiles/azrael_freeRTOS.dir/Drivers/FreeRTOS/portable/GCC/ARM_CM3/port.c.obj
                                0x451 (size before relaxing)
 .debug_str     0x00003220        0x0 CMakeFiles/azrael_freeRTOS.dir/Drivers/ST7735/st7735/st7735.c.obj
                                0x4e1 (size before relaxing)
 .debug_str     0x00003220        0x0 CMakeFiles/azrael_freeRTOS.dir/Drivers/ST7735/st7735/fonts.c.obj
                                0x1f1 (size before relaxing)
 .debug_str     0x00003220        0x0 CMakeFiles/azrael_freeRTOS.dir/Sources/gpio.c.obj
                                0x221 (size before relaxing)
 .debug_str     0x00003220        0x0 CMakeFiles/azrael_freeRTOS.dir/Sources/spi.c.obj
                                0x23f (size before relaxing)
 .debug_str     0x00003220        0x0 CMakeFiles/azrael_freeRTOS.dir/Sources/display.c.obj
                                0x2b3 (size before relaxing)
 .debug_str     0x00003220        0x0 /home/hillary/.local/share/stm32cube/bundles/gnu-tools-for-stm32/13.3.1+st.9/bin/../lib/gcc/arm-none-eabi/13.3.1/../../../../arm-none-eabi/lib/thumb/v7-m/nofp/libg_nano.a(libc_a-malloc.o)
                                0x54e (size before relaxing)
 .debug_str     0x00003220        0x0 /home/hillary/.local/share/stm32cube/bundles/gnu-tools-for-stm32/13.3.1+st.9/bin/../lib/gcc/arm-none-eabi/13.3.1/../../../../arm-none-eabi/lib/thumb/v7-m/nofp/libg_nano.a(libc_a-snprintf.o)
                                0x577 (size before relaxing)
 .debug_str     0x00003220        0x0 /home/hillary/.local/share/stm32cube/bundles/gnu-tools-for-stm32/13.3.1+st.9/bin/../lib/gcc/arm-none-eabi/13.3.1/../../../../arm-none-eabi/lib/thumb/v7-m/nofp/libg_nano.a(libc_a-errno.o)
                                0x523 (size before relaxing)
 .debug_str     0x00003220        0x0 /home/hillary/.local/share/stm32cube/bundles/gnu-tools-for-stm32/13.3.1+st.9/bin/../lib/gcc/arm-none-eabi/13.3.1/../../../../arm-none-eabi/lib/thumb/v7-m/nofp/libg_nano.a(libc_a-memcpy-stub.o)
                                0x227 (size before relaxing)
 .debug_str     0x00003220        0x0 /home/hillary/.local/share/stm32cube/bundles/gnu-tools-for-stm32/13.3.1+st.9/bin/../lib/gcc/arm-none-eabi/13.3.1/../../../../arm-none-eabi/lib/thumb/v7-m/nofp/libg_nano.a(libc_a-nano-svfprintf.o)
                                0x872 (size before relaxing)
 .debug_str     0x00003220        0x0 /home/hillary/.local/share/stm32cube/bundles/gnu-tools-for-stm32/13.3.1+st.9/bin/../lib/gcc/arm-none-eabi/13.3.1/../../../../arm-none-eabi/lib/thumb/v7-m/nofp/libg_nano.a(libc_a-nano-vfprintf_i.o)
                                0x808 (size before relaxing)
 .debug_str     0x00003220        0x0 /home/hillary/.local/share/stm32cube/bundles/gnu-tools-for-stm32/13.3.1+st.9/bin/../lib/gcc/arm-none-eabi/13.3.1/../../../../arm-none-eabi/lib/thumb/v7-m/nofp/libg_nano.a(libc_a-memmove.o)
                                0x224 (size before relaxing)
 .debug_str     0x00003220        0x0 /home/hillary/.local/share/stm32cube/bundles/gnu-tools-for-stm32/13.3.1+st.9/bin/../lib/gcc/arm-none-eabi/13.3.1/../../../../arm-none-eabi/lib/thumb/v7-m/nofp/libg_nano.a(libc_a-memchr-stub.o)
                                0x223 (size before relaxing)
 .debug_str     0x00003220        0x0 /home/hillary/.local/share/stm32cube/bundles/gnu-tools-for-stm32/13.3.1+st.9/bin/../lib/gcc/arm-none-eabi/13.3.1/../../../../arm-none-eabi/lib/thumb/v7-m/nofp/libg_nano.a(libc_a-reallocr.o)
                                0x59f (size before relaxing)
 .debug_str     0x00003220        0x0 /home/hillary/.local/share/stm32cube/bundles/gnu-tools-for-stm32/13.3.1+st.9/bin/../lib/gcc/arm-none-eabi/13.3.1/../../../../arm-none-eabi/lib/thumb/v7-m/nofp/libg_nano.a(libc_a-msizer.o)
                                0x572 (size before relaxing)

.debug_rnglists
                0x00000000      0x1a5
 .debug_rnglists
                0x00000000       0x19 CMakeFiles/azrael_freeRTOS.dir/Startup/startup_stm32f103c8tx.s.obj
 .debug_rnglists
                0x00000019       0x1c CMakeFiles/azrael_freeRTOS.dir/Drivers/FreeRTOS/tasks.c.obj
 .debug_rnglists
                0x00000035       0x17 CMakeFiles/azrael_freeRTOS.dir/Drivers/ST7735/st7735/st7735.c.obj
 .debug_rnglists
                0x0000004c       0x19 /home/hillary/.local/share/stm32cube/bundles/gnu-tools-for-stm32/13.3.1+st.9/bin/../lib/gcc/arm-none-eabi/13.3.1/../../../../arm-none-eabi/lib/thumb/v7-m/nofp/libg_nano.a(libc_a-malloc.o)
 .debug_rnglists
                0x00000065       0x19 /home/hillary/.local/share/stm32cube/bundles/gnu-tools-for-stm32/13.3.1+st.9/bin/../lib/gcc/arm-none-eabi/13.3.1/../../../../arm-none-eabi/lib/thumb/v7-m/nofp/libg_nano.a(libc_a-snprintf.o)
 .debug_rnglists
                0x0000007e       0x13 /home/hillary/.local/share/stm32cube/bundles/gnu-tools-for-stm32/13.3.1+st.9/bin/../lib/gcc/arm-none-eabi/13.3.1/../../../../arm-none-eabi/lib/thumb/v7-m/nofp/libg_nano.a(libc_a-errno.o)
 .debug_rnglists
                0x00000091       0x13 /home/hillary/.local/share/stm32cube/bundles/gnu-tools-for-stm32/13.3.1+st.9/bin/../lib/gcc/arm-none-eabi/13.3.1/../../../../arm-none-eabi/lib/thumb/v7-m/nofp/libg_nano.a(libc_a-memcpy-stub.o)
 .debug_rnglists
                0x000000a4       0x48 /home/hillary/.local/share/stm32cube/bundles/gnu-tools-for-stm32/13.3.1+st.9/bin/../lib/gcc/arm-none-eabi/13.3.1/../../../../arm-none-eabi/lib/thumb/v7-m/nofp/libg_nano.a(libc_a-nano-svfprintf.o)
 .debug_rnglists
                0x000000ec       0x6d /home/hillary/.local/share/stm32cube/bundles/gnu-tools-for-stm32/13.3.1+st.9/bin/../lib/gcc/arm-none-eabi/13.3.1/../../../../arm-none-eabi/lib/thumb/v7-m/nofp/libg_nano.a(libc_a-nano-vfprintf_i.o)
 .debug_rnglists
                0x00000159       0x13 /home/hillary/.local/share/stm32cube/bundles/gnu-tools-for-stm32/13.3.1+st.9/bin/../lib/gcc/arm-none-eabi/13.3.1/../../../../arm-none-eabi/lib/thumb/v7-m/nofp/libg_nano.a(libc_a-memmove.o)
 .debug_rnglists
                0x0000016c       0x13 /home/hillary/.local/share/stm32cube/bundles/gnu-tools-for-stm32/13.3.1+st.9/bin/../lib/gcc/arm-none-eabi/13.3.1/../../../../arm-none-eabi/lib/thumb/v7-m/nofp/libg_nano.a(libc_a-memchr-stub.o)
 .debug_rnglists
                0x0000017f       0x13 /home/hillary/.local/share/stm32cube/bundles/gnu-tools-for-stm32/13.3.1+st.9/bin/../lib/gcc/arm-none-eabi/13.3.1/../../../../arm-none-eabi/lib/thumb/v7-m/nofp/libg_nano.a(libc_a-reallocr.o)
 .debug_rnglists
                0x00000192       0x13 /home/hillary/.local/share/stm32cube/bundles/gnu-tools-for-stm32/13.3.1+st.9/bin/../lib/gcc/arm-none-eabi/13.3.1/../../../../arm-none-eabi/lib/thumb/v7-m/nofp/libg_nano.a(libc_a-msizer.o)

.comment        0x00000000       0x43
 .comment       0x00000000       0x43 CMakeFiles/azrael_freeRTOS.dir/Sources/main.c.obj
                                 0x44 (size before relaxing)
 .comment       0x00000043        0x0 CMakeFiles/azrael_freeRTOS.dir/Sources/sysmem.c.obj
                                 0x44 (size before relaxing)
 .comment       0x00000043        0x0 CMakeFiles/azrael_freeRTOS.dir/Drivers/FreeRTOS/tasks.c.obj
                                 0x44 (size before relaxing)
 .comment       0x00000043        0x0 CMakeFiles/azrael_freeRTOS.dir/Drivers/FreeRTOS/queue.c.obj
                                 0x44 (size before relaxing)
 .comment       0x00000043        0x0 CMakeFiles/azrael_freeRTOS.dir/Drivers/FreeRTOS/list.c.obj
                                 0x44 (size before relaxing)
 .comment       0x00000043        0x0 CMakeFiles/azrael_freeRTOS.dir/Drivers/FreeRTOS/portable/MemMang/heap_4.c.obj
                                 0x44 (size before relaxing)
 .comment       0x00000043        0x0 CMakeFiles/azrael_freeRTOS.dir/Drivers/FreeRTOS/portable/GCC/ARM_CM3/port.c.obj
                                 0x44 (size before relaxing)
 .comment       0x00000043        0x0 CMakeFiles/azrael_freeRTOS.dir/Drivers/ST7735/st7735/st7735.c.obj
                                 0x44 (size before relaxing)
 .comment       0x00000043        0x0 CMakeFiles/azrael_freeRTOS.dir/Drivers/ST7735/st7735/fonts.c.obj
                                 0x44 (size before relaxing)
 .comment       0x00000043        0x0 CMakeFiles/azrael_freeRTOS.dir/Sources/gpio.c.obj
                                 0x44 (size before relaxing)
 .comment       0x00000043        0x0 CMakeFiles/azrael_freeRTOS.dir/Sources/spi.c.obj
                                 0x44 (size before relaxing)
 .comment       0x00000043        0x0 CMakeFiles/azrael_freeRTOS.dir/Sources/display.c.obj
                                 0x44 (size before relaxing)
 .comment       0x00000043        0x0 /home/hillary/.local/share/stm32cube/bundles/gnu-tools-for-stm32/13.3.1+st.9/bin/../lib/gcc/arm-none-eabi/13.3.1/../../../../arm-none-eabi/lib/thumb/v7-m/nofp/libg_nano.a(libc_a-malloc.o)
                                 0x44 (size before relaxing)
 .comment       0x00000043        0x0 /home/hillary/.local/share/stm32cube/bundles/gnu-tools-for-stm32/13.3.1+st.9/bin/../lib/gcc/arm-none-eabi/13.3.1/../../../../arm-none-eabi/lib/thumb/v7-m/nofp/libg_nano.a(libc_a-snprintf.o)
                                 0x44 (size before relaxing)
 .comment       0x00000043        0x0 /home/hillary/.local/share/stm32cube/bundles/gnu-tools-for-stm32/13.3.1+st.9/bin/../lib/gcc/arm-none-eabi/13.3.1/../../../../arm-none-eabi/lib/thumb/v7-m/nofp/libg_nano.a(libc_a-errno.o)
                                 0x44 (size before relaxing)
 .comment       0x00000043        0x0 /home/hillary/.local/share/stm32cube/bundles/gnu-tools-for-stm32/13.3.1+st.9/bin/../lib/gcc/arm-none-eabi/13.3.1/../../../../arm-none-eabi/lib/thumb/v7-m/nofp/libg_nano.a(libc_a-memcpy-stub.o)
                                 0x44 (size before relaxing)
 .comment       0x00000043        0x0 /home/hillary/.local/share/stm32cube/bundles/gnu-tools-for-stm32/13.3.1+st.9/bin/../lib/gcc/arm-none-eabi/13.3.1/../../../../arm-none-eabi/lib/thumb/v7-m/nofp/libg_nano.a(libc_a-nano-svfprintf.o)
                                 0x44 (size before relaxing)
 .comment       0x00000043        0x0 /home/hillary/.local/share/stm32cube/bundles/gnu-tools-for-stm32/13.3.1+st.9/bin/../lib/gcc/arm-none-eabi/13.3.1/../../../../arm-none-eabi/lib/thumb/v7-m/nofp/libg_nano.a(libc_a-nano-vfprintf_i.o)
                                 0x44 (size before relaxing)
 .comment       0x00000043        0x0 /home/hillary/.local/share/stm32cube/bundles/gnu-tools-for-stm32/13.3.1+st.9/bin/../lib/gcc/arm-none-eabi/13.3.1/../../../../arm-none-eabi/lib/thumb/v7-m/nofp/libg_nano.a(libc_a-memmove.o)
                                 0x44 (size before relaxing)
 .comment       0x00000043        0x0 /home/hillary/.local/share/stm32cube/bundles/gnu-tools-for-stm32/13.3.1+st.9/bin/../lib/gcc/arm-none-eabi/13.3.1/../../../../arm-none-eabi/lib/thumb/v7-m/nofp/libg_nano.a(libc_a-memchr-stub.o)
                                 0x44 (size before relaxing)
 .comment       0x00000043        0x0 /home/hillary/.local/share/stm32cube/bundles/gnu-tools-for-stm32/13.3.1+st.9/bin/../lib/gcc/arm-none-eabi/13.3.1/../../../../arm-none-eabi/lib/thumb/v7-m/nofp/libg_nano.a(libc_a-reallocr.o)
                                 0x44 (size before relaxing)
 .comment       0x00000043        0x0 /home/hillary/.local/share/stm32cube/bundles/gnu-tools-for-stm32/13.3.1+st.9/bin/../lib/gcc/arm-none-eabi/13.3.1/../../../../arm-none-eabi/lib/thumb/v7-m/nofp/libg_nano.a(libc_a-msizer.o)
                                 0x44 (size before relaxing)

.debug_loclists
                0x00000000      0xeee
 .debug_loclists
                0x00000000       0x54 /home/hillary/.local/share/stm32cube/bundles/gnu-tools-for-stm32/13.3.1+st.9/bin/../lib/gcc/arm-none-eabi/13.3.1/../../../../arm-none-eabi/lib/thumb/v7-m/nofp/libg_nano.a(libc_a-malloc.o)
 .debug_loclists
                0x00000054      0x14d /home/hillary/.local/share/stm32cube/bundles/gnu-tools-for-stm32/13.3.1+st.9/bin/../lib/gcc/arm-none-eabi/13.3.1/../../../../arm-none-eabi/lib/thumb/v7-m/nofp/libg_nano.a(libc_a-snprintf.o)
 .debug_loclists
                0x000001a1       0xad /home/hillary/.local/share/stm32cube/bundles/gnu-tools-for-stm32/13.3.1+st.9/bin/../lib/gcc/arm-none-eabi/13.3.1/../../../../arm-none-eabi/lib/thumb/v7-m/nofp/libg_nano.a(libc_a-memcpy-stub.o)
 .debug_loclists
                0x0000024e      0x470 /home/hillary/.local/share/stm32cube/bundles/gnu-tools-for-stm32/13.3.1+st.9/bin/../lib/gcc/arm-none-eabi/13.3.1/../../../../arm-none-eabi/lib/thumb/v7-m/nofp/libg_nano.a(libc_a-nano-svfprintf.o)
 .debug_loclists
                0x000006be      0x44a /home/hillary/.local/share/stm32cube/bundles/gnu-tools-for-stm32/13.3.1+st.9/bin/../lib/gcc/arm-none-eabi/13.3.1/../../../../arm-none-eabi/lib/thumb/v7-m/nofp/libg_nano.a(libc_a-nano-vfprintf_i.o)
 .debug_loclists
                0x00000b08      0x149 /home/hillary/.local/share/stm32cube/bundles/gnu-tools-for-stm32/13.3.1+st.9/bin/../lib/gcc/arm-none-eabi/13.3.1/../../../../arm-none-eabi/lib/thumb/v7-m/nofp/libg_nano.a(libc_a-memmove.o)
 .debug_loclists
                0x00000c51       0xf7 /home/hillary/.local/share/stm32cube/bundles/gnu-tools-for-stm32/13.3.1+st.9/bin/../lib/gcc/arm-none-eabi/13.3.1/../../../../arm-none-eabi/lib/thumb/v7-m/nofp/libg_nano.a(libc_a-memchr-stub.o)
 .debug_loclists
                0x00000d48      0x13e /home/hillary/.local/share/stm32cube/bundles/gnu-tools-for-stm32/13.3.1+st.9/bin/../lib/gcc/arm-none-eabi/13.3.1/../../../../arm-none-eabi/lib/thumb/v7-m/nofp/libg_nano.a(libc_a-reallocr.o)
 .debug_loclists
                0x00000e86       0x68 /home/hillary/.local/share/stm32cube/bundles/gnu-tools-for-stm32/13.3.1+st.9/bin/../lib/gcc/arm-none-eabi/13.3.1/../../../../arm-none-eabi/lib/thumb/v7-m/nofp/libg_nano.a(libc_a-msizer.o)
